Java HotSpot(TM) 64-Bit Server VM (25.162-b12) for windows-amd64 JRE (1.8.0_162-b12), built on Dec 19 2017 20:00:03 by "java_re" with MS VC++ 10.0 (VS2010)
Memory: 4k page, physical 16452116k(7441124k free), swap 24316436k(9720892k free)
CommandLine flags: -XX:InitialHeapSize=268435456 -XX:MaxHeapSize=268435456 -XX:MaxNewSize=89481216 -XX:MaxTenuringThreshold=6 -XX:NewSize=89481216 -XX:OldPLABSize=16 -XX:OldSize=178954240 -XX:+PrintGC -XX:+PrintGCDateStamps -XX:+PrintGCDetails -XX:+PrintGCTimeStamps -XX:+UseCompressedClassPointers -XX:+UseCompressedOops -XX:+UseConcMarkSweepGC -XX:-UseLargePagesIndividualAllocation -XX:+UseParNewGC 
2021-05-16T19:50:55.549+0800: 0.234: [GC (Allocation Failure) 2021-05-16T19:50:55.549+0800: 0.234: [ParNew: 69952K->8696K(78656K), 0.0120244 secs] 69952K->21663K(253440K), 0.0122596 secs] [Times: user=0.00 sys=0.00, real=0.01 secs] 
2021-05-16T19:50:55.579+0800: 0.264: [GC (Allocation Failure) 2021-05-16T19:50:55.579+0800: 0.264: [ParNew: 78648K->8704K(78656K), 0.0099187 secs] 91615K->44686K(253440K), 0.0100210 secs] [Times: user=0.00 sys=0.00, real=0.01 secs] 
2021-05-16T19:50:55.600+0800: 0.286: [GC (Allocation Failure) 2021-05-16T19:50:55.601+0800: 0.286: [ParNew: 78656K->8702K(78656K), 0.0150135 secs] 114638K->64771K(253440K), 0.0151569 secs] [Times: user=0.11 sys=0.02, real=0.02 secs] 
2021-05-16T19:50:55.627+0800: 0.312: [GC (Allocation Failure) 2021-05-16T19:50:55.627+0800: 0.312: [ParNew: 78654K->8702K(78656K), 0.0183605 secs] 134723K->88338K(253440K), 0.0184724 secs] [Times: user=0.11 sys=0.00, real=0.02 secs] 
2021-05-16T19:50:55.657+0800: 0.343: [GC (Allocation Failure) 2021-05-16T19:50:55.657+0800: 0.343: [ParNew: 78654K->8704K(78656K), 0.0177167 secs] 158290K->110967K(253440K), 0.0177854 secs] [Times: user=0.13 sys=0.00, real=0.02 secs] 
2021-05-16T19:50:55.675+0800: 0.361: [GC (CMS Initial Mark) [1 CMS-initial-mark: 102263K(174784K)] 113147K(253440K), 0.0002706 secs] [Times: user=0.00 sys=0.00, real=0.00 secs] 
2021-05-16T19:50:55.676+0800: 0.361: [CMS-concurrent-mark-start]
2021-05-16T19:50:55.677+0800: 0.362: [CMS-concurrent-mark: 0.001/0.001 secs] [Times: user=0.00 sys=0.00, real=0.00 secs] 
2021-05-16T19:50:55.677+0800: 0.362: [CMS-concurrent-preclean-start]
2021-05-16T19:50:55.677+0800: 0.363: [CMS-concurrent-preclean: 0.000/0.000 secs] [Times: user=0.00 sys=0.00, real=0.00 secs] 
2021-05-16T19:50:55.678+0800: 0.363: [CMS-concurrent-abortable-preclean-start]
2021-05-16T19:50:55.687+0800: 0.372: [GC (Allocation Failure) 2021-05-16T19:50:55.687+0800: 0.372: [ParNew: 78370K->8703K(78656K), 0.0203883 secs] 180633K->137094K(253440K), 0.0204746 secs] [Times: user=0.11 sys=0.02, real=0.02 secs] 
2021-05-16T19:50:55.717+0800: 0.402: [GC (Allocation Failure) 2021-05-16T19:50:55.717+0800: 0.402: [ParNew: 78580K->8699K(78656K), 0.0217986 secs] 206971K->164535K(253440K), 0.0219242 secs] [Times: user=0.25 sys=0.00, real=0.02 secs] 
2021-05-16T19:50:55.750+0800: 0.435: [GC (Allocation Failure) 2021-05-16T19:50:55.750+0800: 0.435: [ParNew: 78651K->78651K(78656K), 0.0000209 secs]2021-05-16T19:50:55.750+0800: 0.435: [CMS2021-05-16T19:50:55.750+0800: 0.435: [CMS-concurrent-abortable-preclean: 0.001/0.072 secs] [Times: user=0.39 sys=0.02, real=0.07 secs] 
 (concurrent mode failure): 155835K->153349K(174784K), 0.0279956 secs] 234487K->153349K(253440K), [Metaspace: 2810K->2810K(1056768K)], 0.0281290 secs] [Times: user=0.01 sys=0.00, real=0.03 secs] 
2021-05-16T19:50:55.791+0800: 0.476: [GC (Allocation Failure) 2021-05-16T19:50:55.791+0800: 0.476: [ParNew: 69952K->8700K(78656K), 0.0072067 secs] 223301K->172082K(253440K), 0.0073212 secs] [Times: user=0.11 sys=0.00, real=0.01 secs] 
2021-05-16T19:50:55.798+0800: 0.484: [GC (CMS Initial Mark) [1 CMS-initial-mark: 163381K(174784K)] 173549K(253440K), 0.0003370 secs] [Times: user=0.00 sys=0.00, real=0.00 secs] 
2021-05-16T19:50:55.799+0800: 0.484: [CMS-concurrent-mark-start]
2021-05-16T19:50:55.800+0800: 0.485: [CMS-concurrent-mark: 0.001/0.001 secs] [Times: user=0.00 sys=0.00, real=0.00 secs] 
2021-05-16T19:50:55.800+0800: 0.485: [CMS-concurrent-preclean-start]
2021-05-16T19:50:55.800+0800: 0.485: [CMS-concurrent-preclean: 0.000/0.000 secs] [Times: user=0.00 sys=0.00, real=0.00 secs] 
2021-05-16T19:50:55.800+0800: 0.485: [CMS-concurrent-abortable-preclean-start]
2021-05-16T19:50:55.800+0800: 0.485: [CMS-concurrent-abortable-preclean: 0.000/0.000 secs] [Times: user=0.00 sys=0.00, real=0.00 secs] 
2021-05-16T19:50:55.800+0800: 0.486: [GC (CMS Final Remark) [YG occupancy: 17548 K (78656 K)]2021-05-16T19:50:55.800+0800: 0.486: [Rescan (parallel) , 0.0005170 secs]2021-05-16T19:50:55.801+0800: 0.486: [weak refs processing, 0.0000131 secs]2021-05-16T19:50:55.801+0800: 0.486: [class unloading, 0.0002382 secs]2021-05-16T19:50:55.801+0800: 0.486: [scrub symbol table, 0.0003132 secs]2021-05-16T19:50:55.802+0800: 0.487: [scrub string table, 0.0001194 secs][1 CMS-remark: 163381K(174784K)] 180929K(253440K), 0.0013096 secs] [Times: user=0.00 sys=0.00, real=0.00 secs] 
2021-05-16T19:50:55.802+0800: 0.487: [CMS-concurrent-sweep-start]
2021-05-16T19:50:55.802+0800: 0.487: [CMS-concurrent-sweep: 0.000/0.000 secs] [Times: user=0.00 sys=0.00, real=0.00 secs] 
2021-05-16T19:50:55.802+0800: 0.487: [CMS-concurrent-reset-start]
2021-05-16T19:50:55.802+0800: 0.488: [CMS-concurrent-reset: 0.000/0.000 secs] [Times: user=0.00 sys=0.00, real=0.00 secs] 
2021-05-16T19:50:55.812+0800: 0.497: [GC (Allocation Failure) 2021-05-16T19:50:55.812+0800: 0.497: [ParNew (promotion failed): 78652K->78654K(78656K), 0.0118257 secs]2021-05-16T19:50:55.824+0800: 0.509: [CMS: 173844K->174730K(174784K), 0.0277574 secs] 231482K->175219K(253440K), [Metaspace: 2810K->2810K(1056768K)], 0.0396961 secs] [Times: user=0.03 sys=0.00, real=0.04 secs] 
2021-05-16T19:50:55.852+0800: 0.537: [GC (CMS Initial Mark) [1 CMS-initial-mark: 174730K(174784K)] 175606K(253440K), 0.0005631 secs] [Times: user=0.00 sys=0.00, real=0.00 secs] 
2021-05-16T19:50:55.852+0800: 0.537: [CMS-concurrent-mark-start]
2021-05-16T19:50:55.853+0800: 0.539: [CMS-concurrent-mark: 0.001/0.001 secs] [Times: user=0.00 sys=0.00, real=0.00 secs] 
2021-05-16T19:50:55.854+0800: 0.539: [CMS-concurrent-preclean-start]
2021-05-16T19:50:55.854+0800: 0.540: [CMS-concurrent-preclean: 0.001/0.001 secs] [Times: user=0.00 sys=0.00, real=0.00 secs] 
2021-05-16T19:50:55.854+0800: 0.540: [CMS-concurrent-abortable-preclean-start]
2021-05-16T19:50:55.854+0800: 0.540: [CMS-concurrent-abortable-preclean: 0.000/0.000 secs] [Times: user=0.00 sys=0.00, real=0.00 secs] 
2021-05-16T19:50:55.855+0800: 0.540: [GC (CMS Final Remark) [YG occupancy: 13939 K (78656 K)]2021-05-16T19:50:55.855+0800: 0.540: [Rescan (parallel) , 0.0004300 secs]2021-05-16T19:50:55.855+0800: 0.540: [weak refs processing, 0.0000388 secs]2021-05-16T19:50:55.855+0800: 0.540: [class unloading, 0.0004372 secs]2021-05-16T19:50:55.856+0800: 0.541: [scrub symbol table, 0.0004315 secs]2021-05-16T19:50:55.856+0800: 0.541: [scrub string table, 0.0001969 secs][1 CMS-remark: 174730K(174784K)] 188670K(253440K), 0.0017232 secs] [Times: user=0.00 sys=0.00, real=0.00 secs] 
2021-05-16T19:50:55.857+0800: 0.542: [CMS-concurrent-sweep-start]
2021-05-16T19:50:55.857+0800: 0.542: [CMS-concurrent-sweep: 0.000/0.000 secs] [Times: user=0.00 sys=0.00, real=0.00 secs] 
2021-05-16T19:50:55.857+0800: 0.542: [CMS-concurrent-reset-start]
2021-05-16T19:50:55.857+0800: 0.542: [CMS-concurrent-reset: 0.000/0.000 secs] [Times: user=0.00 sys=0.00, real=0.00 secs] 
2021-05-16T19:50:55.867+0800: 0.552: [GC (Allocation Failure) 2021-05-16T19:50:55.867+0800: 0.552: [ParNew: 78617K->78617K(78656K), 0.0000189 secs]2021-05-16T19:50:55.867+0800: 0.552: [CMS: 174717K->174574K(174784K), 0.0306203 secs] 253334K->189642K(253440K), [Metaspace: 2810K->2810K(1056768K)], 0.0307170 secs] [Times: user=0.03 sys=0.00, real=0.03 secs] 
2021-05-16T19:50:55.898+0800: 0.583: [GC (CMS Initial Mark) [1 CMS-initial-mark: 174574K(174784K)] 191250K(253440K), 0.0006582 secs] [Times: user=0.00 sys=0.00, real=0.00 secs] 
2021-05-16T19:50:55.898+0800: 0.584: [CMS-concurrent-mark-start]
2021-05-16T19:50:55.899+0800: 0.585: [CMS-concurrent-mark: 0.001/0.001 secs] [Times: user=0.00 sys=0.00, real=0.00 secs] 
2021-05-16T19:50:55.900+0800: 0.585: [CMS-concurrent-preclean-start]
2021-05-16T19:50:55.900+0800: 0.586: [CMS-concurrent-preclean: 0.001/0.001 secs] [Times: user=0.00 sys=0.00, real=0.00 secs] 
2021-05-16T19:50:55.901+0800: 0.586: [CMS-concurrent-abortable-preclean-start]
2021-05-16T19:50:55.901+0800: 0.586: [CMS-concurrent-abortable-preclean: 0.000/0.000 secs] [Times: user=0.00 sys=0.00, real=0.00 secs] 
2021-05-16T19:50:55.901+0800: 0.586: [GC (CMS Final Remark) [YG occupancy: 28112 K (78656 K)]2021-05-16T19:50:55.901+0800: 0.586: [Rescan (parallel) , 0.0008920 secs]2021-05-16T19:50:55.902+0800: 0.587: [weak refs processing, 0.0000141 secs]2021-05-16T19:50:55.902+0800: 0.587: [class unloading, 0.0002366 secs]2021-05-16T19:50:55.902+0800: 0.587: [scrub symbol table, 0.0003538 secs]2021-05-16T19:50:55.902+0800: 0.588: [scrub string table, 0.0001176 secs][1 CMS-remark: 174574K(174784K)] 202686K(253440K), 0.0017559 secs] [Times: user=0.00 sys=0.00, real=0.00 secs] 
2021-05-16T19:50:55.903+0800: 0.588: [CMS-concurrent-sweep-start]
2021-05-16T19:50:55.903+0800: 0.588: [CMS-concurrent-sweep: 0.001/0.001 secs] [Times: user=0.00 sys=0.00, real=0.00 secs] 
2021-05-16T19:50:55.903+0800: 0.588: [CMS-concurrent-reset-start]
2021-05-16T19:50:55.904+0800: 0.589: [CMS-concurrent-reset: 0.000/0.000 secs] [Times: user=0.00 sys=0.00, real=0.00 secs] 
2021-05-16T19:50:55.910+0800: 0.595: [GC (Allocation Failure) 2021-05-16T19:50:55.910+0800: 0.596: [ParNew: 78279K->78279K(78656K), 0.0000199 secs]2021-05-16T19:50:55.910+0800: 0.596: [CMS: 174505K->174716K(174784K), 0.0324446 secs] 252784K->199011K(253440K), [Metaspace: 2810K->2810K(1056768K)], 0.0325682 secs] [Times: user=0.03 sys=0.00, real=0.03 secs] 
2021-05-16T19:50:55.943+0800: 0.628: [GC (CMS Initial Mark) [1 CMS-initial-mark: 174716K(174784K)] 201590K(253440K), 0.0006347 secs] [Times: user=0.00 sys=0.00, real=0.00 secs] 
2021-05-16T19:50:55.944+0800: 0.629: [CMS-concurrent-mark-start]
2021-05-16T19:50:55.945+0800: 0.630: [CMS-concurrent-mark: 0.001/0.001 secs] [Times: user=0.00 sys=0.00, real=0.00 secs] 
2021-05-16T19:50:55.945+0800: 0.630: [CMS-concurrent-preclean-start]
2021-05-16T19:50:55.946+0800: 0.631: [CMS-concurrent-preclean: 0.001/0.001 secs] [Times: user=0.00 sys=0.00, real=0.00 secs] 
2021-05-16T19:50:55.946+0800: 0.631: [CMS-concurrent-abortable-preclean-start]
2021-05-16T19:50:55.946+0800: 0.631: [CMS-concurrent-abortable-preclean: 0.000/0.000 secs] [Times: user=0.00 sys=0.00, real=0.00 secs] 
2021-05-16T19:50:55.946+0800: 0.631: [GC (CMS Final Remark) [YG occupancy: 42281 K (78656 K)]2021-05-16T19:50:55.946+0800: 0.631: [Rescan (parallel) , 0.0007504 secs]2021-05-16T19:50:55.947+0800: 0.632: [weak refs processing, 0.0000140 secs]2021-05-16T19:50:55.947+0800: 0.632: [class unloading, 0.0002401 secs]2021-05-16T19:50:55.947+0800: 0.633: [scrub symbol table, 0.0003988 secs]2021-05-16T19:50:55.948+0800: 0.633: [scrub string table, 0.0001133 secs][1 CMS-remark: 174716K(174784K)] 216997K(253440K), 0.0015937 secs] [Times: user=0.00 sys=0.00, real=0.00 secs] 
2021-05-16T19:50:55.948+0800: 0.633: [CMS-concurrent-sweep-start]
2021-05-16T19:50:55.948+0800: 0.634: [CMS-concurrent-sweep: 0.000/0.000 secs] [Times: user=0.00 sys=0.00, real=0.00 secs] 
2021-05-16T19:50:55.948+0800: 0.634: [CMS-concurrent-reset-start]
2021-05-16T19:50:55.949+0800: 0.634: [CMS-concurrent-reset: 0.000/0.000 secs] [Times: user=0.00 sys=0.00, real=0.00 secs] 
2021-05-16T19:50:55.955+0800: 0.641: [GC (Allocation Failure) 2021-05-16T19:50:55.958+0800: 0.643: [ParNew: 78638K->78638K(78656K), 0.0000522 secs]2021-05-16T19:50:55.958+0800: 0.643: [CMS: 173901K->174690K(174784K), 0.0340697 secs] 252540K->210400K(253440K), [Metaspace: 2810K->2810K(1056768K)], 0.0368751 secs] [Times: user=0.03 sys=0.00, real=0.04 secs] 
2021-05-16T19:50:55.992+0800: 0.678: [GC (CMS Initial Mark) [1 CMS-initial-mark: 174690K(174784K)] 211869K(253440K), 0.0004821 secs] [Times: user=0.00 sys=0.00, real=0.00 secs] 
2021-05-16T19:50:55.993+0800: 0.678: [CMS-concurrent-mark-start]
2021-05-16T19:50:55.994+0800: 0.679: [CMS-concurrent-mark: 0.001/0.001 secs] [Times: user=0.00 sys=0.00, real=0.00 secs] 
2021-05-16T19:50:55.994+0800: 0.679: [CMS-concurrent-preclean-start]
2021-05-16T19:50:55.995+0800: 0.680: [CMS-concurrent-preclean: 0.001/0.001 secs] [Times: user=0.00 sys=0.00, real=0.00 secs] 
2021-05-16T19:50:55.995+0800: 0.680: [CMS-concurrent-abortable-preclean-start]
2021-05-16T19:50:55.995+0800: 0.680: [CMS-concurrent-abortable-preclean: 0.000/0.000 secs] [Times: user=0.00 sys=0.00, real=0.00 secs] 
2021-05-16T19:50:55.995+0800: 0.681: [GC (CMS Final Remark) [YG occupancy: 53463 K (78656 K)]2021-05-16T19:50:55.996+0800: 0.681: [Rescan (parallel) , 0.0005971 secs]2021-05-16T19:50:55.996+0800: 0.681: [weak refs processing, 0.0000138 secs]2021-05-16T19:50:55.996+0800: 0.681: [class unloading, 0.0002281 secs]2021-05-16T19:50:55.996+0800: 0.682: [scrub symbol table, 0.0003527 secs]2021-05-16T19:50:55.997+0800: 0.682: [scrub string table, 0.0001288 secs][1 CMS-remark: 174690K(174784K)] 228153K(253440K), 0.0014083 secs] [Times: user=0.00 sys=0.00, real=0.00 secs] 
2021-05-16T19:50:55.997+0800: 0.682: [CMS-concurrent-sweep-start]
2021-05-16T19:50:55.997+0800: 0.683: [CMS-concurrent-sweep: 0.000/0.000 secs] [Times: user=0.00 sys=0.00, real=0.00 secs] 
2021-05-16T19:50:55.997+0800: 0.683: [CMS-concurrent-reset-start]
2021-05-16T19:50:55.998+0800: 0.683: [CMS-concurrent-reset: 0.000/0.000 secs] [Times: user=0.00 sys=0.00, real=0.00 secs] 
2021-05-16T19:50:56.003+0800: 0.688: [GC (Allocation Failure) 2021-05-16T19:50:56.003+0800: 0.688: [ParNew: 78261K->78261K(78656K), 0.0000201 secs]2021-05-16T19:50:56.003+0800: 0.688: [CMS: 174509K->174275K(174784K), 0.0353135 secs] 252771K->217555K(253440K), [Metaspace: 2810K->2810K(1056768K)], 0.0354159 secs] [Times: user=0.03 sys=0.00, real=0.04 secs] 
2021-05-16T19:50:56.038+0800: 0.724: [GC (CMS Initial Mark) [1 CMS-initial-mark: 174275K(174784K)] 219259K(253440K), 0.0009634 secs] [Times: user=0.00 sys=0.00, real=0.00 secs] 
2021-05-16T19:50:56.040+0800: 0.725: [CMS-concurrent-mark-start]
2021-05-16T19:50:56.041+0800: 0.726: [CMS-concurrent-mark: 0.001/0.001 secs] [Times: user=0.00 sys=0.00, real=0.00 secs] 
2021-05-16T19:50:56.041+0800: 0.726: [CMS-concurrent-preclean-start]
2021-05-16T19:50:56.042+0800: 0.727: [CMS-concurrent-preclean: 0.001/0.001 secs] [Times: user=0.00 sys=0.00, real=0.00 secs] 
2021-05-16T19:50:56.042+0800: 0.727: [CMS-concurrent-abortable-preclean-start]
2021-05-16T19:50:56.042+0800: 0.727: [CMS-concurrent-abortable-preclean: 0.000/0.000 secs] [Times: user=0.00 sys=0.00, real=0.00 secs] 
2021-05-16T19:50:56.042+0800: 0.727: [GC (CMS Final Remark) [YG occupancy: 56019 K (78656 K)]2021-05-16T19:50:56.042+0800: 0.727: [Rescan (parallel) , 0.0007426 secs]2021-05-16T19:50:56.043+0800: 0.728: [weak refs processing, 0.0000128 secs]2021-05-16T19:50:56.043+0800: 0.728: [class unloading, 0.0002582 secs]2021-05-16T19:50:56.043+0800: 0.728: [scrub symbol table, 0.0004816 secs]2021-05-16T19:50:56.043+0800: 0.729: [scrub string table, 0.0002116 secs][1 CMS-remark: 174275K(174784K)] 230294K(253440K), 0.0017889 secs] [Times: user=0.00 sys=0.00, real=0.00 secs] 
2021-05-16T19:50:56.044+0800: 0.729: [CMS-concurrent-sweep-start]
2021-05-16T19:50:56.044+0800: 0.730: [CMS-concurrent-sweep: 0.000/0.000 secs] [Times: user=0.00 sys=0.00, real=0.00 secs] 
2021-05-16T19:50:56.044+0800: 0.730: [CMS-concurrent-reset-start]
2021-05-16T19:50:56.045+0800: 0.730: [CMS-concurrent-reset: 0.000/0.000 secs] [Times: user=0.00 sys=0.00, real=0.00 secs] 
2021-05-16T19:50:56.048+0800: 0.734: [GC (Allocation Failure) 2021-05-16T19:50:56.048+0800: 0.734: [ParNew: 78627K->78627K(78656K), 0.0000259 secs]2021-05-16T19:50:56.049+0800: 0.734: [CMS: 174275K->174661K(174784K), 0.0353266 secs] 252902K->222509K(253440K), [Metaspace: 2810K->2810K(1056768K)], 0.0354620 secs] [Times: user=0.03 sys=0.00, real=0.04 secs] 
2021-05-16T19:50:56.084+0800: 0.769: [GC (CMS Initial Mark) [1 CMS-initial-mark: 174661K(174784K)] 223881K(253440K), 0.0005484 secs] [Times: user=0.00 sys=0.00, real=0.00 secs] 
2021-05-16T19:50:56.085+0800: 0.770: [CMS-concurrent-mark-start]
2021-05-16T19:50:56.086+0800: 0.771: [CMS-concurrent-mark: 0.001/0.001 secs] [Times: user=0.00 sys=0.00, real=0.00 secs] 
2021-05-16T19:50:56.086+0800: 0.771: [CMS-concurrent-preclean-start]
2021-05-16T19:50:56.087+0800: 0.772: [CMS-concurrent-preclean: 0.001/0.001 secs] [Times: user=0.00 sys=0.00, real=0.00 secs] 
2021-05-16T19:50:56.087+0800: 0.772: [CMS-concurrent-abortable-preclean-start]
2021-05-16T19:50:56.087+0800: 0.772: [CMS-concurrent-abortable-preclean: 0.000/0.000 secs] [Times: user=0.00 sys=0.00, real=0.00 secs] 
2021-05-16T19:50:56.087+0800: 0.772: [GC (CMS Final Remark) [YG occupancy: 63211 K (78656 K)]2021-05-16T19:50:56.087+0800: 0.772: [Rescan (parallel) , 0.0007205 secs]2021-05-16T19:50:56.088+0800: 0.773: [weak refs processing, 0.0000323 secs]2021-05-16T19:50:56.088+0800: 0.773: [class unloading, 0.0002534 secs]2021-05-16T19:50:56.088+0800: 0.773: [scrub symbol table, 0.0003158 secs]2021-05-16T19:50:56.089+0800: 0.774: [scrub string table, 0.0001081 secs][1 CMS-remark: 174661K(174784K)] 237873K(253440K), 0.0015264 secs] [Times: user=0.00 sys=0.00, real=0.00 secs] 
2021-05-16T19:50:56.089+0800: 0.774: [CMS-concurrent-sweep-start]
2021-05-16T19:50:56.089+0800: 0.775: [CMS-concurrent-sweep: 0.000/0.000 secs] [Times: user=0.00 sys=0.00, real=0.00 secs] 
2021-05-16T19:50:56.089+0800: 0.775: [CMS-concurrent-reset-start]
2021-05-16T19:50:56.090+0800: 0.775: [CMS-concurrent-reset: 0.000/0.000 secs] [Times: user=0.00 sys=0.00, real=0.00 secs] 
2021-05-16T19:50:56.091+0800: 0.777: [GC (Allocation Failure) 2021-05-16T19:50:56.091+0800: 0.777: [ParNew: 78192K->78192K(78656K), 0.0000187 secs]2021-05-16T19:50:56.091+0800: 0.777: [CMS: 174661K->174748K(174784K), 0.0381362 secs] 252853K->222861K(253440K), [Metaspace: 2810K->2810K(1056768K)], 0.0382344 secs] [Times: user=0.05 sys=0.00, real=0.04 secs] 
2021-05-16T19:50:56.130+0800: 0.815: [GC (CMS Initial Mark) [1 CMS-initial-mark: 174748K(174784K)] 224704K(253440K), 0.0008520 secs] [Times: user=0.00 sys=0.00, real=0.00 secs] 
2021-05-16T19:50:56.131+0800: 0.816: [CMS-concurrent-mark-start]
2021-05-16T19:50:56.132+0800: 0.817: [CMS-concurrent-mark: 0.001/0.001 secs] [Times: user=0.00 sys=0.00, real=0.00 secs] 
2021-05-16T19:50:56.132+0800: 0.817: [CMS-concurrent-preclean-start]
2021-05-16T19:50:56.133+0800: 0.818: [CMS-concurrent-preclean: 0.001/0.001 secs] [Times: user=0.00 sys=0.00, real=0.00 secs] 
2021-05-16T19:50:56.133+0800: 0.818: [CMS-concurrent-abortable-preclean-start]
2021-05-16T19:50:56.133+0800: 0.818: [CMS-concurrent-abortable-preclean: 0.000/0.000 secs] [Times: user=0.00 sys=0.00, real=0.00 secs] 
2021-05-16T19:50:56.134+0800: 0.819: [GC (CMS Final Remark) [YG occupancy: 65226 K (78656 K)]2021-05-16T19:50:56.134+0800: 0.819: [Rescan (parallel) , 0.0003698 secs]2021-05-16T19:50:56.134+0800: 0.819: [weak refs processing, 0.0000508 secs]2021-05-16T19:50:56.134+0800: 0.819: [class unloading, 0.0004412 secs]2021-05-16T19:50:56.135+0800: 0.820: [scrub symbol table, 0.0003454 secs]2021-05-16T19:50:56.135+0800: 0.820: [scrub string table, 0.0001089 secs][1 CMS-remark: 174748K(174784K)] 239975K(253440K), 0.0014295 secs] [Times: user=0.00 sys=0.00, real=0.00 secs] 
2021-05-16T19:50:56.135+0800: 0.820: [CMS-concurrent-sweep-start]
2021-05-16T19:50:56.136+0800: 0.821: [CMS-concurrent-sweep: 0.000/0.000 secs] [Times: user=0.00 sys=0.00, real=0.00 secs] 
2021-05-16T19:50:56.136+0800: 0.821: [CMS-concurrent-reset-start]
2021-05-16T19:50:56.136+0800: 0.821: [CMS-concurrent-reset: 0.000/0.000 secs] [Times: user=0.00 sys=0.00, real=0.00 secs] 
2021-05-16T19:50:56.137+0800: 0.823: [GC (Allocation Failure) 2021-05-16T19:50:56.137+0800: 0.823: [ParNew: 78548K->78548K(78656K), 0.0000184 secs]2021-05-16T19:50:56.137+0800: 0.823: [CMS: 174021K->174002K(174784K), 0.0363434 secs] 252569K->227271K(253440K), [Metaspace: 2810K->2810K(1056768K)], 0.0364349 secs] [Times: user=0.05 sys=0.00, real=0.04 secs] 
2021-05-16T19:50:56.174+0800: 0.859: [GC (CMS Initial Mark) [1 CMS-initial-mark: 174002K(174784K)] 228463K(253440K), 0.0004473 secs] [Times: user=0.00 sys=0.00, real=0.00 secs] 
2021-05-16T19:50:56.175+0800: 0.860: [CMS-concurrent-mark-start]
2021-05-16T19:50:56.176+0800: 0.861: [CMS-concurrent-mark: 0.001/0.001 secs] [Times: user=0.00 sys=0.00, real=0.00 secs] 
2021-05-16T19:50:56.176+0800: 0.861: [CMS-concurrent-preclean-start]
2021-05-16T19:50:56.177+0800: 0.862: [CMS-concurrent-preclean: 0.001/0.001 secs] [Times: user=0.00 sys=0.00, real=0.00 secs] 
2021-05-16T19:50:56.177+0800: 0.862: [CMS-concurrent-abortable-preclean-start]
2021-05-16T19:50:56.177+0800: 0.862: [CMS-concurrent-abortable-preclean: 0.000/0.000 secs] [Times: user=0.00 sys=0.00, real=0.00 secs] 
2021-05-16T19:50:56.177+0800: 0.863: [GC (CMS Final Remark) [YG occupancy: 67901 K (78656 K)]2021-05-16T19:50:56.178+0800: 0.863: [Rescan (parallel) , 0.0006644 secs]2021-05-16T19:50:56.178+0800: 0.863: [weak refs processing, 0.0000125 secs]2021-05-16T19:50:56.178+0800: 0.863: [class unloading, 0.0002194 secs]2021-05-16T19:50:56.178+0800: 0.864: [scrub symbol table, 0.0004900 secs]2021-05-16T19:50:56.179+0800: 0.864: [scrub string table, 0.0001204 secs][1 CMS-remark: 174002K(174784K)] 241904K(253440K), 0.0015841 secs] [Times: user=0.00 sys=0.00, real=0.00 secs] 
2021-05-16T19:50:56.179+0800: 0.864: [CMS-concurrent-sweep-start]
2021-05-16T19:50:56.180+0800: 0.865: [CMS-concurrent-sweep: 0.000/0.000 secs] [Times: user=0.00 sys=0.00, real=0.00 secs] 
2021-05-16T19:50:56.180+0800: 0.865: [CMS-concurrent-reset-start]
2021-05-16T19:50:56.180+0800: 0.865: [CMS-concurrent-reset: 0.000/0.000 secs] [Times: user=0.00 sys=0.00, real=0.00 secs] 
2021-05-16T19:50:56.181+0800: 0.866: [GC (Allocation Failure) 2021-05-16T19:50:56.181+0800: 0.866: [ParNew: 78382K->78382K(78656K), 0.0000156 secs]2021-05-16T19:50:56.181+0800: 0.866: [CMS: 173919K->174661K(174784K), 0.0373504 secs] 252302K->232883K(253440K), [Metaspace: 2810K->2810K(1056768K)], 0.0374445 secs] [Times: user=0.05 sys=0.00, real=0.04 secs] 
2021-05-16T19:50:56.219+0800: 0.904: [GC (CMS Initial Mark) [1 CMS-initial-mark: 174661K(174784K)] 233543K(253440K), 0.0003188 secs] [Times: user=0.00 sys=0.00, real=0.00 secs] 
2021-05-16T19:50:56.219+0800: 0.904: [CMS-concurrent-mark-start]
2021-05-16T19:50:56.221+0800: 0.906: [CMS-concurrent-mark: 0.002/0.002 secs] [Times: user=0.00 sys=0.00, real=0.00 secs] 
2021-05-16T19:50:56.221+0800: 0.906: [CMS-concurrent-preclean-start]
2021-05-16T19:50:56.222+0800: 0.907: [CMS-concurrent-preclean: 0.001/0.001 secs] [Times: user=0.00 sys=0.00, real=0.00 secs] 
2021-05-16T19:50:56.222+0800: 0.907: [CMS-concurrent-abortable-preclean-start]
2021-05-16T19:50:56.222+0800: 0.907: [CMS-concurrent-abortable-preclean: 0.000/0.000 secs] [Times: user=0.00 sys=0.00, real=0.00 secs] 
2021-05-16T19:50:56.222+0800: 0.908: [GC (CMS Final Remark) [YG occupancy: 77910 K (78656 K)]2021-05-16T19:50:56.222+0800: 0.908: [Rescan (parallel) , 0.0003394 secs]2021-05-16T19:50:56.223+0800: 0.908: [weak refs processing, 0.0000174 secs]2021-05-16T19:50:56.223+0800: 0.908: [class unloading, 0.0003916 secs]2021-05-16T19:50:56.223+0800: 0.908: [scrub symbol table, 0.0004815 secs]2021-05-16T19:50:56.224+0800: 0.909: [scrub string table, 0.0001928 secs][1 CMS-remark: 174661K(174784K)] 252572K(253440K), 0.0015438 secs] [Times: user=0.00 sys=0.00, real=0.00 secs] 
2021-05-16T19:50:56.224+0800: 0.909: [CMS-concurrent-sweep-start]
2021-05-16T19:50:56.224+0800: 0.910: [Full GC (Allocation Failure) 2021-05-16T19:50:56.224+0800: 0.910: [CMS2021-05-16T19:50:56.225+0800: 0.910: [CMS-concurrent-sweep: 0.000/0.001 secs] [Times: user=0.00 sys=0.00, real=0.00 secs] 
 (concurrent mode failure): 174661K->174729K(174784K), 0.0375973 secs] 252829K->237693K(253440K), [Metaspace: 2810K->2810K(1056768K)], 0.0376607 secs] [Times: user=0.03 sys=0.00, real=0.04 secs] 
2021-05-16T19:50:56.265+0800: 0.950: [Full GC (Allocation Failure) 2021-05-16T19:50:56.265+0800: 0.950: [CMS: 174756K->174402K(174784K), 0.0370452 secs] 253404K->241365K(253440K), [Metaspace: 2810K->2810K(1056768K)], 0.0371182 secs] [Times: user=0.03 sys=0.00, real=0.04 secs] 
2021-05-16T19:50:56.302+0800: 0.987: [GC (CMS Initial Mark) [1 CMS-initial-mark: 174402K(174784K)] 241956K(253440K), 0.0006797 secs] [Times: user=0.00 sys=0.00, real=0.00 secs] 
2021-05-16T19:50:56.303+0800: 0.988: [CMS-concurrent-mark-start]
2021-05-16T19:50:56.304+0800: 0.989: [CMS-concurrent-mark: 0.001/0.001 secs] [Times: user=0.00 sys=0.00, real=0.00 secs] 
2021-05-16T19:50:56.304+0800: 0.989: [CMS-concurrent-preclean-start]
2021-05-16T19:50:56.305+0800: 0.990: [Full GC (Allocation Failure) 2021-05-16T19:50:56.305+0800: 0.990: [CMS2021-05-16T19:50:56.305+0800: 0.990: [CMS-concurrent-preclean: 0.001/0.001 secs] [Times: user=0.00 sys=0.00, real=0.00 secs] 
 (concurrent mode failure): 174402K->174752K(174784K), 0.0351949 secs] 252382K->244107K(253440K), [Metaspace: 2810K->2810K(1056768K)], 0.0352519 secs] [Times: user=0.03 sys=0.00, real=0.03 secs] 
2021-05-16T19:50:56.342+0800: 1.027: [Full GC (Allocation Failure) 2021-05-16T19:50:56.342+0800: 1.027: [CMS: 174752K->174775K(174784K), 0.0438459 secs] 253065K->243212K(253440K), [Metaspace: 2810K->2810K(1056768K)], 0.0439188 secs] [Times: user=0.05 sys=0.00, real=0.04 secs] 
2021-05-16T19:50:56.386+0800: 1.071: [GC (CMS Initial Mark) [1 CMS-initial-mark: 174775K(174784K)] 243555K(253440K), 0.0003199 secs] [Times: user=0.00 sys=0.00, real=0.00 secs] 
2021-05-16T19:50:56.386+0800: 1.072: [CMS-concurrent-mark-start]
2021-05-16T19:50:56.388+0800: 1.073: [CMS-concurrent-mark: 0.001/0.001 secs] [Times: user=0.00 sys=0.00, real=0.00 secs] 
2021-05-16T19:50:56.388+0800: 1.073: [CMS-concurrent-preclean-start]
2021-05-16T19:50:56.389+0800: 1.075: [CMS-concurrent-preclean: 0.001/0.001 secs] [Times: user=0.00 sys=0.00, real=0.00 secs] 
2021-05-16T19:50:56.389+0800: 1.075: [CMS-concurrent-abortable-preclean-start]
2021-05-16T19:50:56.389+0800: 1.075: [CMS-concurrent-abortable-preclean: 0.000/0.000 secs] [Times: user=0.00 sys=0.00, real=0.00 secs] 
2021-05-16T19:50:56.391+0800: 1.076: [GC (CMS Final Remark) [YG occupancy: 73878 K (78656 K)]2021-05-16T19:50:56.391+0800: 1.076: [Rescan (parallel) , 0.0003206 secs]2021-05-16T19:50:56.391+0800: 1.077: [weak refs processing, 0.0000188 secs]2021-05-16T19:50:56.391+0800: 1.077: [class unloading, 0.0003541 secs]2021-05-16T19:50:56.392+0800: 1.077: [scrub symbol table, 0.0005798 secs]2021-05-16T19:50:56.392+0800: 1.078: [scrub string table, 0.0002099 secs][1 CMS-remark: 174775K(174784K)] 248653K(253440K), 0.0016432 secs] [Times: user=0.00 sys=0.00, real=0.00 secs] 
2021-05-16T19:50:56.394+0800: 1.079: [CMS-concurrent-sweep-start]
2021-05-16T19:50:56.395+0800: 1.080: [Full GC (Allocation Failure) 2021-05-16T19:50:56.395+0800: 1.080: [CMS2021-05-16T19:50:56.395+0800: 1.080: [CMS-concurrent-sweep: 0.000/0.001 secs] [Times: user=0.00 sys=0.00, real=0.00 secs] 
 (concurrent mode failure): 174775K->174726K(174784K), 0.0468713 secs] 253405K->245038K(253440K), [Metaspace: 2810K->2810K(1056768K)], 0.0469825 secs] [Times: user=0.05 sys=0.00, real=0.05 secs] 
2021-05-16T19:50:56.443+0800: 1.128: [Full GC (Allocation Failure) 2021-05-16T19:50:56.443+0800: 1.128: [CMS: 174726K->174700K(174784K), 0.0417578 secs] 253378K->246472K(253440K), [Metaspace: 2810K->2810K(1056768K)], 0.0418543 secs] [Times: user=0.05 sys=0.00, real=0.04 secs] 
2021-05-16T19:50:56.485+0800: 1.170: [GC (CMS Initial Mark) [1 CMS-initial-mark: 174700K(174784K)] 246632K(253440K), 0.0002411 secs] [Times: user=0.00 sys=0.00, real=0.00 secs] 
2021-05-16T19:50:56.485+0800: 1.170: [CMS-concurrent-mark-start]
2021-05-16T19:50:56.487+0800: 1.172: [CMS-concurrent-mark: 0.001/0.001 secs] [Times: user=0.00 sys=0.00, real=0.00 secs] 
2021-05-16T19:50:56.487+0800: 1.172: [CMS-concurrent-preclean-start]
Heap
 par new generation   total 78656K, used 71993K [0x00000000f0000000, 0x00000000f5550000, 0x00000000f5550000)
  eden space 69952K, 100% used [0x00000000f0000000, 0x00000000f4450000, 0x00000000f4450000)
  from space 8704K,  23% used [0x00000000f4cd0000, 0x00000000f4ece418, 0x00000000f5550000)
  to   space 8704K,   0% used [0x00000000f4450000, 0x00000000f4450000, 0x00000000f4cd0000)
 concurrent mark-sweep generation total 174784K, used 174700K [0x00000000f5550000, 0x0000000100000000, 0x0000000100000000)
 Metaspace       used 2816K, capacity 4486K, committed 4864K, reserved 1056768K
  class space    used 304K, capacity 386K, committed 512K, reserved 1048576K
