Java HotSpot(TM) 64-Bit Server VM (25.162-b12) for windows-amd64 JRE (1.8.0_162-b12), built on Dec 19 2017 20:00:03 by "java_re" with MS VC++ 10.0 (VS2010)
Memory: 4k page, physical 16452116k(7241400k free), swap 24316436k(9101216k free)
CommandLine flags: -XX:InitialHeapSize=1073741824 -XX:MaxHeapSize=1073741824 -XX:ParallelGCThreads=1 -XX:+PrintGC -XX:+PrintGCDateStamps -XX:+PrintGCDetails -XX:+PrintGCTimeStamps -XX:+UseCompressedClassPointers -XX:+UseCompressedOops -XX:+UseG1GC -XX:-UseLargePagesIndividualAllocation 
2021-05-16T20:06:31.686+0800: 0.254: [GC pause (G1 Evacuation Pause) (young), 0.0144984 secs]
   [Parallel Time: 14.1 ms, GC Workers: 1]
      [GC Worker Start (ms):  253.7]
      [Ext Root Scanning (ms):  0.5]
      [Update RS (ms):  0.0]
         [Processed Buffers:  0]
      [Scan RS (ms):  0.0]
      [Code Root Scanning (ms):  0.0]
      [Object Copy (ms):  13.4]
      [Termination (ms):  0.0]
         [Termination Attempts:  1]
      [GC Worker Other (ms):  0.0]
      [GC Worker Total (ms):  14.0]
      [GC Worker End (ms):  267.7]
   [Code Root Fixup: 0.0 ms]
   [Code Root Purge: 0.0 ms]
   [Clear CT: 0.0 ms]
   [Other: 0.3 ms]
      [Choose CSet: 0.0 ms]
      [Ref Proc: 0.1 ms]
      [Ref Enq: 0.0 ms]
      [Redirty Cards: 0.0 ms]
      [Humongous Register: 0.0 ms]
      [Humongous Reclaim: 0.0 ms]
      [Free CSet: 0.0 ms]
   [Eden: 51.0M(51.0M)->0.0B(44.0M) Survivors: 0.0B->7168.0K Heap: 68.1M(1024.0M)->26.9M(1024.0M)]
 [Times: user=0.00 sys=0.01, real=0.01 secs] 
2021-05-16T20:06:31.719+0800: 0.287: [GC pause (G1 Evacuation Pause) (young), 0.0150730 secs]
   [Parallel Time: 14.4 ms, GC Workers: 1]
      [GC Worker Start (ms):  286.7]
      [Ext Root Scanning (ms):  0.4]
      [Update RS (ms):  0.0]
         [Processed Buffers:  3]
      [Scan RS (ms):  0.2]
      [Code Root Scanning (ms):  0.0]
      [Object Copy (ms):  13.6]
      [Termination (ms):  0.0]
         [Termination Attempts:  1]
      [GC Worker Other (ms):  0.0]
      [GC Worker Total (ms):  14.3]
      [GC Worker End (ms):  300.9]
   [Code Root Fixup: 0.0 ms]
   [Code Root Purge: 0.0 ms]
   [Clear CT: 0.1 ms]
   [Other: 0.5 ms]
      [Choose CSet: 0.0 ms]
      [Ref Proc: 0.2 ms]
      [Ref Enq: 0.0 ms]
      [Redirty Cards: 0.1 ms]
      [Humongous Register: 0.0 ms]
      [Humongous Reclaim: 0.0 ms]
      [Free CSet: 0.0 ms]
   [Eden: 44.0M(44.0M)->0.0B(44.0M) Survivors: 7168.0K->7168.0K Heap: 81.3M(1024.0M)->47.7M(1024.0M)]
 [Times: user=0.01 sys=0.00, real=0.01 secs] 
2021-05-16T20:06:31.751+0800: 0.318: [GC pause (G1 Evacuation Pause) (young), 0.0123987 secs]
   [Parallel Time: 11.8 ms, GC Workers: 1]
      [GC Worker Start (ms):  317.9]
      [Ext Root Scanning (ms):  0.2]
      [Update RS (ms):  0.4]
         [Processed Buffers:  10]
      [Scan RS (ms):  0.0]
      [Code Root Scanning (ms):  0.0]
      [Object Copy (ms):  11.0]
      [Termination (ms):  0.0]
         [Termination Attempts:  1]
      [GC Worker Other (ms):  0.0]
      [GC Worker Total (ms):  11.6]
      [GC Worker End (ms):  329.5]
   [Code Root Fixup: 0.0 ms]
   [Code Root Purge: 0.0 ms]
   [Clear CT: 0.1 ms]
   [Other: 0.5 ms]
      [Choose CSet: 0.0 ms]
      [Ref Proc: 0.1 ms]
      [Ref Enq: 0.0 ms]
      [Redirty Cards: 0.2 ms]
      [Humongous Register: 0.0 ms]
      [Humongous Reclaim: 0.0 ms]
      [Free CSet: 0.0 ms]
   [Eden: 44.0M(44.0M)->0.0B(44.0M) Survivors: 7168.0K->7168.0K Heap: 105.5M(1024.0M)->68.0M(1024.0M)]
 [Times: user=0.02 sys=0.00, real=0.01 secs] 
2021-05-16T20:06:31.780+0800: 0.347: [GC pause (G1 Evacuation Pause) (young), 0.0129292 secs]
   [Parallel Time: 12.5 ms, GC Workers: 1]
      [GC Worker Start (ms):  346.9]
      [Ext Root Scanning (ms):  0.4]
      [Update RS (ms):  0.2]
         [Processed Buffers:  6]
      [Scan RS (ms):  0.0]
      [Code Root Scanning (ms):  0.0]
      [Object Copy (ms):  11.8]
      [Termination (ms):  0.0]
         [Termination Attempts:  1]
      [GC Worker Other (ms):  0.0]
      [GC Worker Total (ms):  12.4]
      [GC Worker End (ms):  359.3]
   [Code Root Fixup: 0.0 ms]
   [Code Root Purge: 0.0 ms]
   [Clear CT: 0.1 ms]
   [Other: 0.4 ms]
      [Choose CSet: 0.0 ms]
      [Ref Proc: 0.1 ms]
      [Ref Enq: 0.0 ms]
      [Redirty Cards: 0.1 ms]
      [Humongous Register: 0.0 ms]
      [Humongous Reclaim: 0.0 ms]
      [Free CSet: 0.0 ms]
   [Eden: 44.0M(44.0M)->0.0B(44.0M) Survivors: 7168.0K->7168.0K Heap: 126.2M(1024.0M)->88.3M(1024.0M)]
 [Times: user=0.02 sys=0.00, real=0.01 secs] 
2021-05-16T20:06:31.806+0800: 0.373: [GC pause (G1 Evacuation Pause) (young), 0.0109021 secs]
   [Parallel Time: 10.2 ms, GC Workers: 1]
      [GC Worker Start (ms):  373.5]
      [Ext Root Scanning (ms):  0.2]
      [Update RS (ms):  0.2]
         [Processed Buffers:  7]
      [Scan RS (ms):  0.0]
      [Code Root Scanning (ms):  0.0]
      [Object Copy (ms):  9.6]
      [Termination (ms):  0.0]
         [Termination Attempts:  1]
      [GC Worker Other (ms):  0.0]
      [GC Worker Total (ms):  10.0]
      [GC Worker End (ms):  383.5]
   [Code Root Fixup: 0.0 ms]
   [Code Root Purge: 0.0 ms]
   [Clear CT: 0.1 ms]
   [Other: 0.6 ms]
      [Choose CSet: 0.0 ms]
      [Ref Proc: 0.2 ms]
      [Ref Enq: 0.0 ms]
      [Redirty Cards: 0.2 ms]
      [Humongous Register: 0.1 ms]
      [Humongous Reclaim: 0.0 ms]
      [Free CSet: 0.0 ms]
   [Eden: 44.0M(44.0M)->0.0B(44.0M) Survivors: 7168.0K->7168.0K Heap: 141.8M(1024.0M)->108.0M(1024.0M)]
 [Times: user=0.01 sys=0.00, real=0.01 secs] 
2021-05-16T20:06:31.829+0800: 0.397: [GC pause (G1 Evacuation Pause) (young), 0.0113888 secs]
   [Parallel Time: 10.7 ms, GC Workers: 1]
      [GC Worker Start (ms):  396.8]
      [Ext Root Scanning (ms):  0.3]
      [Update RS (ms):  0.4]
         [Processed Buffers:  10]
      [Scan RS (ms):  0.0]
      [Code Root Scanning (ms):  0.0]
      [Object Copy (ms):  9.8]
      [Termination (ms):  0.0]
         [Termination Attempts:  1]
      [GC Worker Other (ms):  0.0]
      [GC Worker Total (ms):  10.5]
      [GC Worker End (ms):  407.3]
   [Code Root Fixup: 0.0 ms]
   [Code Root Purge: 0.0 ms]
   [Clear CT: 0.2 ms]
   [Other: 0.6 ms]
      [Choose CSet: 0.0 ms]
      [Ref Proc: 0.2 ms]
      [Ref Enq: 0.0 ms]
      [Redirty Cards: 0.1 ms]
      [Humongous Register: 0.0 ms]
      [Humongous Reclaim: 0.0 ms]
      [Free CSet: 0.0 ms]
   [Eden: 44.0M(44.0M)->0.0B(44.0M) Survivors: 7168.0K->7168.0K Heap: 160.3M(1024.0M)->126.0M(1024.0M)]
 [Times: user=0.02 sys=0.00, real=0.01 secs] 
2021-05-16T20:06:31.853+0800: 0.420: [GC pause (G1 Evacuation Pause) (young), 0.0132201 secs]
   [Parallel Time: 12.3 ms, GC Workers: 1]
      [GC Worker Start (ms):  419.9]
      [Ext Root Scanning (ms):  0.4]
      [Update RS (ms):  1.3]
         [Processed Buffers:  16]
      [Scan RS (ms):  0.0]
      [Code Root Scanning (ms):  0.0]
      [Object Copy (ms):  10.3]
      [Termination (ms):  0.0]
         [Termination Attempts:  1]
      [GC Worker Other (ms):  0.0]
      [GC Worker Total (ms):  12.2]
      [GC Worker End (ms):  432.1]
   [Code Root Fixup: 0.0 ms]
   [Code Root Purge: 0.0 ms]
   [Clear CT: 0.2 ms]
   [Other: 0.8 ms]
      [Choose CSet: 0.0 ms]
      [Ref Proc: 0.2 ms]
      [Ref Enq: 0.0 ms]
      [Redirty Cards: 0.2 ms]
      [Humongous Register: 0.1 ms]
      [Humongous Reclaim: 0.1 ms]
      [Free CSet: 0.0 ms]
   [Eden: 44.0M(44.0M)->0.0B(44.0M) Survivors: 7168.0K->7168.0K Heap: 177.6M(1024.0M)->143.6M(1024.0M)]
 [Times: user=0.01 sys=0.00, real=0.01 secs] 
2021-05-16T20:06:31.880+0800: 0.447: [GC pause (G1 Evacuation Pause) (young), 0.0144111 secs]
   [Parallel Time: 13.6 ms, GC Workers: 1]
      [GC Worker Start (ms):  447.4]
      [Ext Root Scanning (ms):  0.2]
      [Update RS (ms):  0.5]
         [Processed Buffers:  9]
      [Scan RS (ms):  0.0]
      [Code Root Scanning (ms):  0.0]
      [Object Copy (ms):  12.8]
      [Termination (ms):  0.0]
         [Termination Attempts:  1]
      [GC Worker Other (ms):  0.0]
      [GC Worker Total (ms):  13.5]
      [GC Worker End (ms):  460.9]
   [Code Root Fixup: 0.0 ms]
   [Code Root Purge: 0.0 ms]
   [Clear CT: 0.2 ms]
   [Other: 0.6 ms]
      [Choose CSet: 0.0 ms]
      [Ref Proc: 0.2 ms]
      [Ref Enq: 0.0 ms]
      [Redirty Cards: 0.1 ms]
      [Humongous Register: 0.1 ms]
      [Humongous Reclaim: 0.0 ms]
      [Free CSet: 0.0 ms]
   [Eden: 44.0M(44.0M)->0.0B(44.0M) Survivors: 7168.0K->7168.0K Heap: 200.9M(1024.0M)->163.6M(1024.0M)]
 [Times: user=0.00 sys=0.02, real=0.01 secs] 
2021-05-16T20:06:31.905+0800: 0.472: [GC pause (G1 Evacuation Pause) (young), 0.0082143 secs]
   [Parallel Time: 7.5 ms, GC Workers: 1]
      [GC Worker Start (ms):  472.6]
      [Ext Root Scanning (ms):  0.2]
      [Update RS (ms):  0.5]
         [Processed Buffers:  12]
      [Scan RS (ms):  0.0]
      [Code Root Scanning (ms):  0.0]
      [Object Copy (ms):  6.7]
      [Termination (ms):  0.0]
         [Termination Attempts:  1]
      [GC Worker Other (ms):  0.0]
      [GC Worker Total (ms):  7.3]
      [GC Worker End (ms):  479.9]
   [Code Root Fixup: 0.0 ms]
   [Code Root Purge: 0.0 ms]
   [Clear CT: 0.1 ms]
   [Other: 0.6 ms]
      [Choose CSet: 0.0 ms]
      [Ref Proc: 0.2 ms]
      [Ref Enq: 0.0 ms]
      [Redirty Cards: 0.1 ms]
      [Humongous Register: 0.1 ms]
      [Humongous Reclaim: 0.0 ms]
      [Free CSet: 0.0 ms]
   [Eden: 44.0M(44.0M)->0.0B(50.0M) Survivors: 7168.0K->7168.0K Heap: 214.1M(1024.0M)->177.4M(1024.0M)]
 [Times: user=0.02 sys=0.00, real=0.01 secs] 
2021-05-16T20:06:31.928+0800: 0.495: [GC pause (G1 Evacuation Pause) (young), 0.0146768 secs]
   [Parallel Time: 14.0 ms, GC Workers: 1]
      [GC Worker Start (ms):  495.4]
      [Ext Root Scanning (ms):  0.3]
      [Update RS (ms):  0.5]
         [Processed Buffers:  11]
      [Scan RS (ms):  0.0]
      [Code Root Scanning (ms):  0.0]
      [Object Copy (ms):  13.1]
      [Termination (ms):  0.0]
         [Termination Attempts:  1]
      [GC Worker Other (ms):  0.0]
      [GC Worker Total (ms):  13.9]
      [GC Worker End (ms):  509.3]
   [Code Root Fixup: 0.0 ms]
   [Code Root Purge: 0.0 ms]
   [Clear CT: 0.2 ms]
   [Other: 0.5 ms]
      [Choose CSet: 0.0 ms]
      [Ref Proc: 0.1 ms]
      [Ref Enq: 0.0 ms]
      [Redirty Cards: 0.1 ms]
      [Humongous Register: 0.1 ms]
      [Humongous Reclaim: 0.1 ms]
      [Free CSet: 0.0 ms]
   [Eden: 50.0M(50.0M)->0.0B(61.0M) Survivors: 7168.0K->8192.0K Heap: 235.9M(1024.0M)->193.4M(1024.0M)]
 [Times: user=0.02 sys=0.00, real=0.02 secs] 
2021-05-16T20:06:31.970+0800: 0.538: [GC pause (G1 Evacuation Pause) (young), 0.0197135 secs]
   [Parallel Time: 18.8 ms, GC Workers: 1]
      [GC Worker Start (ms):  537.7]
      [Ext Root Scanning (ms):  0.3]
      [Update RS (ms):  0.5]
         [Processed Buffers:  12]
      [Scan RS (ms):  0.0]
      [Code Root Scanning (ms):  0.0]
      [Object Copy (ms):  17.9]
      [Termination (ms):  0.0]
         [Termination Attempts:  1]
      [GC Worker Other (ms):  0.0]
      [GC Worker Total (ms):  18.7]
      [GC Worker End (ms):  556.4]
   [Code Root Fixup: 0.0 ms]
   [Code Root Purge: 0.0 ms]
   [Clear CT: 0.2 ms]
   [Other: 0.6 ms]
      [Choose CSet: 0.0 ms]
      [Ref Proc: 0.1 ms]
      [Ref Enq: 0.0 ms]
      [Redirty Cards: 0.1 ms]
      [Humongous Register: 0.1 ms]
      [Humongous Reclaim: 0.1 ms]
      [Free CSet: 0.0 ms]
   [Eden: 61.0M(61.0M)->0.0B(65.0M) Survivors: 8192.0K->9216.0K Heap: 275.8M(1024.0M)->219.7M(1024.0M)]
 [Times: user=0.02 sys=0.02, real=0.02 secs] 
2021-05-16T20:06:32.005+0800: 0.572: [GC pause (G1 Evacuation Pause) (young), 0.0192888 secs]
   [Parallel Time: 18.4 ms, GC Workers: 1]
      [GC Worker Start (ms):  572.6]
      [Ext Root Scanning (ms):  0.3]
      [Update RS (ms):  0.5]
         [Processed Buffers:  13]
      [Scan RS (ms):  0.0]
      [Code Root Scanning (ms):  0.0]
      [Object Copy (ms):  17.3]
      [Termination (ms):  0.0]
         [Termination Attempts:  1]
      [GC Worker Other (ms):  0.0]
      [GC Worker Total (ms):  18.2]
      [GC Worker End (ms):  590.8]
   [Code Root Fixup: 0.0 ms]
   [Code Root Purge: 0.0 ms]
   [Clear CT: 0.1 ms]
   [Other: 0.8 ms]
      [Choose CSet: 0.0 ms]
      [Ref Proc: 0.1 ms]
      [Ref Enq: 0.0 ms]
      [Redirty Cards: 0.0 ms]
      [Humongous Register: 0.1 ms]
      [Humongous Reclaim: 0.2 ms]
      [Free CSet: 0.1 ms]
   [Eden: 65.0M(65.0M)->0.0B(71.0M) Survivors: 9216.0K->10.0M Heap: 299.5M(1024.0M)->248.0M(1024.0M)]
 [Times: user=0.00 sys=0.02, real=0.02 secs] 
2021-05-16T20:06:32.055+0800: 0.622: [GC pause (G1 Evacuation Pause) (young), 0.0213711 secs]
   [Parallel Time: 20.6 ms, GC Workers: 1]
      [GC Worker Start (ms):  622.6]
      [Ext Root Scanning (ms):  0.5]
      [Update RS (ms):  0.8]
         [Processed Buffers:  14]
      [Scan RS (ms):  0.0]
      [Code Root Scanning (ms):  0.0]
      [Object Copy (ms):  19.1]
      [Termination (ms):  0.0]
         [Termination Attempts:  1]
      [GC Worker Other (ms):  0.0]
      [GC Worker Total (ms):  20.5]
      [GC Worker End (ms):  643.0]
   [Code Root Fixup: 0.0 ms]
   [Code Root Purge: 0.0 ms]
   [Clear CT: 0.1 ms]
   [Other: 0.6 ms]
      [Choose CSet: 0.0 ms]
      [Ref Proc: 0.2 ms]
      [Ref Enq: 0.0 ms]
      [Redirty Cards: 0.2 ms]
      [Humongous Register: 0.1 ms]
      [Humongous Reclaim: 0.1 ms]
      [Free CSet: 0.0 ms]
   [Eden: 71.0M(71.0M)->0.0B(87.0M) Survivors: 10.0M->11.0M Heap: 346.2M(1024.0M)->281.3M(1024.0M)]
 [Times: user=0.01 sys=0.00, real=0.02 secs] 
2021-05-16T20:06:32.106+0800: 0.673: [GC pause (G1 Evacuation Pause) (young), 0.0254362 secs]
   [Parallel Time: 24.7 ms, GC Workers: 1]
      [GC Worker Start (ms):  673.3]
      [Ext Root Scanning (ms):  0.2]
      [Update RS (ms):  0.7]
         [Processed Buffers:  15]
      [Scan RS (ms):  0.0]
      [Code Root Scanning (ms):  0.0]
      [Object Copy (ms):  23.6]
      [Termination (ms):  0.0]
         [Termination Attempts:  1]
      [GC Worker Other (ms):  0.0]
      [GC Worker Total (ms):  24.5]
      [GC Worker End (ms):  697.9]
   [Code Root Fixup: 0.0 ms]
   [Code Root Purge: 0.0 ms]
   [Clear CT: 0.1 ms]
   [Other: 0.6 ms]
      [Choose CSet: 0.0 ms]
      [Ref Proc: 0.2 ms]
      [Ref Enq: 0.0 ms]
      [Redirty Cards: 0.1 ms]
      [Humongous Register: 0.1 ms]
      [Humongous Reclaim: 0.1 ms]
      [Free CSet: 0.0 ms]
   [Eden: 87.0M(87.0M)->0.0B(94.0M) Survivors: 11.0M->13.0M Heap: 389.9M(1024.0M)->308.8M(1024.0M)]
 [Times: user=0.03 sys=0.00, real=0.03 secs] 
2021-05-16T20:06:32.160+0800: 0.727: [GC pause (G1 Evacuation Pause) (young), 0.0284297 secs]
   [Parallel Time: 27.6 ms, GC Workers: 1]
      [GC Worker Start (ms):  727.7]
      [Ext Root Scanning (ms):  0.2]
      [Update RS (ms):  0.9]
         [Processed Buffers:  21]
      [Scan RS (ms):  0.0]
      [Code Root Scanning (ms):  0.0]
      [Object Copy (ms):  26.2]
      [Termination (ms):  0.0]
         [Termination Attempts:  1]
      [GC Worker Other (ms):  0.0]
      [GC Worker Total (ms):  27.4]
      [GC Worker End (ms):  755.1]
   [Code Root Fixup: 0.0 ms]
   [Code Root Purge: 0.0 ms]
   [Clear CT: 0.2 ms]
   [Other: 0.7 ms]
      [Choose CSet: 0.0 ms]
      [Ref Proc: 0.1 ms]
      [Ref Enq: 0.0 ms]
      [Redirty Cards: 0.1 ms]
      [Humongous Register: 0.1 ms]
      [Humongous Reclaim: 0.1 ms]
      [Free CSet: 0.0 ms]
   [Eden: 94.0M(94.0M)->0.0B(495.0M) Survivors: 13.0M->14.0M Heap: 430.7M(1024.0M)->344.4M(1024.0M)]
 [Times: user=0.02 sys=0.00, real=0.03 secs] 
2021-05-16T20:06:32.314+0800: 0.882: [GC pause (G1 Humongous Allocation) (young) (initial-mark), 0.0514670 secs]
   [Parallel Time: 50.4 ms, GC Workers: 1]
      [GC Worker Start (ms):  882.1]
      [Ext Root Scanning (ms):  0.2]
      [Update RS (ms):  0.9]
         [Processed Buffers:  21]
      [Scan RS (ms):  0.0]
      [Code Root Scanning (ms):  0.0]
      [Object Copy (ms):  49.0]
      [Termination (ms):  0.0]
         [Termination Attempts:  1]
      [GC Worker Other (ms):  0.0]
      [GC Worker Total (ms):  50.2]
      [GC Worker End (ms):  932.3]
   [Code Root Fixup: 0.0 ms]
   [Code Root Purge: 0.0 ms]
   [Clear CT: 0.2 ms]
   [Other: 0.9 ms]
      [Choose CSet: 0.0 ms]
      [Ref Proc: 0.2 ms]
      [Ref Enq: 0.0 ms]
      [Redirty Cards: 0.1 ms]
      [Humongous Register: 0.1 ms]
      [Humongous Reclaim: 0.1 ms]
      [Free CSet: 0.1 ms]
   [Eden: 209.0M(495.0M)->0.0B(132.0M) Survivors: 14.0M->64.0M Heap: 607.9M(1024.0M)->415.6M(1024.0M)]
 [Times: user=0.03 sys=0.03, real=0.05 secs] 
2021-05-16T20:06:32.366+0800: 0.933: [GC concurrent-root-region-scan-start]
2021-05-16T20:06:32.366+0800: 0.934: [GC concurrent-root-region-scan-end, 0.0002930 secs]
2021-05-16T20:06:32.366+0800: 0.934: [GC concurrent-mark-start]
2021-05-16T20:06:32.373+0800: 0.940: [GC concurrent-mark-end, 0.0067162 secs]
2021-05-16T20:06:32.373+0800: 0.941: [GC remark 2021-05-16T20:06:32.373+0800: 0.941: [Finalize Marking, 0.0002014 secs] 2021-05-16T20:06:32.374+0800: 0.941: [GC ref-proc, 0.0001086 secs] 2021-05-16T20:06:32.374+0800: 0.941: [Unloading, 0.0010886 secs], 0.0037367 secs]
 [Times: user=0.00 sys=0.00, real=0.00 secs] 
2021-05-16T20:06:32.378+0800: 0.945: [GC cleanup 455M->435M(1024M), 0.0017753 secs]
 [Times: user=0.00 sys=0.00, real=0.00 secs] 
2021-05-16T20:06:32.379+0800: 0.947: [GC concurrent-cleanup-start]
2021-05-16T20:06:32.379+0800: 0.947: [GC concurrent-cleanup-end, 0.0000200 secs]
2021-05-16T20:06:32.408+0800: 0.975: [GC pause (G1 Evacuation Pause) (young), 0.0406616 secs]
   [Parallel Time: 39.9 ms, GC Workers: 1]
      [GC Worker Start (ms):  975.3]
      [Ext Root Scanning (ms):  0.3]
      [Update RS (ms):  1.2]
         [Processed Buffers:  30]
      [Scan RS (ms):  0.0]
      [Code Root Scanning (ms):  0.0]
      [Object Copy (ms):  38.3]
      [Termination (ms):  0.0]
         [Termination Attempts:  1]
      [GC Worker Other (ms):  0.0]
      [GC Worker Total (ms):  39.9]
      [GC Worker End (ms):  1015.2]
   [Code Root Fixup: 0.0 ms]
   [Code Root Purge: 0.0 ms]
   [Clear CT: 0.1 ms]
   [Other: 0.6 ms]
      [Choose CSet: 0.0 ms]
      [Ref Proc: 0.1 ms]
      [Ref Enq: 0.0 ms]
      [Redirty Cards: 0.0 ms]
      [Humongous Register: 0.1 ms]
      [Humongous Reclaim: 0.2 ms]
      [Free CSet: 0.1 ms]
   [Eden: 132.0M(132.0M)->0.0B(26.0M) Survivors: 64.0M->25.0M Heap: 562.7M(1024.0M)->426.6M(1024.0M)]
 [Times: user=0.03 sys=0.02, real=0.04 secs] 
2021-05-16T20:06:32.457+0800: 1.024: [GC pause (G1 Evacuation Pause) (mixed), 0.0129061 secs]
   [Parallel Time: 12.3 ms, GC Workers: 1]
      [GC Worker Start (ms):  1024.1]
      [Ext Root Scanning (ms):  0.2]
      [Update RS (ms):  1.1]
         [Processed Buffers:  19]
      [Scan RS (ms):  0.1]
      [Code Root Scanning (ms):  0.0]
      [Object Copy (ms):  10.7]
      [Termination (ms):  0.0]
         [Termination Attempts:  1]
      [GC Worker Other (ms):  0.0]
      [GC Worker Total (ms):  12.2]
      [GC Worker End (ms):  1036.3]
   [Code Root Fixup: 0.0 ms]
   [Code Root Purge: 0.0 ms]
   [Clear CT: 0.1 ms]
   [Other: 0.5 ms]
      [Choose CSet: 0.1 ms]
      [Ref Proc: 0.1 ms]
      [Ref Enq: 0.0 ms]
      [Redirty Cards: 0.0 ms]
      [Humongous Register: 0.1 ms]
      [Humongous Reclaim: 0.0 ms]
      [Free CSet: 0.1 ms]
   [Eden: 26.0M(26.0M)->0.0B(44.0M) Survivors: 25.0M->7168.0K Heap: 461.8M(1024.0M)->401.1M(1024.0M)]
 [Times: user=0.00 sys=0.00, real=0.01 secs] 
2021-05-16T20:06:32.482+0800: 1.049: [GC pause (G1 Evacuation Pause) (mixed), 0.0088838 secs]
   [Parallel Time: 8.3 ms, GC Workers: 1]
      [GC Worker Start (ms):  1049.4]
      [Ext Root Scanning (ms):  0.3]
      [Update RS (ms):  1.2]
         [Processed Buffers:  25]
      [Scan RS (ms):  0.1]
      [Code Root Scanning (ms):  0.0]
      [Object Copy (ms):  6.6]
      [Termination (ms):  0.0]
         [Termination Attempts:  1]
      [GC Worker Other (ms):  0.0]
      [GC Worker Total (ms):  8.2]
      [GC Worker End (ms):  1057.6]
   [Code Root Fixup: 0.0 ms]
   [Code Root Purge: 0.0 ms]
   [Clear CT: 0.1 ms]
   [Other: 0.5 ms]
      [Choose CSet: 0.0 ms]
      [Ref Proc: 0.1 ms]
      [Ref Enq: 0.0 ms]
      [Redirty Cards: 0.0 ms]
      [Humongous Register: 0.1 ms]
      [Humongous Reclaim: 0.0 ms]
      [Free CSet: 0.1 ms]
   [Eden: 44.0M(44.0M)->0.0B(269.0M) Survivors: 7168.0K->7168.0K Heap: 452.6M(1024.0M)->376.0M(1024.0M)]
 [Times: user=0.00 sys=0.02, real=0.01 secs] 
2021-05-16T20:06:32.538+0800: 1.105: [GC pause (G1 Humongous Allocation) (young) (initial-mark), 0.0134401 secs]
   [Parallel Time: 12.8 ms, GC Workers: 1]
      [GC Worker Start (ms):  1105.5]
      [Ext Root Scanning (ms):  0.5]
      [Update RS (ms):  1.9]
         [Processed Buffers:  29]
      [Scan RS (ms):  0.1]
      [Code Root Scanning (ms):  0.0]
      [Object Copy (ms):  10.3]
      [Termination (ms):  0.0]
         [Termination Attempts:  1]
      [GC Worker Other (ms):  0.0]
      [GC Worker Total (ms):  12.7]
      [GC Worker End (ms):  1118.2]
   [Code Root Fixup: 0.0 ms]
   [Code Root Purge: 0.0 ms]
   [Clear CT: 0.1 ms]
   [Other: 0.6 ms]
      [Choose CSet: 0.0 ms]
      [Ref Proc: 0.1 ms]
      [Ref Enq: 0.0 ms]
      [Redirty Cards: 0.0 ms]
      [Humongous Register: 0.1 ms]
      [Humongous Reclaim: 0.1 ms]
      [Free CSet: 0.1 ms]
   [Eden: 135.0M(269.0M)->0.0B(313.0M) Survivors: 7168.0K->35.0M Heap: 537.4M(1024.0M)->423.0M(1024.0M)]
 [Times: user=0.01 sys=0.00, real=0.01 secs] 
2021-05-16T20:06:32.552+0800: 1.119: [GC concurrent-root-region-scan-start]
2021-05-16T20:06:32.552+0800: 1.119: [GC concurrent-root-region-scan-end, 0.0001877 secs]
2021-05-16T20:06:32.552+0800: 1.119: [GC concurrent-mark-start]
2021-05-16T20:06:32.560+0800: 1.127: [GC concurrent-mark-end, 0.0076589 secs]
2021-05-16T20:06:32.560+0800: 1.127: [GC remark 2021-05-16T20:06:32.560+0800: 1.127: [Finalize Marking, 0.0001896 secs] 2021-05-16T20:06:32.560+0800: 1.127: [GC ref-proc, 0.0000714 secs] 2021-05-16T20:06:32.560+0800: 1.127: [Unloading, 0.0012443 secs], 0.0045070 secs]
 [Times: user=0.00 sys=0.00, real=0.00 secs] 
2021-05-16T20:06:32.565+0800: 1.132: [GC cleanup 452M->447M(1024M), 0.0014092 secs]
 [Times: user=0.00 sys=0.00, real=0.00 secs] 
2021-05-16T20:06:32.566+0800: 1.133: [GC concurrent-cleanup-start]
2021-05-16T20:06:32.566+0800: 1.133: [GC concurrent-cleanup-end, 0.0000350 secs]
Heap
 garbage-first heap   total 1048576K, used 679328K [0x00000000c0000000, 0x00000000c0102000, 0x0000000100000000)
  region size 1024K, 232 young (237568K), 35 survivors (35840K)
 Metaspace       used 2817K, capacity 4486K, committed 4864K, reserved 1056768K
  class space    used 304K, capacity 386K, committed 512K, reserved 1048576K
