Java HotSpot(TM) 64-Bit Server VM (25.162-b12) for windows-amd64 JRE (1.8.0_162-b12), built on Dec 19 2017 20:00:03 by "java_re" with MS VC++ 10.0 (VS2010)
Memory: 4k page, physical 16452116k(7647660k free), swap 24316436k(9700420k free)
CommandLine flags: -XX:InitialHeapSize=268435456 -XX:MaxHeapSize=268435456 -XX:ParallelGCThreads=1 -XX:+PrintGC -XX:+PrintGCDateStamps -XX:+PrintGCDetails -XX:+PrintGCTimeStamps -XX:+UseCompressedClassPointers -XX:+UseCompressedOops -XX:+UseG1GC -XX:-UseLargePagesIndividualAllocation 
2021-05-16T20:03:20.519+0800: 0.184: [GC pause (G1 Evacuation Pause) (young), 0.0045741 secs]
   [Parallel Time: 4.0 ms, GC Workers: 1]
      [GC Worker Start (ms):  183.9]
      [Ext Root Scanning (ms):  0.9]
      [Update RS (ms):  0.0]
         [Processed Buffers:  0]
      [Scan RS (ms):  0.0]
      [Code Root Scanning (ms):  0.1]
      [Object Copy (ms):  2.9]
      [Termination (ms):  0.0]
         [Termination Attempts:  1]
      [GC Worker Other (ms):  0.1]
      [GC Worker Total (ms):  3.9]
      [GC Worker End (ms):  187.8]
   [Code Root Fixup: 0.0 ms]
   [Code Root Purge: 0.0 ms]
   [Clear CT: 0.2 ms]
   [Other: 0.4 ms]
      [Choose CSet: 0.0 ms]
      [Ref Proc: 0.1 ms]
      [Ref Enq: 0.0 ms]
      [Redirty Cards: 0.1 ms]
      [Humongous Register: 0.0 ms]
      [Humongous Reclaim: 0.0 ms]
      [Free CSet: 0.0 ms]
   [Eden: 12.0M(12.0M)->0.0B(10.0M) Survivors: 0.0B->2048.0K Heap: 15.1M(256.0M)->3670.9K(256.0M)]
 [Times: user=0.00 sys=0.00, real=0.00 secs] 
2021-05-16T20:03:20.528+0800: 0.193: [GC pause (G1 Evacuation Pause) (young), 0.0061601 secs]
   [Parallel Time: 5.8 ms, GC Workers: 1]
      [GC Worker Start (ms):  193.0]
      [Ext Root Scanning (ms):  0.4]
      [Update RS (ms):  0.0]
         [Processed Buffers:  0]
      [Scan RS (ms):  0.0]
      [Code Root Scanning (ms):  0.0]
      [Object Copy (ms):  5.2]
      [Termination (ms):  0.0]
         [Termination Attempts:  1]
      [GC Worker Other (ms):  0.0]
      [GC Worker Total (ms):  5.7]
      [GC Worker End (ms):  198.7]
   [Code Root Fixup: 0.0 ms]
   [Code Root Purge: 0.0 ms]
   [Clear CT: 0.0 ms]
   [Other: 0.4 ms]
      [Choose CSet: 0.0 ms]
      [Ref Proc: 0.1 ms]
      [Ref Enq: 0.0 ms]
      [Redirty Cards: 0.1 ms]
      [Humongous Register: 0.0 ms]
      [Humongous Reclaim: 0.0 ms]
      [Free CSet: 0.0 ms]
   [Eden: 10.0M(10.0M)->0.0B(10.0M) Survivors: 2048.0K->2048.0K Heap: 15.5M(256.0M)->8169.7K(256.0M)]
 [Times: user=0.02 sys=0.00, real=0.01 secs] 
2021-05-16T20:03:20.540+0800: 0.205: [GC pause (G1 Evacuation Pause) (young), 0.0048380 secs]
   [Parallel Time: 4.3 ms, GC Workers: 1]
      [GC Worker Start (ms):  205.4]
      [Ext Root Scanning (ms):  0.4]
      [Update RS (ms):  1.0]
         [Processed Buffers:  5]
      [Scan RS (ms):  0.0]
      [Code Root Scanning (ms):  0.0]
      [Object Copy (ms):  2.8]
      [Termination (ms):  0.0]
         [Termination Attempts:  1]
      [GC Worker Other (ms):  0.0]
      [GC Worker Total (ms):  4.2]
      [GC Worker End (ms):  209.6]
   [Code Root Fixup: 0.0 ms]
   [Code Root Purge: 0.0 ms]
   [Clear CT: 0.1 ms]
   [Other: 0.4 ms]
      [Choose CSet: 0.0 ms]
      [Ref Proc: 0.2 ms]
      [Ref Enq: 0.0 ms]
      [Redirty Cards: 0.1 ms]
      [Humongous Register: 0.0 ms]
      [Humongous Reclaim: 0.0 ms]
      [Free CSet: 0.0 ms]
   [Eden: 10.0M(10.0M)->0.0B(10.0M) Survivors: 2048.0K->2048.0K Heap: 21.3M(256.0M)->12.7M(256.0M)]
 [Times: user=0.00 sys=0.00, real=0.01 secs] 
2021-05-16T20:03:20.552+0800: 0.217: [GC pause (G1 Evacuation Pause) (young), 0.0026896 secs]
   [Parallel Time: 2.2 ms, GC Workers: 1]
      [GC Worker Start (ms):  217.3]
      [Ext Root Scanning (ms):  0.2]
      [Update RS (ms):  0.0]
         [Processed Buffers:  3]
      [Scan RS (ms):  0.0]
      [Code Root Scanning (ms):  0.0]
      [Object Copy (ms):  1.8]
      [Termination (ms):  0.0]
         [Termination Attempts:  1]
      [GC Worker Other (ms):  0.0]
      [GC Worker Total (ms):  2.0]
      [GC Worker End (ms):  219.4]
   [Code Root Fixup: 0.0 ms]
   [Code Root Purge: 0.0 ms]
   [Clear CT: 0.1 ms]
   [Other: 0.4 ms]
      [Choose CSet: 0.0 ms]
      [Ref Proc: 0.2 ms]
      [Ref Enq: 0.0 ms]
      [Redirty Cards: 0.1 ms]
      [Humongous Register: 0.0 ms]
      [Humongous Reclaim: 0.0 ms]
      [Free CSet: 0.0 ms]
   [Eden: 10.0M(10.0M)->0.0B(14.0M) Survivors: 2048.0K->2048.0K Heap: 26.6M(256.0M)->18.4M(256.0M)]
 [Times: user=0.00 sys=0.00, real=0.00 secs] 
2021-05-16T20:03:20.566+0800: 0.231: [GC pause (G1 Evacuation Pause) (young), 0.0039269 secs]
   [Parallel Time: 3.4 ms, GC Workers: 1]
      [GC Worker Start (ms):  231.1]
      [Ext Root Scanning (ms):  0.2]
      [Update RS (ms):  0.0]
         [Processed Buffers:  5]
      [Scan RS (ms):  0.0]
      [Code Root Scanning (ms):  0.0]
      [Object Copy (ms):  3.0]
      [Termination (ms):  0.0]
         [Termination Attempts:  1]
      [GC Worker Other (ms):  0.0]
      [GC Worker Total (ms):  3.3]
      [GC Worker End (ms):  234.3]
   [Code Root Fixup: 0.0 ms]
   [Code Root Purge: 0.0 ms]
   [Clear CT: 0.1 ms]
   [Other: 0.4 ms]
      [Choose CSet: 0.0 ms]
      [Ref Proc: 0.2 ms]
      [Ref Enq: 0.0 ms]
      [Redirty Cards: 0.1 ms]
      [Humongous Register: 0.0 ms]
      [Humongous Reclaim: 0.0 ms]
      [Free CSet: 0.0 ms]
   [Eden: 14.0M(14.0M)->0.0B(37.0M) Survivors: 2048.0K->2048.0K Heap: 35.1M(256.0M)->22.2M(256.0M)]
 [Times: user=0.00 sys=0.00, real=0.00 secs] 
2021-05-16T20:03:20.596+0800: 0.261: [GC pause (G1 Evacuation Pause) (young), 0.0098832 secs]
   [Parallel Time: 9.2 ms, GC Workers: 1]
      [GC Worker Start (ms):  261.5]
      [Ext Root Scanning (ms):  0.4]
      [Update RS (ms):  0.2]
         [Processed Buffers:  7]
      [Scan RS (ms):  0.0]
      [Code Root Scanning (ms):  0.0]
      [Object Copy (ms):  8.5]
      [Termination (ms):  0.0]
         [Termination Attempts:  1]
      [GC Worker Other (ms):  0.0]
      [GC Worker Total (ms):  9.1]
      [GC Worker End (ms):  270.7]
   [Code Root Fixup: 0.0 ms]
   [Code Root Purge: 0.0 ms]
   [Clear CT: 0.2 ms]
   [Other: 0.5 ms]
      [Choose CSet: 0.0 ms]
      [Ref Proc: 0.1 ms]
      [Ref Enq: 0.0 ms]
      [Redirty Cards: 0.2 ms]
      [Humongous Register: 0.0 ms]
      [Humongous Reclaim: 0.0 ms]
      [Free CSet: 0.0 ms]
   [Eden: 37.0M(37.0M)->0.0B(18.0M) Survivors: 2048.0K->5120.0K Heap: 69.5M(256.0M)->37.5M(256.0M)]
 [Times: user=0.00 sys=0.00, real=0.01 secs] 
2021-05-16T20:03:20.612+0800: 0.278: [GC pause (G1 Evacuation Pause) (young), 0.0053972 secs]
   [Parallel Time: 4.8 ms, GC Workers: 1]
      [GC Worker Start (ms):  277.7]
      [Ext Root Scanning (ms):  0.4]
      [Update RS (ms):  0.2]
         [Processed Buffers:  8]
      [Scan RS (ms):  0.0]
      [Code Root Scanning (ms):  0.0]
      [Object Copy (ms):  4.1]
      [Termination (ms):  0.0]
         [Termination Attempts:  1]
      [GC Worker Other (ms):  0.0]
      [GC Worker Total (ms):  4.7]
      [GC Worker End (ms):  282.4]
   [Code Root Fixup: 0.0 ms]
   [Code Root Purge: 0.0 ms]
   [Clear CT: 0.1 ms]
   [Other: 0.5 ms]
      [Choose CSet: 0.0 ms]
      [Ref Proc: 0.2 ms]
      [Ref Enq: 0.0 ms]
      [Redirty Cards: 0.1 ms]
      [Humongous Register: 0.0 ms]
      [Humongous Reclaim: 0.0 ms]
      [Free CSet: 0.0 ms]
   [Eden: 18.0M(18.0M)->0.0B(26.0M) Survivors: 5120.0K->3072.0K Heap: 60.4M(256.0M)->45.9M(256.0M)]
 [Times: user=0.00 sys=0.00, real=0.01 secs] 
2021-05-16T20:03:20.628+0800: 0.294: [GC pause (G1 Evacuation Pause) (young), 0.0066432 secs]
   [Parallel Time: 6.1 ms, GC Workers: 1]
      [GC Worker Start (ms):  293.7]
      [Ext Root Scanning (ms):  0.3]
      [Update RS (ms):  0.6]
         [Processed Buffers:  18]
      [Scan RS (ms):  0.0]
      [Code Root Scanning (ms):  0.0]
      [Object Copy (ms):  5.0]
      [Termination (ms):  0.0]
         [Termination Attempts:  1]
      [GC Worker Other (ms):  0.0]
      [GC Worker Total (ms):  5.9]
      [GC Worker End (ms):  299.6]
   [Code Root Fixup: 0.0 ms]
   [Code Root Purge: 0.0 ms]
   [Clear CT: 0.1 ms]
   [Other: 0.4 ms]
      [Choose CSet: 0.0 ms]
      [Ref Proc: 0.2 ms]
      [Ref Enq: 0.0 ms]
      [Redirty Cards: 0.2 ms]
      [Humongous Register: 0.0 ms]
      [Humongous Reclaim: 0.0 ms]
      [Free CSet: 0.0 ms]
   [Eden: 26.0M(26.0M)->0.0B(34.0M) Survivors: 3072.0K->4096.0K Heap: 81.1M(256.0M)->56.9M(256.0M)]
 [Times: user=0.00 sys=0.00, real=0.01 secs] 
2021-05-16T20:03:20.648+0800: 0.313: [GC pause (G1 Evacuation Pause) (young), 0.0080869 secs]
   [Parallel Time: 7.8 ms, GC Workers: 1]
      [GC Worker Start (ms):  313.2]
      [Ext Root Scanning (ms):  0.2]
      [Update RS (ms):  0.3]
         [Processed Buffers:  9]
      [Scan RS (ms):  0.0]
      [Code Root Scanning (ms):  0.0]
      [Object Copy (ms):  7.1]
      [Termination (ms):  0.0]
         [Termination Attempts:  1]
      [GC Worker Other (ms):  0.0]
      [GC Worker Total (ms):  7.6]
      [GC Worker End (ms):  320.8]
   [Code Root Fixup: 0.0 ms]
   [Code Root Purge: 0.0 ms]
   [Clear CT: 0.1 ms]
   [Other: 0.3 ms]
      [Choose CSet: 0.0 ms]
      [Ref Proc: 0.0 ms]
      [Ref Enq: 0.0 ms]
      [Redirty Cards: 0.0 ms]
      [Humongous Register: 0.0 ms]
      [Humongous Reclaim: 0.0 ms]
      [Free CSet: 0.0 ms]
   [Eden: 34.0M(34.0M)->0.0B(45.0M) Survivors: 4096.0K->5120.0K Heap: 103.4M(256.0M)->76.2M(256.0M)]
 [Times: user=0.01 sys=0.00, real=0.01 secs] 
2021-05-16T20:03:20.673+0800: 0.338: [GC pause (G1 Evacuation Pause) (young), 0.0120801 secs]
   [Parallel Time: 11.5 ms, GC Workers: 1]
      [GC Worker Start (ms):  338.4]
      [Ext Root Scanning (ms):  0.3]
      [Update RS (ms):  0.7]
         [Processed Buffers:  14]
      [Scan RS (ms):  0.0]
      [Code Root Scanning (ms):  0.0]
      [Object Copy (ms):  10.2]
      [Termination (ms):  0.0]
         [Termination Attempts:  1]
      [GC Worker Other (ms):  0.0]
      [GC Worker Total (ms):  11.3]
      [GC Worker End (ms):  349.7]
   [Code Root Fixup: 0.0 ms]
   [Code Root Purge: 0.0 ms]
   [Clear CT: 0.1 ms]
   [Other: 0.5 ms]
      [Choose CSet: 0.0 ms]
      [Ref Proc: 0.1 ms]
      [Ref Enq: 0.0 ms]
      [Redirty Cards: 0.2 ms]
      [Humongous Register: 0.1 ms]
      [Humongous Reclaim: 0.0 ms]
      [Free CSet: 0.0 ms]
   [Eden: 45.0M(45.0M)->0.0B(56.0M) Survivors: 5120.0K->7168.0K Heap: 130.9M(256.0M)->94.8M(256.0M)]
 [Times: user=0.00 sys=0.00, real=0.01 secs] 
2021-05-16T20:03:20.696+0800: 0.361: [GC pause (G1 Humongous Allocation) (young) (initial-mark), 0.0061907 secs]
   [Parallel Time: 5.6 ms, GC Workers: 1]
      [GC Worker Start (ms):  361.4]
      [Ext Root Scanning (ms):  0.2]
      [Update RS (ms):  0.4]
         [Processed Buffers:  11]
      [Scan RS (ms):  0.0]
      [Code Root Scanning (ms):  0.0]
      [Object Copy (ms):  4.8]
      [Termination (ms):  0.0]
         [Termination Attempts:  1]
      [GC Worker Other (ms):  0.0]
      [GC Worker Total (ms):  5.4]
      [GC Worker End (ms):  366.9]
   [Code Root Fixup: 0.0 ms]
   [Code Root Purge: 0.0 ms]
   [Clear CT: 0.2 ms]
   [Other: 0.4 ms]
      [Choose CSet: 0.0 ms]
      [Ref Proc: 0.2 ms]
      [Ref Enq: 0.0 ms]
      [Redirty Cards: 0.2 ms]
      [Humongous Register: 0.0 ms]
      [Humongous Reclaim: 0.0 ms]
      [Free CSet: 0.0 ms]
   [Eden: 25.0M(56.0M)->0.0B(70.0M) Survivors: 7168.0K->8192.0K Heap: 125.8M(256.0M)->105.0M(256.0M)]
 [Times: user=0.01 sys=0.00, real=0.01 secs] 
2021-05-16T20:03:20.702+0800: 0.368: [GC concurrent-root-region-scan-start]
2021-05-16T20:03:20.703+0800: 0.368: [GC concurrent-root-region-scan-end, 0.0002504 secs]
2021-05-16T20:03:20.703+0800: 0.368: [GC concurrent-mark-start]
2021-05-16T20:03:20.706+0800: 0.372: [GC concurrent-mark-end, 0.0036055 secs]
2021-05-16T20:03:20.707+0800: 0.372: [GC remark 2021-05-16T20:03:20.707+0800: 0.372: [Finalize Marking, 0.0000943 secs] 2021-05-16T20:03:20.707+0800: 0.372: [GC ref-proc, 0.0000666 secs] 2021-05-16T20:03:20.707+0800: 0.372: [Unloading, 0.0009147 secs], 0.0019184 secs]
 [Times: user=0.00 sys=0.00, real=0.00 secs] 
2021-05-16T20:03:20.709+0800: 0.374: [GC cleanup 120M->120M(256M), 0.0006370 secs]
 [Times: user=0.00 sys=0.00, real=0.00 secs] 
2021-05-16T20:03:20.745+0800: 0.410: [GC pause (G1 Evacuation Pause) (young), 0.0175813 secs]
   [Parallel Time: 17.0 ms, GC Workers: 1]
      [GC Worker Start (ms):  410.1]
      [Ext Root Scanning (ms):  0.2]
      [Update RS (ms):  0.5]
         [Processed Buffers:  12]
      [Scan RS (ms):  0.0]
      [Code Root Scanning (ms):  0.0]
      [Object Copy (ms):  16.1]
      [Termination (ms):  0.0]
         [Termination Attempts:  1]
      [GC Worker Other (ms):  0.0]
      [GC Worker Total (ms):  16.8]
      [GC Worker End (ms):  426.9]
   [Code Root Fixup: 0.0 ms]
   [Code Root Purge: 0.0 ms]
   [Clear CT: 0.1 ms]
   [Other: 0.5 ms]
      [Choose CSet: 0.0 ms]
      [Ref Proc: 0.2 ms]
      [Ref Enq: 0.0 ms]
      [Redirty Cards: 0.2 ms]
      [Humongous Register: 0.0 ms]
      [Humongous Reclaim: 0.0 ms]
      [Free CSet: 0.0 ms]
   [Eden: 70.0M(70.0M)->0.0B(3072.0K) Survivors: 8192.0K->10.0M Heap: 193.3M(256.0M)->130.9M(256.0M)]
 [Times: user=0.00 sys=0.02, real=0.02 secs] 
2021-05-16T20:03:20.764+0800: 0.429: [GC pause (G1 Evacuation Pause) (mixed), 0.0047773 secs]
   [Parallel Time: 4.5 ms, GC Workers: 1]
      [GC Worker Start (ms):  429.0]
      [Ext Root Scanning (ms):  0.2]
      [Update RS (ms):  0.8]
         [Processed Buffers:  24]
      [Scan RS (ms):  0.0]
      [Code Root Scanning (ms):  0.0]
      [Object Copy (ms):  3.3]
      [Termination (ms):  0.0]
         [Termination Attempts:  1]
      [GC Worker Other (ms):  0.0]
      [GC Worker Total (ms):  4.4]
      [GC Worker End (ms):  433.4]
   [Code Root Fixup: 0.0 ms]
   [Code Root Purge: 0.0 ms]
   [Clear CT: 0.1 ms]
   [Other: 0.2 ms]
      [Choose CSet: 0.0 ms]
      [Ref Proc: 0.0 ms]
      [Ref Enq: 0.0 ms]
      [Redirty Cards: 0.0 ms]
      [Humongous Register: 0.0 ms]
      [Humongous Reclaim: 0.0 ms]
      [Free CSet: 0.0 ms]
   [Eden: 3072.0K(3072.0K)->0.0B(54.0M) Survivors: 10.0M->1024.0K Heap: 136.7M(256.0M)->130.9M(256.0M)]
 [Times: user=0.02 sys=0.00, real=0.01 secs] 
2021-05-16T20:03:20.769+0800: 0.434: [GC pause (G1 Humongous Allocation) (young) (initial-mark), 0.0016683 secs]
   [Parallel Time: 1.0 ms, GC Workers: 1]
      [GC Worker Start (ms):  434.3]
      [Ext Root Scanning (ms):  0.5]
      [Update RS (ms):  0.2]
         [Processed Buffers:  3]
      [Scan RS (ms):  0.0]
      [Code Root Scanning (ms):  0.0]
      [Object Copy (ms):  0.3]
      [Termination (ms):  0.0]
         [Termination Attempts:  1]
      [GC Worker Other (ms):  0.0]
      [GC Worker Total (ms):  1.0]
      [GC Worker End (ms):  435.3]
   [Code Root Fixup: 0.0 ms]
   [Code Root Purge: 0.0 ms]
   [Clear CT: 0.1 ms]
   [Other: 0.5 ms]
      [Choose CSet: 0.0 ms]
      [Ref Proc: 0.1 ms]
      [Ref Enq: 0.0 ms]
      [Redirty Cards: 0.1 ms]
      [Humongous Register: 0.1 ms]
      [Humongous Reclaim: 0.0 ms]
      [Free CSet: 0.1 ms]
   [Eden: 1024.0K(54.0M)->0.0B(59.0M) Survivors: 1024.0K->1024.0K Heap: 131.1M(256.0M)->130.9M(256.0M)]
 [Times: user=0.00 sys=0.00, real=0.00 secs] 
2021-05-16T20:03:20.771+0800: 0.436: [GC concurrent-root-region-scan-start]
2021-05-16T20:03:20.771+0800: 0.436: [GC concurrent-root-region-scan-end, 0.0002228 secs]
2021-05-16T20:03:20.771+0800: 0.436: [GC concurrent-mark-start]
2021-05-16T20:03:20.774+0800: 0.439: [GC concurrent-mark-end, 0.0027725 secs]
2021-05-16T20:03:20.774+0800: 0.439: [GC remark 2021-05-16T20:03:20.774+0800: 0.439: [Finalize Marking, 0.0001243 secs] 2021-05-16T20:03:20.774+0800: 0.440: [GC ref-proc, 0.0000787 secs] 2021-05-16T20:03:20.774+0800: 0.440: [Unloading, 0.0009508 secs], 0.0023355 secs]
 [Times: user=0.00 sys=0.00, real=0.00 secs] 
2021-05-16T20:03:20.777+0800: 0.442: [GC cleanup 147M->147M(256M), 0.0006286 secs]
 [Times: user=0.00 sys=0.00, real=0.00 secs] 
2021-05-16T20:03:20.791+0800: 0.456: [GC pause (G1 Evacuation Pause) (young), 0.0043884 secs]
   [Parallel Time: 3.8 ms, GC Workers: 1]
      [GC Worker Start (ms):  456.4]
      [Ext Root Scanning (ms):  0.2]
      [Update RS (ms):  0.7]
         [Processed Buffers:  18]
      [Scan RS (ms):  0.0]
      [Code Root Scanning (ms):  0.0]
      [Object Copy (ms):  2.7]
      [Termination (ms):  0.0]
         [Termination Attempts:  1]
      [GC Worker Other (ms):  0.0]
      [GC Worker Total (ms):  3.7]
      [GC Worker End (ms):  460.0]
   [Code Root Fixup: 0.0 ms]
   [Code Root Purge: 0.0 ms]
   [Clear CT: 0.1 ms]
   [Other: 0.4 ms]
      [Choose CSet: 0.0 ms]
      [Ref Proc: 0.2 ms]
      [Ref Enq: 0.0 ms]
      [Redirty Cards: 0.2 ms]
      [Humongous Register: 0.0 ms]
      [Humongous Reclaim: 0.0 ms]
      [Free CSet: 0.0 ms]
   [Eden: 59.0M(59.0M)->0.0B(4096.0K) Survivors: 1024.0K->8192.0K Heap: 204.4M(256.0M)->150.2M(256.0M)]
 [Times: user=0.00 sys=0.00, real=0.00 secs] 
2021-05-16T20:03:20.797+0800: 0.462: [GC pause (G1 Evacuation Pause) (mixed), 0.0039943 secs]
   [Parallel Time: 3.7 ms, GC Workers: 1]
      [GC Worker Start (ms):  462.1]
      [Ext Root Scanning (ms):  0.2]
      [Update RS (ms):  0.4]
         [Processed Buffers:  13]
      [Scan RS (ms):  0.0]
      [Code Root Scanning (ms):  0.0]
      [Object Copy (ms):  2.9]
      [Termination (ms):  0.0]
         [Termination Attempts:  1]
      [GC Worker Other (ms):  0.0]
      [GC Worker Total (ms):  3.6]
      [GC Worker End (ms):  465.6]
   [Code Root Fixup: 0.0 ms]
   [Code Root Purge: 0.0 ms]
   [Clear CT: 0.1 ms]
   [Other: 0.3 ms]
      [Choose CSet: 0.0 ms]
      [Ref Proc: 0.1 ms]
      [Ref Enq: 0.0 ms]
      [Redirty Cards: 0.0 ms]
      [Humongous Register: 0.1 ms]
      [Humongous Reclaim: 0.0 ms]
      [Free CSet: 0.0 ms]
   [Eden: 4096.0K(4096.0K)->0.0B(46.0M) Survivors: 8192.0K->2048.0K Heap: 155.4M(256.0M)->146.4M(256.0M)]
 [Times: user=0.00 sys=0.00, real=0.00 secs] 
2021-05-16T20:03:20.802+0800: 0.468: [GC pause (G1 Humongous Allocation) (young) (initial-mark), 0.0025011 secs]
   [Parallel Time: 1.9 ms, GC Workers: 1]
      [GC Worker Start (ms):  467.7]
      [Ext Root Scanning (ms):  0.6]
      [Update RS (ms):  0.3]
         [Processed Buffers:  2]
      [Scan RS (ms):  0.0]
      [Code Root Scanning (ms):  0.0]
      [Object Copy (ms):  0.9]
      [Termination (ms):  0.0]
         [Termination Attempts:  1]
      [GC Worker Other (ms):  0.0]
      [GC Worker Total (ms):  1.8]
      [GC Worker End (ms):  469.5]
   [Code Root Fixup: 0.0 ms]
   [Code Root Purge: 0.0 ms]
   [Clear CT: 0.1 ms]
   [Other: 0.5 ms]
      [Choose CSet: 0.0 ms]
      [Ref Proc: 0.1 ms]
      [Ref Enq: 0.0 ms]
      [Redirty Cards: 0.1 ms]
      [Humongous Register: 0.1 ms]
      [Humongous Reclaim: 0.0 ms]
      [Free CSet: 0.0 ms]
   [Eden: 5120.0K(46.0M)->0.0B(40.0M) Survivors: 2048.0K->5120.0K Heap: 150.7M(256.0M)->148.8M(256.0M)]
 [Times: user=0.00 sys=0.00, real=0.00 secs] 
2021-05-16T20:03:20.805+0800: 0.470: [GC concurrent-root-region-scan-start]
2021-05-16T20:03:20.805+0800: 0.470: [GC concurrent-root-region-scan-end, 0.0002454 secs]
2021-05-16T20:03:20.805+0800: 0.470: [GC concurrent-mark-start]
2021-05-16T20:03:20.808+0800: 0.473: [GC concurrent-mark-end, 0.0025708 secs]
2021-05-16T20:03:20.808+0800: 0.473: [GC remark 2021-05-16T20:03:20.808+0800: 0.473: [Finalize Marking, 0.0001389 secs] 2021-05-16T20:03:20.808+0800: 0.473: [GC ref-proc, 0.0000670 secs] 2021-05-16T20:03:20.808+0800: 0.473: [Unloading, 0.0009528 secs], 0.0023729 secs]
 [Times: user=0.00 sys=0.00, real=0.00 secs] 
2021-05-16T20:03:20.811+0800: 0.476: [GC cleanup 165M->165M(256M), 0.0007297 secs]
 [Times: user=0.00 sys=0.00, real=0.00 secs] 
2021-05-16T20:03:20.818+0800: 0.484: [GC pause (G1 Evacuation Pause) (young), 0.0042930 secs]
   [Parallel Time: 3.7 ms, GC Workers: 1]
      [GC Worker Start (ms):  483.7]
      [Ext Root Scanning (ms):  0.2]
      [Update RS (ms):  0.7]
         [Processed Buffers:  15]
      [Scan RS (ms):  0.0]
      [Code Root Scanning (ms):  0.0]
      [Object Copy (ms):  2.7]
      [Termination (ms):  0.0]
         [Termination Attempts:  1]
      [GC Worker Other (ms):  0.0]
      [GC Worker Total (ms):  3.7]
      [GC Worker End (ms):  487.4]
   [Code Root Fixup: 0.0 ms]
   [Code Root Purge: 0.0 ms]
   [Clear CT: 0.1 ms]
   [Other: 0.4 ms]
      [Choose CSet: 0.0 ms]
      [Ref Proc: 0.2 ms]
      [Ref Enq: 0.0 ms]
      [Redirty Cards: 0.1 ms]
      [Humongous Register: 0.0 ms]
      [Humongous Reclaim: 0.1 ms]
      [Free CSet: 0.0 ms]
   [Eden: 40.0M(40.0M)->0.0B(6144.0K) Survivors: 5120.0K->6144.0K Heap: 201.1M(256.0M)->167.6M(256.0M)]
 [Times: user=0.00 sys=0.00, real=0.00 secs] 
2021-05-16T20:03:20.824+0800: 0.489: [GC pause (G1 Evacuation Pause) (mixed), 0.0045953 secs]
   [Parallel Time: 4.1 ms, GC Workers: 1]
      [GC Worker Start (ms):  489.7]
      [Ext Root Scanning (ms):  0.3]
      [Update RS (ms):  1.2]
         [Processed Buffers:  30]
      [Scan RS (ms):  0.0]
      [Code Root Scanning (ms):  0.0]
      [Object Copy (ms):  2.4]
      [Termination (ms):  0.0]
         [Termination Attempts:  1]
      [GC Worker Other (ms):  0.0]
      [GC Worker Total (ms):  3.9]
      [GC Worker End (ms):  493.5]
   [Code Root Fixup: 0.0 ms]
   [Code Root Purge: 0.0 ms]
   [Clear CT: 0.1 ms]
   [Other: 0.4 ms]
      [Choose CSet: 0.0 ms]
      [Ref Proc: 0.2 ms]
      [Ref Enq: 0.0 ms]
      [Redirty Cards: 0.2 ms]
      [Humongous Register: 0.0 ms]
      [Humongous Reclaim: 0.0 ms]
      [Free CSet: 0.0 ms]
   [Eden: 6144.0K(6144.0K)->0.0B(28.0M) Survivors: 6144.0K->2048.0K Heap: 178.1M(256.0M)->163.3M(256.0M)]
 [Times: user=0.02 sys=0.00, real=0.01 secs] 
2021-05-16T20:03:20.829+0800: 0.495: [GC pause (G1 Humongous Allocation) (young) (initial-mark), 0.0013007 secs]
   [Parallel Time: 0.8 ms, GC Workers: 1]
      [GC Worker Start (ms):  494.7]
      [Ext Root Scanning (ms):  0.3]
      [Update RS (ms):  0.1]
         [Processed Buffers:  2]
      [Scan RS (ms):  0.0]
      [Code Root Scanning (ms):  0.0]
      [Object Copy (ms):  0.3]
      [Termination (ms):  0.0]
         [Termination Attempts:  1]
      [GC Worker Other (ms):  0.0]
      [GC Worker Total (ms):  0.7]
      [GC Worker End (ms):  495.4]
   [Code Root Fixup: 0.0 ms]
   [Code Root Purge: 0.0 ms]
   [Clear CT: 0.2 ms]
   [Other: 0.3 ms]
      [Choose CSet: 0.0 ms]
      [Ref Proc: 0.1 ms]
      [Ref Enq: 0.0 ms]
      [Redirty Cards: 0.1 ms]
      [Humongous Register: 0.0 ms]
      [Humongous Reclaim: 0.0 ms]
      [Free CSet: 0.0 ms]
   [Eden: 2048.0K(28.0M)->0.0B(30.0M) Survivors: 2048.0K->2048.0K Heap: 164.8M(256.0M)->163.3M(256.0M)]
 [Times: user=0.00 sys=0.00, real=0.00 secs] 
2021-05-16T20:03:20.831+0800: 0.496: [GC concurrent-root-region-scan-start]
2021-05-16T20:03:20.831+0800: 0.496: [GC concurrent-root-region-scan-end, 0.0003226 secs]
2021-05-16T20:03:20.831+0800: 0.496: [GC concurrent-mark-start]
2021-05-16T20:03:20.835+0800: 0.500: [GC concurrent-mark-end, 0.0039523 secs]
2021-05-16T20:03:20.835+0800: 0.501: [GC remark 2021-05-16T20:03:20.835+0800: 0.501: [Finalize Marking, 0.0000851 secs] 2021-05-16T20:03:20.835+0800: 0.501: [GC ref-proc, 0.0000692 secs] 2021-05-16T20:03:20.835+0800: 0.501: [Unloading, 0.0008311 secs], 0.0023127 secs]
 [Times: user=0.00 sys=0.00, real=0.00 secs] 
2021-05-16T20:03:20.838+0800: 0.503: [GC cleanup 183M->183M(256M), 0.0007475 secs]
 [Times: user=0.00 sys=0.00, real=0.00 secs] 
2021-05-16T20:03:20.842+0800: 0.507: [GC pause (G1 Evacuation Pause) (young), 0.0033990 secs]
   [Parallel Time: 2.8 ms, GC Workers: 1]
      [GC Worker Start (ms):  507.7]
      [Ext Root Scanning (ms):  0.2]
      [Update RS (ms):  0.7]
         [Processed Buffers:  17]
      [Scan RS (ms):  0.0]
      [Code Root Scanning (ms):  0.0]
      [Object Copy (ms):  1.7]
      [Termination (ms):  0.0]
         [Termination Attempts:  1]
      [GC Worker Other (ms):  0.0]
      [GC Worker Total (ms):  2.6]
      [GC Worker End (ms):  510.3]
   [Code Root Fixup: 0.0 ms]
   [Code Root Purge: 0.0 ms]
   [Clear CT: 0.2 ms]
   [Other: 0.5 ms]
      [Choose CSet: 0.0 ms]
      [Ref Proc: 0.2 ms]
      [Ref Enq: 0.0 ms]
      [Redirty Cards: 0.1 ms]
      [Humongous Register: 0.0 ms]
      [Humongous Reclaim: 0.0 ms]
      [Free CSet: 0.0 ms]
   [Eden: 30.0M(30.0M)->0.0B(8192.0K) Survivors: 2048.0K->4096.0K Heap: 200.2M(256.0M)->175.5M(256.0M)]
 [Times: user=0.02 sys=0.00, real=0.00 secs] 
2021-05-16T20:03:20.847+0800: 0.513: [GC pause (G1 Evacuation Pause) (mixed), 0.0060291 secs]
   [Parallel Time: 5.5 ms, GC Workers: 1]
      [GC Worker Start (ms):  512.8]
      [Ext Root Scanning (ms):  0.4]
      [Update RS (ms):  1.3]
         [Processed Buffers:  19]
      [Scan RS (ms):  0.1]
      [Code Root Scanning (ms):  0.0]
      [Object Copy (ms):  3.6]
      [Termination (ms):  0.0]
         [Termination Attempts:  1]
      [GC Worker Other (ms):  0.0]
      [GC Worker Total (ms):  5.4]
      [GC Worker End (ms):  518.2]
   [Code Root Fixup: 0.0 ms]
   [Code Root Purge: 0.0 ms]
   [Clear CT: 0.1 ms]
   [Other: 0.4 ms]
      [Choose CSet: 0.0 ms]
      [Ref Proc: 0.1 ms]
      [Ref Enq: 0.0 ms]
      [Redirty Cards: 0.1 ms]
      [Humongous Register: 0.0 ms]
      [Humongous Reclaim: 0.0 ms]
      [Free CSet: 0.0 ms]
   [Eden: 8192.0K(8192.0K)->0.0B(21.0M) Survivors: 4096.0K->2048.0K Heap: 185.5M(256.0M)->173.5M(256.0M)]
 [Times: user=0.00 sys=0.00, real=0.01 secs] 
2021-05-16T20:03:20.854+0800: 0.519: [GC pause (G1 Humongous Allocation) (young) (initial-mark), 0.0015597 secs]
   [Parallel Time: 1.0 ms, GC Workers: 1]
      [GC Worker Start (ms):  519.6]
      [Ext Root Scanning (ms):  0.3]
      [Update RS (ms):  0.1]
         [Processed Buffers:  2]
      [Scan RS (ms):  0.0]
      [Code Root Scanning (ms):  0.0]
      [Object Copy (ms):  0.4]
      [Termination (ms):  0.0]
         [Termination Attempts:  1]
      [GC Worker Other (ms):  0.0]
      [GC Worker Total (ms):  0.8]
      [GC Worker End (ms):  520.4]
   [Code Root Fixup: 0.0 ms]
   [Code Root Purge: 0.0 ms]
   [Clear CT: 0.1 ms]
   [Other: 0.4 ms]
      [Choose CSet: 0.0 ms]
      [Ref Proc: 0.1 ms]
      [Ref Enq: 0.0 ms]
      [Redirty Cards: 0.2 ms]
      [Humongous Register: 0.0 ms]
      [Humongous Reclaim: 0.0 ms]
      [Free CSet: 0.0 ms]
   [Eden: 2048.0K(21.0M)->0.0B(21.0M) Survivors: 2048.0K->1024.0K Heap: 175.3M(256.0M)->174.1M(256.0M)]
 [Times: user=0.00 sys=0.00, real=0.00 secs] 
2021-05-16T20:03:20.856+0800: 0.521: [GC concurrent-root-region-scan-start]
2021-05-16T20:03:20.856+0800: 0.521: [GC concurrent-root-region-scan-end, 0.0001058 secs]
2021-05-16T20:03:20.856+0800: 0.521: [GC concurrent-mark-start]
2021-05-16T20:03:20.859+0800: 0.524: [GC concurrent-mark-end, 0.0029087 secs]
2021-05-16T20:03:20.859+0800: 0.525: [GC remark 2021-05-16T20:03:20.859+0800: 0.525: [Finalize Marking, 0.0001403 secs] 2021-05-16T20:03:20.859+0800: 0.525: [GC ref-proc, 0.0000736 secs] 2021-05-16T20:03:20.860+0800: 0.525: [Unloading, 0.0009210 secs], 0.0026412 secs]
 [Times: user=0.00 sys=0.00, real=0.00 secs] 
2021-05-16T20:03:20.862+0800: 0.528: [GC cleanup 193M->193M(256M), 0.0007148 secs]
 [Times: user=0.00 sys=0.00, real=0.00 secs] 
2021-05-16T20:03:20.865+0800: 0.531: [GC pause (G1 Evacuation Pause) (young), 0.0028742 secs]
   [Parallel Time: 2.7 ms, GC Workers: 1]
      [GC Worker Start (ms):  530.8]
      [Ext Root Scanning (ms):  0.3]
      [Update RS (ms):  1.1]
         [Processed Buffers:  19]
      [Scan RS (ms):  0.0]
      [Code Root Scanning (ms):  0.0]
      [Object Copy (ms):  1.2]
      [Termination (ms):  0.0]
         [Termination Attempts:  1]
      [GC Worker Other (ms):  0.0]
      [GC Worker Total (ms):  2.5]
      [GC Worker End (ms):  533.3]
   [Code Root Fixup: 0.0 ms]
   [Code Root Purge: 0.0 ms]
   [Clear CT: 0.0 ms]
   [Other: 0.2 ms]
      [Choose CSet: 0.0 ms]
      [Ref Proc: 0.1 ms]
      [Ref Enq: 0.0 ms]
      [Redirty Cards: 0.0 ms]
      [Humongous Register: 0.0 ms]
      [Humongous Reclaim: 0.0 ms]
      [Free CSet: 0.0 ms]
   [Eden: 21.0M(21.0M)->0.0B(9216.0K) Survivors: 1024.0K->3072.0K Heap: 200.2M(256.0M)->179.9M(256.0M)]
 [Times: user=0.00 sys=0.00, real=0.00 secs] 
2021-05-16T20:03:20.870+0800: 0.535: [GC pause (G1 Evacuation Pause) (mixed), 0.0050191 secs]
   [Parallel Time: 4.4 ms, GC Workers: 1]
      [GC Worker Start (ms):  535.3]
      [Ext Root Scanning (ms):  0.2]
      [Update RS (ms):  0.3]
         [Processed Buffers:  8]
      [Scan RS (ms):  0.1]
      [Code Root Scanning (ms):  0.0]
      [Object Copy (ms):  3.8]
      [Termination (ms):  0.0]
         [Termination Attempts:  1]
      [GC Worker Other (ms):  0.0]
      [GC Worker Total (ms):  4.3]
      [GC Worker End (ms):  539.7]
   [Code Root Fixup: 0.0 ms]
   [Code Root Purge: 0.0 ms]
   [Clear CT: 0.1 ms]
   [Other: 0.5 ms]
      [Choose CSet: 0.0 ms]
      [Ref Proc: 0.2 ms]
      [Ref Enq: 0.0 ms]
      [Redirty Cards: 0.2 ms]
      [Humongous Register: 0.0 ms]
      [Humongous Reclaim: 0.0 ms]
      [Free CSet: 0.0 ms]
   [Eden: 9216.0K(9216.0K)->0.0B(21.0M) Survivors: 3072.0K->2048.0K Heap: 189.6M(256.0M)->174.1M(256.0M)]
 [Times: user=0.02 sys=0.00, real=0.01 secs] 
2021-05-16T20:03:20.877+0800: 0.542: [GC pause (G1 Humongous Allocation) (young) (initial-mark), 0.0019073 secs]
   [Parallel Time: 1.4 ms, GC Workers: 1]
      [GC Worker Start (ms):  542.5]
      [Ext Root Scanning (ms):  0.3]
      [Update RS (ms):  0.2]
         [Processed Buffers:  2]
      [Scan RS (ms):  0.0]
      [Code Root Scanning (ms):  0.0]
      [Object Copy (ms):  0.7]
      [Termination (ms):  0.0]
         [Termination Attempts:  1]
      [GC Worker Other (ms):  0.0]
      [GC Worker Total (ms):  1.2]
      [GC Worker End (ms):  543.7]
   [Code Root Fixup: 0.0 ms]
   [Code Root Purge: 0.0 ms]
   [Clear CT: 0.1 ms]
   [Other: 0.4 ms]
      [Choose CSet: 0.0 ms]
      [Ref Proc: 0.2 ms]
      [Ref Enq: 0.0 ms]
      [Redirty Cards: 0.1 ms]
      [Humongous Register: 0.0 ms]
      [Humongous Reclaim: 0.0 ms]
      [Free CSet: 0.0 ms]
   [Eden: 10.0M(21.0M)->0.0B(19.0M) Survivors: 2048.0K->3072.0K Heap: 184.0M(256.0M)->177.2M(256.0M)]
 [Times: user=0.00 sys=0.00, real=0.00 secs] 
2021-05-16T20:03:20.879+0800: 0.544: [GC concurrent-root-region-scan-start]
2021-05-16T20:03:20.879+0800: 0.545: [GC concurrent-root-region-scan-end, 0.0002394 secs]
2021-05-16T20:03:20.879+0800: 0.545: [GC concurrent-mark-start]
2021-05-16T20:03:20.885+0800: 0.550: [GC concurrent-mark-end, 0.0052278 secs]
2021-05-16T20:03:20.885+0800: 0.550: [GC remark 2021-05-16T20:03:20.885+0800: 0.550: [Finalize Marking, 0.0001218 secs] 2021-05-16T20:03:20.885+0800: 0.551: [GC ref-proc, 0.0000665 secs] 2021-05-16T20:03:20.885+0800: 0.551: [Unloading, 0.0009539 secs], 0.0027511 secs]
 [Times: user=0.00 sys=0.00, real=0.00 secs] 
2021-05-16T20:03:20.888+0800: 0.553: [GC cleanup 199M->199M(256M), 0.0006137 secs]
 [Times: user=0.00 sys=0.00, real=0.00 secs] 
2021-05-16T20:03:20.890+0800: 0.555: [GC pause (G1 Evacuation Pause) (young), 0.0035037 secs]
   [Parallel Time: 2.9 ms, GC Workers: 1]
      [GC Worker Start (ms):  555.0]
      [Ext Root Scanning (ms):  0.2]
      [Update RS (ms):  0.7]
         [Processed Buffers:  21]
      [Scan RS (ms):  0.0]
      [Code Root Scanning (ms):  0.0]
      [Object Copy (ms):  1.8]
      [Termination (ms):  0.0]
         [Termination Attempts:  1]
      [GC Worker Other (ms):  0.0]
      [GC Worker Total (ms):  2.8]
      [GC Worker End (ms):  557.7]
   [Code Root Fixup: 0.0 ms]
   [Code Root Purge: 0.0 ms]
   [Clear CT: 0.2 ms]
   [Other: 0.4 ms]
      [Choose CSet: 0.0 ms]
      [Ref Proc: 0.2 ms]
      [Ref Enq: 0.0 ms]
      [Redirty Cards: 0.2 ms]
      [Humongous Register: 0.0 ms]
      [Humongous Reclaim: 0.0 ms]
      [Free CSet: 0.0 ms]
   [Eden: 19.0M(19.0M)->0.0B(9216.0K) Survivors: 3072.0K->3072.0K Heap: 202.6M(256.0M)->189.4M(256.0M)]
 [Times: user=0.00 sys=0.00, real=0.00 secs] 
2021-05-16T20:03:20.895+0800: 0.560: [GC pause (G1 Evacuation Pause) (mixed), 0.0063276 secs]
   [Parallel Time: 5.9 ms, GC Workers: 1]
      [GC Worker Start (ms):  560.6]
      [Ext Root Scanning (ms):  0.3]
      [Update RS (ms):  1.9]
         [Processed Buffers:  28]
      [Scan RS (ms):  0.1]
      [Code Root Scanning (ms):  0.0]
      [Object Copy (ms):  3.4]
      [Termination (ms):  0.0]
         [Termination Attempts:  1]
      [GC Worker Other (ms):  0.0]
      [GC Worker Total (ms):  5.8]
      [GC Worker End (ms):  566.4]
   [Code Root Fixup: 0.0 ms]
   [Code Root Purge: 0.0 ms]
   [Clear CT: 0.1 ms]
   [Other: 0.3 ms]
      [Choose CSet: 0.0 ms]
      [Ref Proc: 0.0 ms]
      [Ref Enq: 0.0 ms]
      [Redirty Cards: 0.1 ms]
      [Humongous Register: 0.0 ms]
      [Humongous Reclaim: 0.0 ms]
      [Free CSet: 0.0 ms]
   [Eden: 9216.0K(9216.0K)->0.0B(10.0M) Survivors: 3072.0K->2048.0K Heap: 202.4M(256.0M)->189.1M(256.0M)]
 [Times: user=0.00 sys=0.00, real=0.01 secs] 
2021-05-16T20:03:20.903+0800: 0.568: [GC pause (G1 Humongous Allocation) (young) (initial-mark), 0.0012039 secs]
   [Parallel Time: 0.9 ms, GC Workers: 1]
      [GC Worker Start (ms):  568.2]
      [Ext Root Scanning (ms):  0.2]
      [Update RS (ms):  0.1]
         [Processed Buffers:  2]
      [Scan RS (ms):  0.0]
      [Code Root Scanning (ms):  0.0]
      [Object Copy (ms):  0.4]
      [Termination (ms):  0.0]
         [Termination Attempts:  1]
      [GC Worker Other (ms):  0.0]
      [GC Worker Total (ms):  0.8]
      [GC Worker End (ms):  569.0]
   [Code Root Fixup: 0.0 ms]
   [Code Root Purge: 0.0 ms]
   [Clear CT: 0.1 ms]
   [Other: 0.2 ms]
      [Choose CSet: 0.0 ms]
      [Ref Proc: 0.0 ms]
      [Ref Enq: 0.0 ms]
      [Redirty Cards: 0.1 ms]
      [Humongous Register: 0.0 ms]
      [Humongous Reclaim: 0.0 ms]
      [Free CSet: 0.0 ms]
   [Eden: 5120.0K(10.0M)->0.0B(11.0M) Survivors: 2048.0K->1024.0K Heap: 193.2M(256.0M)->189.4M(256.0M)]
 [Times: user=0.00 sys=0.00, real=0.00 secs] 
2021-05-16T20:03:20.904+0800: 0.569: [GC concurrent-root-region-scan-start]
2021-05-16T20:03:20.904+0800: 0.570: [GC concurrent-root-region-scan-end, 0.0001503 secs]
2021-05-16T20:03:20.904+0800: 0.570: [GC concurrent-mark-start]
2021-05-16T20:03:20.907+0800: 0.572: [GC pause (G1 Evacuation Pause) (young), 0.0024207 secs]
   [Parallel Time: 1.9 ms, GC Workers: 1]
      [GC Worker Start (ms):  572.0]
      [Ext Root Scanning (ms):  0.2]
      [Update RS (ms):  0.9]
         [Processed Buffers:  25]
      [Scan RS (ms):  0.0]
      [Code Root Scanning (ms):  0.0]
      [Object Copy (ms):  0.6]
      [Termination (ms):  0.0]
         [Termination Attempts:  1]
      [GC Worker Other (ms):  0.0]
      [GC Worker Total (ms):  1.7]
      [GC Worker End (ms):  573.7]
   [Code Root Fixup: 0.0 ms]
   [Code Root Purge: 0.0 ms]
   [Clear CT: 0.1 ms]
   [Other: 0.4 ms]
      [Choose CSet: 0.0 ms]
      [Ref Proc: 0.1 ms]
      [Ref Enq: 0.0 ms]
      [Redirty Cards: 0.1 ms]
      [Humongous Register: 0.0 ms]
      [Humongous Reclaim: 0.0 ms]
      [Free CSet: 0.0 ms]
   [Eden: 11.0M(11.0M)->0.0B(10.0M) Survivors: 1024.0K->2048.0K Heap: 203.1M(256.0M)->194.1M(256.0M)]
 [Times: user=0.00 sys=0.00, real=0.00 secs] 
2021-05-16T20:03:20.910+0800: 0.575: [GC concurrent-mark-end, 0.0056736 secs]
2021-05-16T20:03:20.910+0800: 0.575: [GC remark 2021-05-16T20:03:20.910+0800: 0.575: [Finalize Marking, 0.0001216 secs] 2021-05-16T20:03:20.910+0800: 0.576: [GC ref-proc, 0.0000671 secs] 2021-05-16T20:03:20.910+0800: 0.576: [Unloading, 0.0010291 secs], 0.0045514 secs]
 [Times: user=0.00 sys=0.00, real=0.00 secs] 
2021-05-16T20:03:20.915+0800: 0.580: [GC cleanup 201M->201M(256M), 0.0004292 secs]
 [Times: user=0.00 sys=0.00, real=0.00 secs] 
2021-05-16T20:03:20.916+0800: 0.582: [GC pause (G1 Evacuation Pause) (young), 0.0019261 secs]
   [Parallel Time: 1.7 ms, GC Workers: 1]
      [GC Worker Start (ms):  581.8]
      [Ext Root Scanning (ms):  0.2]
      [Update RS (ms):  0.9]
         [Processed Buffers:  26]
      [Scan RS (ms):  0.0]
      [Code Root Scanning (ms):  0.0]
      [Object Copy (ms):  0.5]
      [Termination (ms):  0.0]
         [Termination Attempts:  1]
      [GC Worker Other (ms):  0.0]
      [GC Worker Total (ms):  1.6]
      [GC Worker End (ms):  583.4]
   [Code Root Fixup: 0.0 ms]
   [Code Root Purge: 0.0 ms]
   [Clear CT: 0.1 ms]
   [Other: 0.2 ms]
      [Choose CSet: 0.0 ms]
      [Ref Proc: 0.0 ms]
      [Ref Enq: 0.0 ms]
      [Redirty Cards: 0.0 ms]
      [Humongous Register: 0.0 ms]
      [Humongous Reclaim: 0.0 ms]
      [Free CSet: 0.0 ms]
   [Eden: 10.0M(10.0M)->0.0B(10.0M) Survivors: 2048.0K->2048.0K Heap: 206.9M(256.0M)->197.5M(256.0M)]
 [Times: user=0.00 sys=0.00, real=0.00 secs] 
2021-05-16T20:03:20.920+0800: 0.586: [GC pause (G1 Evacuation Pause) (mixed) (to-space exhausted), 0.0040963 secs]
   [Parallel Time: 3.3 ms, GC Workers: 1]
      [GC Worker Start (ms):  585.7]
      [Ext Root Scanning (ms):  0.2]
      [Update RS (ms):  0.6]
         [Processed Buffers:  18]
      [Scan RS (ms):  0.0]
      [Code Root Scanning (ms):  0.0]
      [Object Copy (ms):  2.2]
      [Termination (ms):  0.0]
         [Termination Attempts:  1]
      [GC Worker Other (ms):  0.0]
      [GC Worker Total (ms):  3.1]
      [GC Worker End (ms):  588.8]
   [Code Root Fixup: 0.0 ms]
   [Code Root Purge: 0.0 ms]
   [Clear CT: 0.1 ms]
   [Other: 0.7 ms]
      [Evacuation Failure: 0.2 ms]
      [Choose CSet: 0.0 ms]
      [Ref Proc: 0.2 ms]
      [Ref Enq: 0.0 ms]
      [Redirty Cards: 0.2 ms]
      [Humongous Register: 0.0 ms]
      [Humongous Reclaim: 0.0 ms]
      [Free CSet: 0.0 ms]
   [Eden: 10.0M(10.0M)->0.0B(10.0M) Survivors: 2048.0K->2048.0K Heap: 209.4M(256.0M)->207.3M(256.0M)]
 [Times: user=0.01 sys=0.00, real=0.00 secs] 
2021-05-16T20:03:20.925+0800: 0.590: [GC pause (G1 Humongous Allocation) (young) (initial-mark), 0.0013690 secs]
   [Parallel Time: 0.8 ms, GC Workers: 1]
      [GC Worker Start (ms):  590.4]
      [Ext Root Scanning (ms):  0.2]
      [Update RS (ms):  0.1]
         [Processed Buffers:  4]
      [Scan RS (ms):  0.0]
      [Code Root Scanning (ms):  0.0]
      [Object Copy (ms):  0.3]
      [Termination (ms):  0.0]
         [Termination Attempts:  1]
      [GC Worker Other (ms):  0.0]
      [GC Worker Total (ms):  0.7]
      [GC Worker End (ms):  591.1]
   [Code Root Fixup: 0.0 ms]
   [Code Root Purge: 0.0 ms]
   [Clear CT: 0.2 ms]
   [Other: 0.3 ms]
      [Choose CSet: 0.0 ms]
      [Ref Proc: 0.1 ms]
      [Ref Enq: 0.0 ms]
      [Redirty Cards: 0.1 ms]
      [Humongous Register: 0.0 ms]
      [Humongous Reclaim: 0.0 ms]
      [Free CSet: 0.0 ms]
   [Eden: 2048.0K(10.0M)->0.0B(10.0M) Survivors: 2048.0K->2048.0K Heap: 209.3M(256.0M)->208.0M(256.0M)]
 [Times: user=0.00 sys=0.00, real=0.00 secs] 
2021-05-16T20:03:20.927+0800: 0.592: [GC concurrent-root-region-scan-start]
2021-05-16T20:03:20.927+0800: 0.592: [GC concurrent-root-region-scan-end, 0.0002698 secs]
2021-05-16T20:03:20.927+0800: 0.592: [GC concurrent-mark-start]
2021-05-16T20:03:20.930+0800: 0.595: [GC pause (G1 Evacuation Pause) (young) (to-space exhausted), 0.0026948 secs]
   [Parallel Time: 2.3 ms, GC Workers: 1]
      [GC Worker Start (ms):  595.3]
      [Ext Root Scanning (ms):  0.5]
      [Update RS (ms):  1.1]
         [Processed Buffers:  23]
      [Scan RS (ms):  0.0]
      [Code Root Scanning (ms):  0.0]
      [Object Copy (ms):  0.4]
      [Termination (ms):  0.0]
         [Termination Attempts:  1]
      [GC Worker Other (ms):  0.0]
      [GC Worker Total (ms):  2.1]
      [GC Worker End (ms):  597.4]
   [Code Root Fixup: 0.0 ms]
   [Code Root Purge: 0.0 ms]
   [Clear CT: 0.0 ms]
   [Other: 0.4 ms]
      [Evacuation Failure: 0.1 ms]
      [Choose CSet: 0.0 ms]
      [Ref Proc: 0.0 ms]
      [Ref Enq: 0.0 ms]
      [Redirty Cards: 0.0 ms]
      [Humongous Register: 0.1 ms]
      [Humongous Reclaim: 0.0 ms]
      [Free CSet: 0.0 ms]
   [Eden: 10.0M(10.0M)->0.0B(10.0M) Survivors: 2048.0K->2048.0K Heap: 220.3M(256.0M)->218.2M(256.0M)]
 [Times: user=0.00 sys=0.00, real=0.00 secs] 
2021-05-16T20:03:20.934+0800: 0.599: [GC pause (G1 Humongous Allocation) (young) (to-space exhausted), 0.0006983 secs]
   [Parallel Time: 0.4 ms, GC Workers: 1]
      [GC Worker Start (ms):  599.0]
      [Ext Root Scanning (ms):  0.2]
      [Update RS (ms):  0.1]
         [Processed Buffers:  4]
      [Scan RS (ms):  0.0]
      [Code Root Scanning (ms):  0.0]
      [Object Copy (ms):  0.0]
      [Termination (ms):  0.0]
         [Termination Attempts:  1]
      [GC Worker Other (ms):  0.0]
      [GC Worker Total (ms):  0.4]
      [GC Worker End (ms):  599.4]
   [Code Root Fixup: 0.0 ms]
   [Code Root Purge: 0.0 ms]
   [Clear CT: 0.0 ms]
   [Other: 0.2 ms]
      [Evacuation Failure: 0.0 ms]
      [Choose CSet: 0.0 ms]
      [Ref Proc: 0.1 ms]
      [Ref Enq: 0.0 ms]
      [Redirty Cards: 0.0 ms]
      [Humongous Register: 0.0 ms]
      [Humongous Reclaim: 0.0 ms]
      [Free CSet: 0.0 ms]
   [Eden: 5120.0K(10.0M)->0.0B(12.0M) Survivors: 2048.0K->0.0B Heap: 223.0M(256.0M)->222.0M(256.0M)]
 [Times: user=0.00 sys=0.00, real=0.00 secs] 
2021-05-16T20:03:20.935+0800: 0.600: [GC pause (G1 Evacuation Pause) (young), 0.0009926 secs]
   [Parallel Time: 0.6 ms, GC Workers: 1]
      [GC Worker Start (ms):  600.1]
      [Ext Root Scanning (ms):  0.2]
      [Update RS (ms):  0.2]
         [Processed Buffers:  8]
      [Scan RS (ms):  0.0]
      [Code Root Scanning (ms):  0.0]
      [Object Copy (ms):  0.0]
      [Termination (ms):  0.0]
         [Termination Attempts:  1]
      [GC Worker Other (ms):  0.0]
      [GC Worker Total (ms):  0.4]
      [GC Worker End (ms):  600.6]
   [Code Root Fixup: 0.0 ms]
   [Code Root Purge: 0.0 ms]
   [Clear CT: 0.0 ms]
   [Other: 0.4 ms]
      [Choose CSet: 0.0 ms]
      [Ref Proc: 0.1 ms]
      [Ref Enq: 0.0 ms]
      [Redirty Cards: 0.2 ms]
      [Humongous Register: 0.0 ms]
      [Humongous Reclaim: 0.0 ms]
      [Free CSet: 0.0 ms]
   [Eden: 0.0B(12.0M)->0.0B(12.0M) Survivors: 0.0B->0.0B Heap: 222.6M(256.0M)->222.0M(256.0M)]
 [Times: user=0.00 sys=0.00, real=0.00 secs] 
2021-05-16T20:03:20.936+0800: 0.601: [GC pause (G1 Evacuation Pause) (young) (to-space exhausted), 0.0010452 secs]
   [Parallel Time: 0.4 ms, GC Workers: 1]
      [GC Worker Start (ms):  601.5]
      [Ext Root Scanning (ms):  0.1]
      [Update RS (ms):  0.1]
         [Processed Buffers:  3]
      [Scan RS (ms):  0.0]
      [Code Root Scanning (ms):  0.0]
      [Object Copy (ms):  0.0]
      [Termination (ms):  0.0]
         [Termination Attempts:  1]
      [GC Worker Other (ms):  0.0]
      [GC Worker Total (ms):  0.2]
      [GC Worker End (ms):  601.7]
   [Code Root Fixup: 0.0 ms]
   [Code Root Purge: 0.0 ms]
   [Clear CT: 0.2 ms]
   [Other: 0.5 ms]
      [Evacuation Failure: 0.2 ms]
      [Choose CSet: 0.0 ms]
      [Ref Proc: 0.1 ms]
      [Ref Enq: 0.0 ms]
      [Redirty Cards: 0.2 ms]
      [Humongous Register: 0.0 ms]
      [Humongous Reclaim: 0.0 ms]
      [Free CSet: 0.0 ms]
   [Eden: 1024.0K(12.0M)->0.0B(12.0M) Survivors: 0.0B->0.0B Heap: 223.0M(256.0M)->223.0M(256.0M)]
 [Times: user=0.00 sys=0.00, real=0.00 secs] 
2021-05-16T20:03:20.937+0800: 0.603: 2021-05-16T20:03:20.937+0800: [GC concurrent-mark-end, 0.0106429 secs]
0.603: [Full GC (Allocation Failure)  222M->175M(256M), 0.0251387 secs]
   [Eden: 0.0B(12.0M)->0.0B(12.0M) Survivors: 0.0B->0.0B Heap: 223.0M(256.0M)->175.4M(256.0M)], [Metaspace: 2810K->2810K(1056768K)]
 [Times: user=0.02 sys=0.00, real=0.03 secs] 
2021-05-16T20:03:20.963+0800: 0.628: [GC remark, 0.0000219 secs]
 [Times: user=0.00 sys=0.00, real=0.00 secs] 
2021-05-16T20:03:20.963+0800: 0.629: [GC concurrent-mark-abort]
2021-05-16T20:03:20.964+0800: 0.629: [GC pause (G1 Humongous Allocation) (young) (initial-mark), 0.0013430 secs]
   [Parallel Time: 0.8 ms, GC Workers: 1]
      [GC Worker Start (ms):  629.6]
      [Ext Root Scanning (ms):  0.3]
      [Update RS (ms):  0.3]
         [Processed Buffers:  7]
      [Scan RS (ms):  0.0]
      [Code Root Scanning (ms):  0.0]
      [Object Copy (ms):  0.1]
      [Termination (ms):  0.0]
         [Termination Attempts:  1]
      [GC Worker Other (ms):  0.0]
      [GC Worker Total (ms):  0.7]
      [GC Worker End (ms):  630.3]
   [Code Root Fixup: 0.0 ms]
   [Code Root Purge: 0.0 ms]
   [Clear CT: 0.1 ms]
   [Other: 0.4 ms]
      [Choose CSet: 0.0 ms]
      [Ref Proc: 0.1 ms]
      [Ref Enq: 0.0 ms]
      [Redirty Cards: 0.1 ms]
      [Humongous Register: 0.1 ms]
      [Humongous Reclaim: 0.0 ms]
      [Free CSet: 0.0 ms]
   [Eden: 2048.0K(12.0M)->0.0B(11.0M) Survivors: 0.0B->1024.0K Heap: 177.7M(256.0M)->175.7M(256.0M)]
 [Times: user=0.00 sys=0.00, real=0.00 secs] 
2021-05-16T20:03:20.966+0800: 0.631: [GC concurrent-root-region-scan-start]
2021-05-16T20:03:20.966+0800: 0.631: [GC concurrent-root-region-scan-end, 0.0002076 secs]
2021-05-16T20:03:20.966+0800: 0.631: [GC concurrent-mark-start]
2021-05-16T20:03:20.969+0800: 0.634: [GC pause (G1 Evacuation Pause) (young), 0.0025834 secs]
   [Parallel Time: 2.0 ms, GC Workers: 1]
      [GC Worker Start (ms):  634.3]
      [Ext Root Scanning (ms):  0.2]
      [Update RS (ms):  1.2]
         [Processed Buffers:  32]
      [Scan RS (ms):  0.0]
      [Code Root Scanning (ms):  0.0]
      [Object Copy (ms):  0.5]
      [Termination (ms):  0.0]
         [Termination Attempts:  1]
      [GC Worker Other (ms):  0.0]
      [GC Worker Total (ms):  1.9]
      [GC Worker End (ms):  636.1]
   [Code Root Fixup: 0.0 ms]
   [Code Root Purge: 0.0 ms]
   [Clear CT: 0.1 ms]
   [Other: 0.4 ms]
      [Choose CSet: 0.0 ms]
      [Ref Proc: 0.1 ms]
      [Ref Enq: 0.0 ms]
      [Redirty Cards: 0.1 ms]
      [Humongous Register: 0.1 ms]
      [Humongous Reclaim: 0.0 ms]
      [Free CSet: 0.0 ms]
   [Eden: 11.0M(11.0M)->0.0B(10.0M) Survivors: 1024.0K->2048.0K Heap: 191.9M(256.0M)->182.5M(256.0M)]
 [Times: user=0.00 sys=0.00, real=0.00 secs] 
2021-05-16T20:03:20.972+0800: 0.637: [GC concurrent-mark-end, 0.0060460 secs]
2021-05-16T20:03:20.972+0800: 0.638: [GC remark 2021-05-16T20:03:20.972+0800: 0.638: [Finalize Marking, 0.0001369 secs] 2021-05-16T20:03:20.973+0800: 0.638: [GC ref-proc, 0.0000676 secs] 2021-05-16T20:03:20.973+0800: 0.638: [Unloading, 0.0009024 secs], 0.0029269 secs]
 [Times: user=0.00 sys=0.00, real=0.00 secs] 
2021-05-16T20:03:20.976+0800: 0.641: [GC cleanup 184M->184M(256M), 0.0007413 secs]
 [Times: user=0.00 sys=0.00, real=0.00 secs] 
2021-05-16T20:03:20.979+0800: 0.644: [GC pause (G1 Evacuation Pause) (young), 0.0021133 secs]
   [Parallel Time: 1.5 ms, GC Workers: 1]
      [GC Worker Start (ms):  644.3]
      [Ext Root Scanning (ms):  0.2]
      [Update RS (ms):  0.4]
         [Processed Buffers:  9]
      [Scan RS (ms):  0.0]
      [Code Root Scanning (ms):  0.0]
      [Object Copy (ms):  0.8]
      [Termination (ms):  0.0]
         [Termination Attempts:  1]
      [GC Worker Other (ms):  0.0]
      [GC Worker Total (ms):  1.4]
      [GC Worker End (ms):  645.7]
   [Code Root Fixup: 0.0 ms]
   [Code Root Purge: 0.0 ms]
   [Clear CT: 0.1 ms]
   [Other: 0.5 ms]
      [Choose CSet: 0.0 ms]
      [Ref Proc: 0.2 ms]
      [Ref Enq: 0.0 ms]
      [Redirty Cards: 0.1 ms]
      [Humongous Register: 0.1 ms]
      [Humongous Reclaim: 0.0 ms]
      [Free CSet: 0.0 ms]
   [Eden: 10.0M(10.0M)->0.0B(10.0M) Survivors: 2048.0K->2048.0K Heap: 193.2M(256.0M)->185.4M(256.0M)]
 [Times: user=0.00 sys=0.00, real=0.00 secs] 
2021-05-16T20:03:20.981+0800: 0.647: [GC pause (G1 Humongous Allocation) (young) (initial-mark), 0.0015829 secs]
   [Parallel Time: 1.0 ms, GC Workers: 1]
      [GC Worker Start (ms):  646.9]
      [Ext Root Scanning (ms):  0.3]
      [Update RS (ms):  0.1]
         [Processed Buffers:  3]
      [Scan RS (ms):  0.0]
      [Code Root Scanning (ms):  0.0]
      [Object Copy (ms):  0.4]
      [Termination (ms):  0.0]
         [Termination Attempts:  1]
      [GC Worker Other (ms):  0.0]
      [GC Worker Total (ms):  0.8]
      [GC Worker End (ms):  647.7]
   [Code Root Fixup: 0.0 ms]
   [Code Root Purge: 0.0 ms]
   [Clear CT: 0.1 ms]
   [Other: 0.4 ms]
      [Choose CSet: 0.0 ms]
      [Ref Proc: 0.2 ms]
      [Ref Enq: 0.0 ms]
      [Redirty Cards: 0.1 ms]
      [Humongous Register: 0.1 ms]
      [Humongous Reclaim: 0.0 ms]
      [Free CSet: 0.0 ms]
   [Eden: 1024.0K(10.0M)->0.0B(11.0M) Survivors: 2048.0K->1024.0K Heap: 186.4M(256.0M)->185.5M(256.0M)]
 [Times: user=0.00 sys=0.00, real=0.00 secs] 
2021-05-16T20:03:20.983+0800: 0.648: [GC concurrent-root-region-scan-start]
2021-05-16T20:03:20.983+0800: 0.649: [GC concurrent-root-region-scan-end, 0.0002738 secs]
2021-05-16T20:03:20.983+0800: 0.649: [GC concurrent-mark-start]
2021-05-16T20:03:20.986+0800: 0.651: [GC pause (G1 Evacuation Pause) (young) (to-space exhausted), 0.0026496 secs]
   [Parallel Time: 1.8 ms, GC Workers: 1]
      [GC Worker Start (ms):  651.4]
      [Ext Root Scanning (ms):  0.2]
      [Update RS (ms):  1.3]
         [Processed Buffers:  34]
      [Scan RS (ms):  0.0]
      [Code Root Scanning (ms):  0.0]
      [Object Copy (ms):  0.1]
      [Termination (ms):  0.0]
         [Termination Attempts:  1]
      [GC Worker Other (ms):  0.0]
      [GC Worker Total (ms):  1.7]
      [GC Worker End (ms):  653.0]
   [Code Root Fixup: 0.0 ms]
   [Code Root Purge: 0.0 ms]
   [Clear CT: 0.2 ms]
   [Other: 0.7 ms]
      [Evacuation Failure: 0.2 ms]
      [Choose CSet: 0.0 ms]
      [Ref Proc: 0.2 ms]
      [Ref Enq: 0.0 ms]
      [Redirty Cards: 0.2 ms]
      [Humongous Register: 0.1 ms]
      [Humongous Reclaim: 0.0 ms]
      [Free CSet: 0.0 ms]
   [Eden: 11.0M(11.0M)->0.0B(12.0M) Survivors: 1024.0K->0.0B Heap: 202.0M(256.0M)->199.3M(256.0M)]
 [Times: user=0.00 sys=0.00, real=0.00 secs] 
2021-05-16T20:03:20.989+0800: 0.655: [GC concurrent-mark-end, 0.0058397 secs]
2021-05-16T20:03:20.990+0800: 0.655: [GC remark 2021-05-16T20:03:20.990+0800: 0.655: [Finalize Marking, 0.0001374 secs] 2021-05-16T20:03:20.990+0800: 0.655: [GC ref-proc, 0.0000674 secs] 2021-05-16T20:03:20.990+0800: 0.655: [Unloading, 0.0009693 secs], 0.0033493 secs]
 [Times: user=0.00 sys=0.00, real=0.00 secs] 
2021-05-16T20:03:20.993+0800: 0.659: [GC cleanup 203M->203M(256M), 0.0008401 secs]
 [Times: user=0.00 sys=0.00, real=0.00 secs] 
2021-05-16T20:03:20.994+0800: 0.660: [GC pause (G1 Humongous Allocation) (young) (to-space exhausted), 0.0012128 secs]
   [Parallel Time: 0.9 ms, GC Workers: 1]
      [GC Worker Start (ms):  659.8]
      [Ext Root Scanning (ms):  0.4]
      [Update RS (ms):  0.4]
         [Processed Buffers:  8]
      [Scan RS (ms):  0.0]
      [Code Root Scanning (ms):  0.0]
      [Object Copy (ms):  0.0]
      [Termination (ms):  0.0]
         [Termination Attempts:  1]
      [GC Worker Other (ms):  0.0]
      [GC Worker Total (ms):  0.8]
      [GC Worker End (ms):  660.7]
   [Code Root Fixup: 0.0 ms]
   [Code Root Purge: 0.0 ms]
   [Clear CT: 0.1 ms]
   [Other: 0.3 ms]
      [Evacuation Failure: 0.1 ms]
      [Choose CSet: 0.0 ms]
      [Ref Proc: 0.0 ms]
      [Ref Enq: 0.0 ms]
      [Redirty Cards: 0.0 ms]
      [Humongous Register: 0.1 ms]
      [Humongous Reclaim: 0.0 ms]
      [Free CSet: 0.0 ms]
   [Eden: 4096.0K(12.0M)->0.0B(12.0M) Survivors: 0.0B->0.0B Heap: 203.6M(256.0M)->202.9M(256.0M)]
 [Times: user=0.00 sys=0.00, real=0.00 secs] 
2021-05-16T20:03:20.996+0800: 0.661: [GC pause (G1 Evacuation Pause) (mixed) (to-space exhausted), 0.0008353 secs]
   [Parallel Time: 0.6 ms, GC Workers: 1]
      [GC Worker Start (ms):  661.3]
      [Ext Root Scanning (ms):  0.2]
      [Update RS (ms):  0.3]
         [Processed Buffers:  8]
      [Scan RS (ms):  0.0]
      [Code Root Scanning (ms):  0.0]
      [Object Copy (ms):  0.0]
      [Termination (ms):  0.0]
         [Termination Attempts:  1]
      [GC Worker Other (ms):  0.0]
      [GC Worker Total (ms):  0.5]
      [GC Worker End (ms):  661.8]
   [Code Root Fixup: 0.0 ms]
   [Code Root Purge: 0.0 ms]
   [Clear CT: 0.0 ms]
   [Other: 0.2 ms]
      [Evacuation Failure: 0.0 ms]
      [Choose CSet: 0.0 ms]
      [Ref Proc: 0.1 ms]
      [Ref Enq: 0.0 ms]
      [Redirty Cards: 0.0 ms]
      [Humongous Register: 0.0 ms]
      [Humongous Reclaim: 0.0 ms]
      [Free CSet: 0.0 ms]
   [Eden: 0.0B(12.0M)->0.0B(12.0M) Survivors: 0.0B->0.0B Heap: 203.6M(256.0M)->203.6M(256.0M)]
 [Times: user=0.00 sys=0.00, real=0.00 secs] 
2021-05-16T20:03:20.997+0800: 0.662: [GC pause (G1 Evacuation Pause) (young), 0.0005631 secs]
   [Parallel Time: 0.3 ms, GC Workers: 1]
      [GC Worker Start (ms):  662.4]
      [Ext Root Scanning (ms):  0.2]
      [Update RS (ms):  0.1]
         [Processed Buffers:  3]
      [Scan RS (ms):  0.0]
      [Code Root Scanning (ms):  0.0]
      [Object Copy (ms):  0.0]
      [Termination (ms):  0.0]
         [Termination Attempts:  1]
      [GC Worker Other (ms):  0.0]
      [GC Worker Total (ms):  0.3]
      [GC Worker End (ms):  662.7]
   [Code Root Fixup: 0.0 ms]
   [Code Root Purge: 0.0 ms]
   [Clear CT: 0.0 ms]
   [Other: 0.2 ms]
      [Choose CSet: 0.0 ms]
      [Ref Proc: 0.0 ms]
      [Ref Enq: 0.0 ms]
      [Redirty Cards: 0.1 ms]
      [Humongous Register: 0.0 ms]
      [Humongous Reclaim: 0.0 ms]
      [Free CSet: 0.0 ms]
   [Eden: 0.0B(12.0M)->0.0B(12.0M) Survivors: 0.0B->0.0B Heap: 203.6M(256.0M)->203.6M(256.0M)]
 [Times: user=0.00 sys=0.00, real=0.00 secs] 
2021-05-16T20:03:20.998+0800: 0.663: [Full GC (Allocation Failure)  203M->186M(256M), 0.0229368 secs]
   [Eden: 0.0B(12.0M)->0.0B(12.0M) Survivors: 0.0B->0.0B Heap: 203.6M(256.0M)->186.3M(256.0M)], [Metaspace: 2810K->2810K(1056768K)]
 [Times: user=0.03 sys=0.00, real=0.02 secs] 
2021-05-16T20:03:21.021+0800: 0.686: [GC pause (G1 Humongous Allocation) (young) (initial-mark), 0.0007210 secs]
   [Parallel Time: 0.5 ms, GC Workers: 1]
      [GC Worker Start (ms):  686.4]
      [Ext Root Scanning (ms):  0.2]
      [Update RS (ms):  0.1]
         [Processed Buffers:  2]
      [Scan RS (ms):  0.0]
      [Code Root Scanning (ms):  0.0]
      [Object Copy (ms):  0.0]
      [Termination (ms):  0.0]
         [Termination Attempts:  1]
      [GC Worker Other (ms):  0.0]
      [GC Worker Total (ms):  0.3]
      [GC Worker End (ms):  686.8]
   [Code Root Fixup: 0.0 ms]
   [Code Root Purge: 0.0 ms]
   [Clear CT: 0.0 ms]
   [Other: 0.2 ms]
      [Choose CSet: 0.0 ms]
      [Ref Proc: 0.1 ms]
      [Ref Enq: 0.0 ms]
      [Redirty Cards: 0.0 ms]
      [Humongous Register: 0.0 ms]
      [Humongous Reclaim: 0.0 ms]
      [Free CSet: 0.0 ms]
   [Eden: 1024.0K(12.0M)->0.0B(11.0M) Survivors: 0.0B->1024.0K Heap: 186.6M(256.0M)->186.3M(256.0M)]
 [Times: user=0.00 sys=0.00, real=0.00 secs] 
2021-05-16T20:03:21.022+0800: 0.687: [GC concurrent-root-region-scan-start]
2021-05-16T20:03:21.022+0800: 0.687: [GC concurrent-root-region-scan-end, 0.0000507 secs]
2021-05-16T20:03:21.022+0800: 0.687: [GC concurrent-mark-start]
2021-05-16T20:03:21.025+0800: 0.691: [GC pause (G1 Evacuation Pause) (young) (to-space exhausted), 0.0018849 secs]
   [Parallel Time: 1.5 ms, GC Workers: 1]
      [GC Worker Start (ms):  690.8]
      [Ext Root Scanning (ms):  0.2]
      [Update RS (ms):  0.9]
         [Processed Buffers:  27]
      [Scan RS (ms):  0.0]
      [Code Root Scanning (ms):  0.0]
      [Object Copy (ms):  0.3]
      [Termination (ms):  0.0]
         [Termination Attempts:  1]
      [GC Worker Other (ms):  0.0]
      [GC Worker Total (ms):  1.5]
      [GC Worker End (ms):  692.3]
   [Code Root Fixup: 0.0 ms]
   [Code Root Purge: 0.0 ms]
   [Clear CT: 0.1 ms]
   [Other: 0.3 ms]
      [Evacuation Failure: 0.1 ms]
      [Choose CSet: 0.0 ms]
      [Ref Proc: 0.1 ms]
      [Ref Enq: 0.0 ms]
      [Redirty Cards: 0.0 ms]
      [Humongous Register: 0.1 ms]
      [Humongous Reclaim: 0.0 ms]
      [Free CSet: 0.0 ms]
   [Eden: 11.0M(11.0M)->0.0B(10.0M) Survivors: 1024.0K->2048.0K Heap: 200.2M(256.0M)->195.0M(256.0M)]
 [Times: user=0.00 sys=0.00, real=0.00 secs] 
2021-05-16T20:03:21.028+0800: 0.693: [GC concurrent-mark-end, 0.0061527 secs]
2021-05-16T20:03:21.029+0800: 0.694: [GC remark 2021-05-16T20:03:21.029+0800: 0.694: [Finalize Marking, 0.0001284 secs] 2021-05-16T20:03:21.029+0800: 0.694: [GC ref-proc, 0.0000732 secs] 2021-05-16T20:03:21.029+0800: 0.694: [Unloading, 0.0008564 secs], 0.0027428 secs]
 [Times: user=0.02 sys=0.00, real=0.00 secs] 
2021-05-16T20:03:21.032+0800: 0.697: [GC cleanup 199M->199M(256M), 0.0003750 secs]
 [Times: user=0.00 sys=0.00, real=0.00 secs] 
2021-05-16T20:03:21.033+0800: 0.698: [GC pause (G1 Evacuation Pause) (young) (to-space exhausted), 0.0009953 secs]
   [Parallel Time: 0.7 ms, GC Workers: 1]
      [GC Worker Start (ms):  698.5]
      [Ext Root Scanning (ms):  0.2]
      [Update RS (ms):  0.4]
         [Processed Buffers:  12]
      [Scan RS (ms):  0.0]
      [Code Root Scanning (ms):  0.0]
      [Object Copy (ms):  0.0]
      [Termination (ms):  0.0]
         [Termination Attempts:  1]
      [GC Worker Other (ms):  0.0]
      [GC Worker Total (ms):  0.7]
      [GC Worker End (ms):  699.2]
   [Code Root Fixup: 0.0 ms]
   [Code Root Purge: 0.0 ms]
   [Clear CT: 0.1 ms]
   [Other: 0.2 ms]
      [Evacuation Failure: 0.1 ms]
      [Choose CSet: 0.0 ms]
      [Ref Proc: 0.0 ms]
      [Ref Enq: 0.0 ms]
      [Redirty Cards: 0.0 ms]
      [Humongous Register: 0.1 ms]
      [Humongous Reclaim: 0.0 ms]
      [Free CSet: 0.0 ms]
   [Eden: 7168.0K(10.0M)->0.0B(12.0M) Survivors: 2048.0K->0.0B Heap: 203.0M(256.0M)->200.7M(256.0M)]
 [Times: user=0.00 sys=0.00, real=0.00 secs] 
2021-05-16T20:03:21.034+0800: 0.700: [GC pause (G1 Humongous Allocation) (young) (initial-mark), 0.0007340 secs]
   [Parallel Time: 0.5 ms, GC Workers: 1]
      [GC Worker Start (ms):  699.7]
      [Ext Root Scanning (ms):  0.3]
      [Update RS (ms):  0.1]
         [Processed Buffers:  4]
      [Scan RS (ms):  0.0]
      [Code Root Scanning (ms):  0.0]
      [Object Copy (ms):  0.1]
      [Termination (ms):  0.0]
         [Termination Attempts:  1]
      [GC Worker Other (ms):  0.0]
      [GC Worker Total (ms):  0.5]
      [GC Worker End (ms):  700.2]
   [Code Root Fixup: 0.0 ms]
   [Code Root Purge: 0.0 ms]
   [Clear CT: 0.0 ms]
   [Other: 0.2 ms]
      [Choose CSet: 0.0 ms]
      [Ref Proc: 0.0 ms]
      [Ref Enq: 0.0 ms]
      [Redirty Cards: 0.1 ms]
      [Humongous Register: 0.0 ms]
      [Humongous Reclaim: 0.0 ms]
      [Free CSet: 0.0 ms]
   [Eden: 1024.0K(12.0M)->0.0B(11.0M) Survivors: 0.0B->1024.0K Heap: 201.7M(256.0M)->201.2M(256.0M)]
 [Times: user=0.00 sys=0.00, real=0.00 secs] 
2021-05-16T20:03:21.035+0800: 0.700: [GC concurrent-root-region-scan-start]
2021-05-16T20:03:21.035+0800: 0.701: [GC concurrent-root-region-scan-end, 0.0000372 secs]
2021-05-16T20:03:21.035+0800: 0.701: [GC concurrent-mark-start]
2021-05-16T20:03:21.036+0800: 0.701: [GC pause (G1 Evacuation Pause) (young) (to-space exhausted), 0.0007064 secs]
   [Parallel Time: 0.5 ms, GC Workers: 1]
      [GC Worker Start (ms):  700.9]
      [Ext Root Scanning (ms):  0.2]
      [Update RS (ms):  0.3]
         [Processed Buffers:  9]
      [Scan RS (ms):  0.0]
      [Code Root Scanning (ms):  0.0]
      [Object Copy (ms):  0.0]
      [Termination (ms):  0.0]
         [Termination Attempts:  1]
      [GC Worker Other (ms):  0.0]
      [GC Worker Total (ms):  0.5]
      [GC Worker End (ms):  701.4]
   [Code Root Fixup: 0.0 ms]
   [Code Root Purge: 0.0 ms]
   [Clear CT: 0.0 ms]
   [Other: 0.2 ms]
      [Evacuation Failure: 0.0 ms]
      [Choose CSet: 0.0 ms]
      [Ref Proc: 0.0 ms]
      [Ref Enq: 0.0 ms]
      [Redirty Cards: 0.0 ms]
      [Humongous Register: 0.0 ms]
      [Humongous Reclaim: 0.0 ms]
      [Free CSet: 0.0 ms]
   [Eden: 1024.0K(11.0M)->0.0B(12.0M) Survivors: 1024.0K->0.0B Heap: 203.0M(256.0M)->203.0M(256.0M)]
 [Times: user=0.00 sys=0.00, real=0.00 secs] 
2021-05-16T20:03:21.036+0800: 0.702: [Full GC (Allocation Failure)  202M->189M(256M), 0.0201682 secs]
   [Eden: 0.0B(12.0M)->0.0B(12.0M) Survivors: 0.0B->0.0B Heap: 203.0M(256.0M)->189.3M(256.0M)], [Metaspace: 2810K->2810K(1056768K)]
 [Times: user=0.02 sys=0.00, real=0.02 secs] 
2021-05-16T20:03:21.057+0800: 0.722: [GC concurrent-mark-abort]
2021-05-16T20:03:21.058+0800: 0.723: [GC pause (G1 Humongous Allocation) (young) (initial-mark), 0.0009466 secs]
   [Parallel Time: 0.6 ms, GC Workers: 1]
      [GC Worker Start (ms):  722.9]
      [Ext Root Scanning (ms):  0.3]
      [Update RS (ms):  0.1]
         [Processed Buffers:  2]
      [Scan RS (ms):  0.0]
      [Code Root Scanning (ms):  0.0]
      [Object Copy (ms):  0.1]
      [Termination (ms):  0.0]
         [Termination Attempts:  1]
      [GC Worker Other (ms):  0.0]
      [GC Worker Total (ms):  0.6]
      [GC Worker End (ms):  723.5]
   [Code Root Fixup: 0.0 ms]
   [Code Root Purge: 0.0 ms]
   [Clear CT: 0.1 ms]
   [Other: 0.2 ms]
      [Choose CSet: 0.0 ms]
      [Ref Proc: 0.0 ms]
      [Ref Enq: 0.0 ms]
      [Redirty Cards: 0.0 ms]
      [Humongous Register: 0.1 ms]
      [Humongous Reclaim: 0.0 ms]
      [Free CSet: 0.0 ms]
   [Eden: 3072.0K(12.0M)->0.0B(11.0M) Survivors: 0.0B->1024.0K Heap: 191.8M(256.0M)->189.9M(256.0M)]
 [Times: user=0.00 sys=0.00, real=0.00 secs] 
2021-05-16T20:03:21.059+0800: 0.724: [GC concurrent-root-region-scan-start]
2021-05-16T20:03:21.059+0800: 0.724: [GC concurrent-root-region-scan-end, 0.0001115 secs]
2021-05-16T20:03:21.059+0800: 0.724: [GC concurrent-mark-start]
2021-05-16T20:03:21.060+0800: 0.726: [GC pause (G1 Humongous Allocation) (young) (to-space exhausted), 0.0015323 secs]
   [Parallel Time: 1.2 ms, GC Workers: 1]
      [GC Worker Start (ms):  725.6]
      [Ext Root Scanning (ms):  0.2]
      [Update RS (ms):  0.9]
         [Processed Buffers:  25]
      [Scan RS (ms):  0.0]
      [Code Root Scanning (ms):  0.0]
      [Object Copy (ms):  0.0]
      [Termination (ms):  0.0]
         [Termination Attempts:  1]
      [GC Worker Other (ms):  0.0]
      [GC Worker Total (ms):  1.1]
      [GC Worker End (ms):  726.7]
   [Code Root Fixup: 0.0 ms]
   [Code Root Purge: 0.0 ms]
   [Clear CT: 0.0 ms]
   [Other: 0.3 ms]
      [Evacuation Failure: 0.1 ms]
      [Choose CSet: 0.0 ms]
      [Ref Proc: 0.1 ms]
      [Ref Enq: 0.0 ms]
      [Redirty Cards: 0.0 ms]
      [Humongous Register: 0.0 ms]
      [Humongous Reclaim: 0.0 ms]
      [Free CSet: 0.0 ms]
   [Eden: 7168.0K(11.0M)->0.0B(12.0M) Survivors: 1024.0K->0.0B Heap: 199.5M(256.0M)->197.5M(256.0M)]
 [Times: user=0.01 sys=0.00, real=0.00 secs] 
2021-05-16T20:03:21.063+0800: 0.728: [GC pause (G1 Evacuation Pause) (young) (to-space exhausted), 0.0009539 secs]
   [Parallel Time: 0.8 ms, GC Workers: 1]
      [GC Worker Start (ms):  727.9]
      [Ext Root Scanning (ms):  0.2]
      [Update RS (ms):  0.5]
         [Processed Buffers:  14]
      [Scan RS (ms):  0.0]
      [Code Root Scanning (ms):  0.0]
      [Object Copy (ms):  0.0]
      [Termination (ms):  0.0]
         [Termination Attempts:  1]
      [GC Worker Other (ms):  0.0]
      [GC Worker Total (ms):  0.7]
      [GC Worker End (ms):  728.5]
   [Code Root Fixup: 0.0 ms]
   [Code Root Purge: 0.0 ms]
   [Clear CT: 0.0 ms]
   [Other: 0.2 ms]
      [Evacuation Failure: 0.0 ms]
      [Choose CSet: 0.0 ms]
      [Ref Proc: 0.0 ms]
      [Ref Enq: 0.0 ms]
      [Redirty Cards: 0.0 ms]
      [Humongous Register: 0.0 ms]
      [Humongous Reclaim: 0.0 ms]
      [Free CSet: 0.0 ms]
   [Eden: 1024.0K(12.0M)->0.0B(12.0M) Survivors: 0.0B->0.0B Heap: 199.7M(256.0M)->198.5M(256.0M)]
 [Times: user=0.00 sys=0.00, real=0.00 secs] 
2021-05-16T20:03:21.064+0800: 0.730: [GC pause (G1 Evacuation Pause) (young) (to-space exhausted), 0.0007468 secs]
   [Parallel Time: 0.5 ms, GC Workers: 1]
      [GC Worker Start (ms):  729.6]
      [Ext Root Scanning (ms):  0.3]
      [Update RS (ms):  0.2]
         [Processed Buffers:  4]
      [Scan RS (ms):  0.0]
      [Code Root Scanning (ms):  0.0]
      [Object Copy (ms):  0.0]
      [Termination (ms):  0.0]
         [Termination Attempts:  1]
      [GC Worker Other (ms):  0.0]
      [GC Worker Total (ms):  0.5]
      [GC Worker End (ms):  730.1]
   [Code Root Fixup: 0.0 ms]
   [Code Root Purge: 0.0 ms]
   [Clear CT: 0.0 ms]
   [Other: 0.2 ms]
      [Evacuation Failure: 0.0 ms]
      [Choose CSet: 0.0 ms]
      [Ref Proc: 0.0 ms]
      [Ref Enq: 0.0 ms]
      [Redirty Cards: 0.0 ms]
      [Humongous Register: 0.0 ms]
      [Humongous Reclaim: 0.0 ms]
      [Free CSet: 0.0 ms]
   [Eden: 2048.0K(12.0M)->0.0B(12.0M) Survivors: 0.0B->0.0B Heap: 200.5M(256.0M)->200.5M(256.0M)]
 [Times: user=0.00 sys=0.00, real=0.00 secs] 
2021-05-16T20:03:21.065+0800: 0.731: [Full GC (Allocation Failure)  200M->191M(256M), 0.0220302 secs]
   [Eden: 0.0B(12.0M)->0.0B(12.0M) Survivors: 0.0B->0.0B Heap: 200.5M(256.0M)->191.6M(256.0M)], [Metaspace: 2810K->2810K(1056768K)]
 [Times: user=0.02 sys=0.00, real=0.02 secs] 
2021-05-16T20:03:21.088+0800: 0.753: [GC concurrent-mark-abort]
2021-05-16T20:03:21.089+0800: 0.754: [GC pause (G1 Humongous Allocation) (young) (initial-mark), 0.0013584 secs]
   [Parallel Time: 0.8 ms, GC Workers: 1]
      [GC Worker Start (ms):  753.9]
      [Ext Root Scanning (ms):  0.4]
      [Update RS (ms):  0.2]
         [Processed Buffers:  2]
      [Scan RS (ms):  0.0]
      [Code Root Scanning (ms):  0.0]
      [Object Copy (ms):  0.1]
      [Termination (ms):  0.0]
         [Termination Attempts:  1]
      [GC Worker Other (ms):  0.0]
      [GC Worker Total (ms):  0.8]
      [GC Worker End (ms):  754.7]
   [Code Root Fixup: 0.0 ms]
   [Code Root Purge: 0.0 ms]
   [Clear CT: 0.2 ms]
   [Other: 0.4 ms]
      [Choose CSet: 0.0 ms]
      [Ref Proc: 0.1 ms]
      [Ref Enq: 0.0 ms]
      [Redirty Cards: 0.1 ms]
      [Humongous Register: 0.1 ms]
      [Humongous Reclaim: 0.0 ms]
      [Free CSet: 0.0 ms]
   [Eden: 2048.0K(12.0M)->0.0B(11.0M) Survivors: 0.0B->1024.0K Heap: 193.3M(256.0M)->191.8M(256.0M)]
 [Times: user=0.00 sys=0.00, real=0.00 secs] 
2021-05-16T20:03:21.090+0800: 0.755: [GC concurrent-root-region-scan-start]
2021-05-16T20:03:21.090+0800: 0.756: [GC concurrent-root-region-scan-end, 0.0002225 secs]
2021-05-16T20:03:21.090+0800: 0.756: [GC concurrent-mark-start]
2021-05-16T20:03:21.092+0800: 0.757: [GC pause (G1 Evacuation Pause) (young) (to-space exhausted), 0.0016615 secs]
   [Parallel Time: 0.8 ms, GC Workers: 1]
      [GC Worker Start (ms):  757.6]
      [Ext Root Scanning (ms):  0.2]
      [Update RS (ms):  0.5]
         [Processed Buffers:  14]
      [Scan RS (ms):  0.0]
      [Code Root Scanning (ms):  0.0]
      [Object Copy (ms):  0.0]
      [Termination (ms):  0.0]
         [Termination Attempts:  1]
      [GC Worker Other (ms):  0.0]
      [GC Worker Total (ms):  0.7]
      [GC Worker End (ms):  758.3]
   [Code Root Fixup: 0.0 ms]
   [Code Root Purge: 0.0 ms]
   [Clear CT: 0.1 ms]
   [Other: 0.7 ms]
      [Evacuation Failure: 0.3 ms]
      [Choose CSet: 0.0 ms]
      [Ref Proc: 0.2 ms]
      [Ref Enq: 0.0 ms]
      [Redirty Cards: 0.2 ms]
      [Humongous Register: 0.0 ms]
      [Humongous Reclaim: 0.0 ms]
      [Free CSet: 0.0 ms]
   [Eden: 7168.0K(11.0M)->0.0B(12.0M) Survivors: 1024.0K->0.0B Heap: 200.1M(256.0M)->198.8M(256.0M)]
 [Times: user=0.01 sys=0.00, real=0.00 secs] 
2021-05-16T20:03:21.095+0800: 0.760: [GC pause (G1 Evacuation Pause) (young) (to-space exhausted), 0.0010943 secs]
   [Parallel Time: 0.4 ms, GC Workers: 1]
      [GC Worker Start (ms):  759.9]
      [Ext Root Scanning (ms):  0.2]
      [Update RS (ms):  0.1]
         [Processed Buffers:  4]
      [Scan RS (ms):  0.0]
      [Code Root Scanning (ms):  0.0]
      [Object Copy (ms):  0.0]
      [Termination (ms):  0.0]
         [Termination Attempts:  1]
      [GC Worker Other (ms):  0.0]
      [GC Worker Total (ms):  0.3]
      [GC Worker End (ms):  760.2]
   [Code Root Fixup: 0.0 ms]
   [Code Root Purge: 0.0 ms]
   [Clear CT: 0.1 ms]
   [Other: 0.5 ms]
      [Evacuation Failure: 0.1 ms]
      [Choose CSet: 0.0 ms]
      [Ref Proc: 0.1 ms]
      [Ref Enq: 0.0 ms]
      [Redirty Cards: 0.1 ms]
      [Humongous Register: 0.0 ms]
      [Humongous Reclaim: 0.0 ms]
      [Free CSet: 0.0 ms]
   [Eden: 2048.0K(12.0M)->0.0B(12.0M) Survivors: 0.0B->0.0B Heap: 200.8M(256.0M)->200.8M(256.0M)]
 [Times: user=0.00 sys=0.00, real=0.00 secs] 
2021-05-16T20:03:21.096+0800: 0.761: [Full GC (Allocation Failure)  200M->192M(256M), 0.0161537 secs]
   [Eden: 0.0B(12.0M)->0.0B(12.0M) Survivors: 0.0B->0.0B Heap: 200.8M(256.0M)->192.3M(256.0M)], [Metaspace: 2810K->2810K(1056768K)]
 [Times: user=0.02 sys=0.00, real=0.02 secs] 
2021-05-16T20:03:21.112+0800: 0.778: [GC concurrent-mark-abort]
2021-05-16T20:03:21.113+0800: 0.778: [GC pause (G1 Humongous Allocation) (young) (initial-mark), 0.0010608 secs]
   [Parallel Time: 0.5 ms, GC Workers: 1]
      [GC Worker Start (ms):  778.0]
      [Ext Root Scanning (ms):  0.2]
      [Update RS (ms):  0.1]
         [Processed Buffers:  2]
      [Scan RS (ms):  0.0]
      [Code Root Scanning (ms):  0.0]
      [Object Copy (ms):  0.0]
      [Termination (ms):  0.0]
         [Termination Attempts:  1]
      [GC Worker Other (ms):  0.0]
      [GC Worker Total (ms):  0.4]
      [GC Worker End (ms):  778.3]
   [Code Root Fixup: 0.0 ms]
   [Code Root Purge: 0.0 ms]
   [Clear CT: 0.2 ms]
   [Other: 0.4 ms]
      [Choose CSet: 0.0 ms]
      [Ref Proc: 0.2 ms]
      [Ref Enq: 0.0 ms]
      [Redirty Cards: 0.1 ms]
      [Humongous Register: 0.0 ms]
      [Humongous Reclaim: 0.0 ms]
      [Free CSet: 0.0 ms]
   [Eden: 2048.0K(12.0M)->0.0B(11.0M) Survivors: 0.0B->1024.0K Heap: 193.5M(256.0M)->192.1M(256.0M)]
 [Times: user=0.00 sys=0.00, real=0.00 secs] 
2021-05-16T20:03:21.114+0800: 0.779: [GC concurrent-root-region-scan-start]
2021-05-16T20:03:21.114+0800: 0.779: [GC concurrent-root-region-scan-end, 0.0000902 secs]
2021-05-16T20:03:21.114+0800: 0.779: [GC concurrent-mark-start]
2021-05-16T20:03:21.115+0800: 0.780: [GC pause (G1 Humongous Allocation) (young) (to-space exhausted), 0.0020303 secs]
   [Parallel Time: 1.3 ms, GC Workers: 1]
      [GC Worker Start (ms):  780.5]
      [Ext Root Scanning (ms):  0.2]
      [Update RS (ms):  1.0]
         [Processed Buffers:  26]
      [Scan RS (ms):  0.0]
      [Code Root Scanning (ms):  0.0]
      [Object Copy (ms):  0.0]
      [Termination (ms):  0.0]
         [Termination Attempts:  1]
      [GC Worker Other (ms):  0.0]
      [GC Worker Total (ms):  1.2]
      [GC Worker End (ms):  781.7]
   [Code Root Fixup: 0.0 ms]
   [Code Root Purge: 0.0 ms]
   [Clear CT: 0.2 ms]
   [Other: 0.6 ms]
      [Evacuation Failure: 0.1 ms]
      [Choose CSet: 0.0 ms]
      [Ref Proc: 0.2 ms]
      [Ref Enq: 0.0 ms]
      [Redirty Cards: 0.2 ms]
      [Humongous Register: 0.0 ms]
      [Humongous Reclaim: 0.0 ms]
      [Free CSet: 0.0 ms]
   [Eden: 6144.0K(11.0M)->0.0B(12.0M) Survivors: 1024.0K->0.0B Heap: 200.9M(256.0M)->196.6M(256.0M)]
 [Times: user=0.00 sys=0.00, real=0.00 secs] 
2021-05-16T20:03:21.119+0800: 0.785: [GC pause (G1 Evacuation Pause) (young) (to-space exhausted), 0.0020597 secs]
   [Parallel Time: 1.3 ms, GC Workers: 1]
      [GC Worker Start (ms):  784.8]
      [Ext Root Scanning (ms):  0.5]
      [Update RS (ms):  0.7]
         [Processed Buffers:  11]
      [Scan RS (ms):  0.0]
      [Code Root Scanning (ms):  0.0]
      [Object Copy (ms):  0.0]
      [Termination (ms):  0.0]
         [Termination Attempts:  1]
      [GC Worker Other (ms):  0.0]
      [GC Worker Total (ms):  1.2]
      [GC Worker End (ms):  786.0]
   [Code Root Fixup: 0.0 ms]
   [Code Root Purge: 0.0 ms]
   [Clear CT: 0.1 ms]
   [Other: 0.6 ms]
      [Evacuation Failure: 0.2 ms]
      [Choose CSet: 0.0 ms]
      [Ref Proc: 0.1 ms]
      [Ref Enq: 0.0 ms]
      [Redirty Cards: 0.1 ms]
      [Humongous Register: 0.1 ms]
      [Humongous Reclaim: 0.0 ms]
      [Free CSet: 0.0 ms]
   [Eden: 5120.0K(12.0M)->0.0B(12.0M) Survivors: 0.0B->0.0B Heap: 202.4M(256.0M)->201.6M(256.0M)]
 [Times: user=0.00 sys=0.00, real=0.00 secs] 
2021-05-16T20:03:21.122+0800: 0.787: [GC pause (G1 Humongous Allocation) (young) (to-space exhausted), 0.0009754 secs]
   [Parallel Time: 0.5 ms, GC Workers: 1]
      [GC Worker Start (ms):  787.4]
      [Ext Root Scanning (ms):  0.2]
      [Update RS (ms):  0.1]
         [Processed Buffers:  4]
      [Scan RS (ms):  0.0]
      [Code Root Scanning (ms):  0.0]
      [Object Copy (ms):  0.0]
      [Termination (ms):  0.0]
         [Termination Attempts:  1]
      [GC Worker Other (ms):  0.0]
      [GC Worker Total (ms):  0.3]
      [GC Worker End (ms):  787.7]
   [Code Root Fixup: 0.0 ms]
   [Code Root Purge: 0.0 ms]
   [Clear CT: 0.1 ms]
   [Other: 0.4 ms]
      [Evacuation Failure: 0.1 ms]
      [Choose CSet: 0.0 ms]
      [Ref Proc: 0.1 ms]
      [Ref Enq: 0.0 ms]
      [Redirty Cards: 0.1 ms]
      [Humongous Register: 0.0 ms]
      [Humongous Reclaim: 0.0 ms]
      [Free CSet: 0.0 ms]
   [Eden: 1024.0K(12.0M)->0.0B(12.0M) Survivors: 0.0B->0.0B Heap: 202.1M(256.0M)->202.1M(256.0M)]
 [Times: user=0.00 sys=0.00, real=0.00 secs] 
2021-05-16T20:03:21.123+0800: 0.789: [Full GC (Allocation Failure)  202M->192M(256M), 0.0205020 secs]
   [Eden: 0.0B(12.0M)->0.0B(12.0M) Survivors: 0.0B->0.0B Heap: 202.1M(256.0M)->192.6M(256.0M)], [Metaspace: 2810K->2810K(1056768K)]
 [Times: user=0.03 sys=0.00, real=0.02 secs] 
2021-05-16T20:03:21.144+0800: 0.809: [GC concurrent-mark-abort]
2021-05-16T20:03:21.144+0800: 0.809: [GC pause (G1 Humongous Allocation) (young) (initial-mark), 0.0008708 secs]
   [Parallel Time: 0.6 ms, GC Workers: 1]
      [GC Worker Start (ms):  809.4]
      [Ext Root Scanning (ms):  0.2]
      [Update RS (ms):  0.3]
         [Processed Buffers:  8]
      [Scan RS (ms):  0.0]
      [Code Root Scanning (ms):  0.0]
      [Object Copy (ms):  0.0]
      [Termination (ms):  0.0]
         [Termination Attempts:  1]
      [GC Worker Other (ms):  0.0]
      [GC Worker Total (ms):  0.6]
      [GC Worker End (ms):  810.0]
   [Code Root Fixup: 0.0 ms]
   [Code Root Purge: 0.0 ms]
   [Clear CT: 0.1 ms]
   [Other: 0.2 ms]
      [Choose CSet: 0.0 ms]
      [Ref Proc: 0.0 ms]
      [Ref Enq: 0.0 ms]
      [Redirty Cards: 0.1 ms]
      [Humongous Register: 0.0 ms]
      [Humongous Reclaim: 0.0 ms]
      [Free CSet: 0.0 ms]
   [Eden: 1024.0K(12.0M)->0.0B(11.0M) Survivors: 0.0B->1024.0K Heap: 193.7M(256.0M)->193.4M(256.0M)]
 [Times: user=0.00 sys=0.00, real=0.00 secs] 
2021-05-16T20:03:21.145+0800: 0.810: [GC concurrent-root-region-scan-start]
2021-05-16T20:03:21.145+0800: 0.810: [GC concurrent-root-region-scan-end, 0.0000478 secs]
2021-05-16T20:03:21.145+0800: 0.810: [GC concurrent-mark-start]
2021-05-16T20:03:21.146+0800: 0.811: [GC pause (G1 Evacuation Pause) (young) (to-space exhausted), 0.0015474 secs]
   [Parallel Time: 1.3 ms, GC Workers: 1]
      [GC Worker Start (ms):  811.4]
      [Ext Root Scanning (ms):  0.2]
      [Update RS (ms):  1.0]
         [Processed Buffers:  30]
      [Scan RS (ms):  0.0]
      [Code Root Scanning (ms):  0.0]
      [Object Copy (ms):  0.0]
      [Termination (ms):  0.0]
         [Termination Attempts:  1]
      [GC Worker Other (ms):  0.0]
      [GC Worker Total (ms):  1.2]
      [GC Worker End (ms):  812.7]
   [Code Root Fixup: 0.0 ms]
   [Code Root Purge: 0.0 ms]
   [Clear CT: 0.0 ms]
   [Other: 0.3 ms]
      [Evacuation Failure: 0.1 ms]
      [Choose CSet: 0.0 ms]
      [Ref Proc: 0.0 ms]
      [Ref Enq: 0.0 ms]
      [Redirty Cards: 0.1 ms]
      [Humongous Register: 0.0 ms]
      [Humongous Reclaim: 0.0 ms]
      [Free CSet: 0.0 ms]
   [Eden: 3072.0K(11.0M)->0.0B(12.0M) Survivors: 1024.0K->0.0B Heap: 199.7M(256.0M)->198.9M(256.0M)]
 [Times: user=0.00 sys=0.00, real=0.00 secs] 
2021-05-16T20:03:21.148+0800: 0.813: [GC pause (G1 Humongous Allocation) (young) (to-space exhausted), 0.0005053 secs]
   [Parallel Time: 0.3 ms, GC Workers: 1]
      [GC Worker Start (ms):  813.4]
      [Ext Root Scanning (ms):  0.2]
      [Update RS (ms):  0.1]
         [Processed Buffers:  4]
      [Scan RS (ms):  0.0]
      [Code Root Scanning (ms):  0.0]
      [Object Copy (ms):  0.0]
      [Termination (ms):  0.0]
         [Termination Attempts:  1]
      [GC Worker Other (ms):  0.0]
      [GC Worker Total (ms):  0.3]
      [GC Worker End (ms):  813.7]
   [Code Root Fixup: 0.0 ms]
   [Code Root Purge: 0.0 ms]
   [Clear CT: 0.0 ms]
   [Other: 0.2 ms]
      [Evacuation Failure: 0.0 ms]
      [Choose CSet: 0.0 ms]
      [Ref Proc: 0.0 ms]
      [Ref Enq: 0.0 ms]
      [Redirty Cards: 0.0 ms]
      [Humongous Register: 0.0 ms]
      [Humongous Reclaim: 0.0 ms]
      [Free CSet: 0.0 ms]
   [Eden: 1024.0K(12.0M)->0.0B(12.0M) Survivors: 0.0B->0.0B Heap: 199.7M(256.0M)->199.7M(256.0M)]
 [Times: user=0.00 sys=0.00, real=0.00 secs] 
2021-05-16T20:03:21.149+0800: 0.814: [Full GC (Allocation Failure)  199M->196M(256M), 0.0139440 secs]
   [Eden: 0.0B(12.0M)->0.0B(12.0M) Survivors: 0.0B->0.0B Heap: 199.7M(256.0M)->196.1M(256.0M)], [Metaspace: 2810K->2810K(1056768K)]
 [Times: user=0.02 sys=0.00, real=0.01 secs] 
2021-05-16T20:03:21.163+0800: 0.828: [GC concurrent-mark-abort]
2021-05-16T20:03:21.164+0800: 0.829: [GC pause (G1 Evacuation Pause) (young) (to-space exhausted), 0.0008528 secs]
   [Parallel Time: 0.6 ms, GC Workers: 1]
      [GC Worker Start (ms):  829.0]
      [Ext Root Scanning (ms):  0.2]
      [Update RS (ms):  0.3]
         [Processed Buffers:  7]
      [Scan RS (ms):  0.0]
      [Code Root Scanning (ms):  0.0]
      [Object Copy (ms):  0.0]
      [Termination (ms):  0.0]
         [Termination Attempts:  1]
      [GC Worker Other (ms):  0.0]
      [GC Worker Total (ms):  0.5]
      [GC Worker End (ms):  829.5]
   [Code Root Fixup: 0.0 ms]
   [Code Root Purge: 0.0 ms]
   [Clear CT: 0.1 ms]
   [Other: 0.2 ms]
      [Evacuation Failure: 0.1 ms]
      [Choose CSet: 0.0 ms]
      [Ref Proc: 0.0 ms]
      [Ref Enq: 0.0 ms]
      [Redirty Cards: 0.0 ms]
      [Humongous Register: 0.1 ms]
      [Humongous Reclaim: 0.0 ms]
      [Free CSet: 0.0 ms]
   [Eden: 4096.0K(12.0M)->0.0B(12.0M) Survivors: 0.0B->0.0B Heap: 200.8M(256.0M)->199.5M(256.0M)]
 [Times: user=0.00 sys=0.00, real=0.00 secs] 
2021-05-16T20:03:21.165+0800: 0.830: [GC pause (G1 Evacuation Pause) (young) (initial-mark) (to-space exhausted), 0.0010200 secs]
   [Parallel Time: 0.6 ms, GC Workers: 1]
      [GC Worker Start (ms):  830.6]
      [Ext Root Scanning (ms):  0.3]
      [Update RS (ms):  0.2]
         [Processed Buffers:  3]
      [Scan RS (ms):  0.0]
      [Code Root Scanning (ms):  0.0]
      [Object Copy (ms):  0.0]
      [Termination (ms):  0.0]
         [Termination Attempts:  1]
      [GC Worker Other (ms):  0.0]
      [GC Worker Total (ms):  0.5]
      [GC Worker End (ms):  831.1]
   [Code Root Fixup: 0.0 ms]
   [Code Root Purge: 0.0 ms]
   [Clear CT: 0.1 ms]
   [Other: 0.3 ms]
      [Evacuation Failure: 0.1 ms]
      [Choose CSet: 0.0 ms]
      [Ref Proc: 0.1 ms]
      [Ref Enq: 0.0 ms]
      [Redirty Cards: 0.1 ms]
      [Humongous Register: 0.0 ms]
      [Humongous Reclaim: 0.0 ms]
      [Free CSet: 0.0 ms]
   [Eden: 2048.0K(12.0M)->0.0B(12.0M) Survivors: 0.0B->0.0B Heap: 201.5M(256.0M)->201.5M(256.0M)]
 [Times: user=0.00 sys=0.00, real=0.00 secs] 
2021-05-16T20:03:21.166+0800: 0.832: [GC concurrent-root-region-scan-start]
2021-05-16T20:03:21.166+0800: 0.832: [GC concurrent-root-region-scan-end, 0.0000104 secs]
2021-05-16T20:03:21.166+0800: 0.832: [GC concurrent-mark-start]
2021-05-16T20:03:21.167+0800: 0.832: [Full GC (Allocation Failure)  201M->197M(256M), 0.0127850 secs]
   [Eden: 0.0B(12.0M)->0.0B(12.0M) Survivors: 0.0B->0.0B Heap: 201.5M(256.0M)->197.4M(256.0M)], [Metaspace: 2810K->2810K(1056768K)]
 [Times: user=0.02 sys=0.00, real=0.01 secs] 
2021-05-16T20:03:21.179+0800: 0.845: [GC concurrent-mark-abort]
2021-05-16T20:03:21.180+0800: 0.845: [GC pause (G1 Humongous Allocation) (young) (initial-mark) (to-space exhausted), 0.0007234 secs]
   [Parallel Time: 0.4 ms, GC Workers: 1]
      [GC Worker Start (ms):  845.5]
      [Ext Root Scanning (ms):  0.2]
      [Update RS (ms):  0.1]
         [Processed Buffers:  2]
      [Scan RS (ms):  0.0]
      [Code Root Scanning (ms):  0.0]
      [Object Copy (ms):  0.0]
      [Termination (ms):  0.0]
         [Termination Attempts:  1]
      [GC Worker Other (ms):  0.0]
      [GC Worker Total (ms):  0.4]
      [GC Worker End (ms):  845.8]
   [Code Root Fixup: 0.0 ms]
   [Code Root Purge: 0.0 ms]
   [Clear CT: 0.1 ms]
   [Other: 0.2 ms]
      [Evacuation Failure: 0.1 ms]
      [Choose CSet: 0.0 ms]
      [Ref Proc: 0.0 ms]
      [Ref Enq: 0.0 ms]
      [Redirty Cards: 0.0 ms]
      [Humongous Register: 0.0 ms]
      [Humongous Reclaim: 0.0 ms]
      [Free CSet: 0.0 ms]
   [Eden: 3072.0K(12.0M)->0.0B(12.0M) Survivors: 0.0B->0.0B Heap: 200.4M(256.0M)->200.4M(256.0M)]
 [Times: user=0.00 sys=0.00, real=0.00 secs] 
2021-05-16T20:03:21.181+0800: 0.846: [GC concurrent-root-region-scan-start]
2021-05-16T20:03:21.181+0800: 0.846: [GC concurrent-root-region-scan-end, 0.0000080 secs]
2021-05-16T20:03:21.181+0800: 0.846: [GC concurrent-mark-start]
2021-05-16T20:03:21.181+0800: 0.846: [GC pause (G1 Humongous Allocation) (young), 0.0005248 secs]
   [Parallel Time: 0.3 ms, GC Workers: 1]
      [GC Worker Start (ms):  846.5]
      [Ext Root Scanning (ms):  0.2]
      [Update RS (ms):  0.1]
         [Processed Buffers:  3]
      [Scan RS (ms):  0.0]
      [Code Root Scanning (ms):  0.0]
      [Object Copy (ms):  0.0]
      [Termination (ms):  0.0]
         [Termination Attempts:  1]
      [GC Worker Other (ms):  0.0]
      [GC Worker Total (ms):  0.3]
      [GC Worker End (ms):  846.8]
   [Code Root Fixup: 0.0 ms]
   [Code Root Purge: 0.0 ms]
   [Clear CT: 0.0 ms]
   [Other: 0.2 ms]
      [Choose CSet: 0.0 ms]
      [Ref Proc: 0.0 ms]
      [Ref Enq: 0.0 ms]
      [Redirty Cards: 0.0 ms]
      [Humongous Register: 0.0 ms]
      [Humongous Reclaim: 0.0 ms]
      [Free CSet: 0.0 ms]
   [Eden: 0.0B(12.0M)->0.0B(12.0M) Survivors: 0.0B->0.0B Heap: 200.4M(256.0M)->200.4M(256.0M)]
 [Times: user=0.00 sys=0.00, real=0.00 secs] 
2021-05-16T20:03:21.182+0800: 0.847: [Full GC (Allocation Failure)  200M->197M(256M), 0.0141408 secs]
   [Eden: 0.0B(12.0M)->0.0B(12.0M) Survivors: 0.0B->0.0B Heap: 200.4M(256.0M)->197.4M(256.0M)], [Metaspace: 2810K->2810K(1056768K)]
 [Times: user=0.01 sys=0.00, real=0.01 secs] 
2021-05-16T20:03:21.196+0800: 0.861: [GC concurrent-mark-abort]
2021-05-16T20:03:21.197+0800: 0.862: [GC pause (G1 Humongous Allocation) (young) (initial-mark), 0.0007563 secs]
   [Parallel Time: 0.6 ms, GC Workers: 1]
      [GC Worker Start (ms):  862.0]
      [Ext Root Scanning (ms):  0.2]
      [Update RS (ms):  0.2]
         [Processed Buffers:  6]
      [Scan RS (ms):  0.0]
      [Code Root Scanning (ms):  0.0]
      [Object Copy (ms):  0.0]
      [Termination (ms):  0.0]
         [Termination Attempts:  1]
      [GC Worker Other (ms):  0.0]
      [GC Worker Total (ms):  0.5]
      [GC Worker End (ms):  862.5]
   [Code Root Fixup: 0.0 ms]
   [Code Root Purge: 0.0 ms]
   [Clear CT: 0.0 ms]
   [Other: 0.2 ms]
      [Choose CSet: 0.0 ms]
      [Ref Proc: 0.0 ms]
      [Ref Enq: 0.0 ms]
      [Redirty Cards: 0.1 ms]
      [Humongous Register: 0.0 ms]
      [Humongous Reclaim: 0.0 ms]
      [Free CSet: 0.0 ms]
   [Eden: 2048.0K(12.0M)->0.0B(11.0M) Survivors: 0.0B->1024.0K Heap: 199.3M(256.0M)->196.9M(256.0M)]
 [Times: user=0.00 sys=0.00, real=0.00 secs] 
2021-05-16T20:03:21.197+0800: 0.863: [GC concurrent-root-region-scan-start]
2021-05-16T20:03:21.198+0800: 0.863: [GC concurrent-root-region-scan-end, 0.0001381 secs]
2021-05-16T20:03:21.198+0800: 0.863: [GC concurrent-mark-start]
2021-05-16T20:03:21.199+0800: 0.864: [GC pause (G1 Evacuation Pause) (young) (to-space exhausted), 0.0016675 secs]
   [Parallel Time: 1.2 ms, GC Workers: 1]
      [GC Worker Start (ms):  864.8]
      [Ext Root Scanning (ms):  0.4]
      [Update RS (ms):  0.7]
         [Processed Buffers:  12]
      [Scan RS (ms):  0.0]
      [Code Root Scanning (ms):  0.0]
      [Object Copy (ms):  0.0]
      [Termination (ms):  0.0]
         [Termination Attempts:  1]
      [GC Worker Other (ms):  0.0]
      [GC Worker Total (ms):  1.1]
      [GC Worker End (ms):  865.8]
   [Code Root Fixup: 0.0 ms]
   [Code Root Purge: 0.0 ms]
   [Clear CT: 0.1 ms]
   [Other: 0.4 ms]
      [Evacuation Failure: 0.1 ms]
      [Choose CSet: 0.0 ms]
      [Ref Proc: 0.0 ms]
      [Ref Enq: 0.0 ms]
      [Redirty Cards: 0.0 ms]
      [Humongous Register: 0.2 ms]
      [Humongous Reclaim: 0.0 ms]
      [Free CSet: 0.0 ms]
   [Eden: 3072.0K(11.0M)->0.0B(12.0M) Survivors: 1024.0K->0.0B Heap: 201.0M(256.0M)->200.5M(256.0M)]
 [Times: user=0.00 sys=0.00, real=0.00 secs] 
2021-05-16T20:03:21.201+0800: 0.867: [GC pause (G1 Humongous Allocation) (young) (to-space exhausted), 0.0011016 secs]
   [Parallel Time: 0.5 ms, GC Workers: 1]
      [GC Worker Start (ms):  866.7]
      [Ext Root Scanning (ms):  0.3]
      [Update RS (ms):  0.1]
         [Processed Buffers:  4]
      [Scan RS (ms):  0.0]
      [Code Root Scanning (ms):  0.0]
      [Object Copy (ms):  0.0]
      [Termination (ms):  0.0]
         [Termination Attempts:  1]
      [GC Worker Other (ms):  0.0]
      [GC Worker Total (ms):  0.4]
      [GC Worker End (ms):  867.1]
   [Code Root Fixup: 0.0 ms]
   [Code Root Purge: 0.0 ms]
   [Clear CT: 0.1 ms]
   [Other: 0.4 ms]
      [Evacuation Failure: 0.1 ms]
      [Choose CSet: 0.0 ms]
      [Ref Proc: 0.2 ms]
      [Ref Enq: 0.0 ms]
      [Redirty Cards: 0.1 ms]
      [Humongous Register: 0.0 ms]
      [Humongous Reclaim: 0.0 ms]
      [Free CSet: 0.0 ms]
   [Eden: 1024.0K(12.0M)->0.0B(12.0M) Survivors: 0.0B->0.0B Heap: 200.9M(256.0M)->200.9M(256.0M)]
 [Times: user=0.02 sys=0.00, real=0.00 secs] 
2021-05-16T20:03:21.203+0800: 0.868: [Full GC (Allocation Failure)  200M->197M(256M), 0.0076697 secs]
   [Eden: 0.0B(12.0M)->0.0B(12.0M) Survivors: 0.0B->0.0B Heap: 200.9M(256.0M)->197.1M(256.0M)], [Metaspace: 2810K->2810K(1056768K)]
 [Times: user=0.00 sys=0.00, real=0.01 secs] 
2021-05-16T20:03:21.210+0800: 0.876: [GC concurrent-mark-abort]
2021-05-16T20:03:21.211+0800: 0.877: [GC pause (G1 Evacuation Pause) (young) (to-space exhausted), 0.0009000 secs]
   [Parallel Time: 0.6 ms, GC Workers: 1]
      [GC Worker Start (ms):  876.7]
      [Ext Root Scanning (ms):  0.3]
      [Update RS (ms):  0.3]
         [Processed Buffers:  7]
      [Scan RS (ms):  0.0]
      [Code Root Scanning (ms):  0.0]
      [Object Copy (ms):  0.0]
      [Termination (ms):  0.0]
         [Termination Attempts:  1]
      [GC Worker Other (ms):  0.0]
      [GC Worker Total (ms):  0.6]
      [GC Worker End (ms):  877.3]
   [Code Root Fixup: 0.0 ms]
   [Code Root Purge: 0.0 ms]
   [Clear CT: 0.1 ms]
   [Other: 0.2 ms]
      [Evacuation Failure: 0.1 ms]
      [Choose CSet: 0.0 ms]
      [Ref Proc: 0.0 ms]
      [Ref Enq: 0.0 ms]
      [Redirty Cards: 0.0 ms]
      [Humongous Register: 0.0 ms]
      [Humongous Reclaim: 0.0 ms]
      [Free CSet: 0.0 ms]
   [Eden: 3072.0K(12.0M)->0.0B(12.0M) Survivors: 0.0B->0.0B Heap: 200.8M(256.0M)->200.8M(256.0M)]
 [Times: user=0.00 sys=0.00, real=0.00 secs] 
2021-05-16T20:03:21.212+0800: 0.878: [Full GC (Allocation Failure)  200M->197M(256M), 0.0067216 secs]
   [Eden: 0.0B(12.0M)->0.0B(12.0M) Survivors: 0.0B->0.0B Heap: 200.8M(256.0M)->198.0M(256.0M)], [Metaspace: 2810K->2810K(1056768K)]
 [Times: user=0.01 sys=0.00, real=0.01 secs] 
2021-05-16T20:03:21.220+0800: 0.885: [GC pause (G1 Evacuation Pause) (young) (to-space exhausted), 0.0006387 secs]
   [Parallel Time: 0.4 ms, GC Workers: 1]
      [GC Worker Start (ms):  885.2]
      [Ext Root Scanning (ms):  0.2]
      [Update RS (ms):  0.1]
         [Processed Buffers:  2]
      [Scan RS (ms):  0.0]
      [Code Root Scanning (ms):  0.0]
      [Object Copy (ms):  0.0]
      [Termination (ms):  0.0]
         [Termination Attempts:  1]
      [GC Worker Other (ms):  0.0]
      [GC Worker Total (ms):  0.4]
      [GC Worker End (ms):  885.5]
   [Code Root Fixup: 0.0 ms]
   [Code Root Purge: 0.0 ms]
   [Clear CT: 0.0 ms]
   [Other: 0.2 ms]
      [Evacuation Failure: 0.0 ms]
      [Choose CSet: 0.0 ms]
      [Ref Proc: 0.0 ms]
      [Ref Enq: 0.0 ms]
      [Redirty Cards: 0.0 ms]
      [Humongous Register: 0.0 ms]
      [Humongous Reclaim: 0.0 ms]
      [Free CSet: 0.0 ms]
   [Eden: 2048.0K(12.0M)->0.0B(12.0M) Survivors: 0.0B->0.0B Heap: 200.0M(256.0M)->200.0M(256.0M)]
 [Times: user=0.00 sys=0.00, real=0.00 secs] 
2021-05-16T20:03:21.221+0800: 0.886: [Full GC (Allocation Failure)  199M->198M(256M), 0.0035596 secs]
   [Eden: 0.0B(12.0M)->0.0B(12.0M) Survivors: 0.0B->0.0B Heap: 200.0M(256.0M)->198.7M(256.0M)], [Metaspace: 2810K->2810K(1056768K)]
 [Times: user=0.00 sys=0.00, real=0.00 secs] 
2021-05-16T20:03:21.225+0800: 0.890: [GC pause (G1 Evacuation Pause) (young) (to-space exhausted), 0.0005589 secs]
   [Parallel Time: 0.4 ms, GC Workers: 1]
      [GC Worker Start (ms):  890.2]
      [Ext Root Scanning (ms):  0.2]
      [Update RS (ms):  0.1]
         [Processed Buffers:  2]
      [Scan RS (ms):  0.0]
      [Code Root Scanning (ms):  0.0]
      [Object Copy (ms):  0.0]
      [Termination (ms):  0.0]
         [Termination Attempts:  1]
      [GC Worker Other (ms):  0.0]
      [GC Worker Total (ms):  0.3]
      [GC Worker End (ms):  890.5]
   [Code Root Fixup: 0.0 ms]
   [Code Root Purge: 0.0 ms]
   [Clear CT: 0.0 ms]
   [Other: 0.2 ms]
      [Evacuation Failure: 0.0 ms]
      [Choose CSet: 0.0 ms]
      [Ref Proc: 0.0 ms]
      [Ref Enq: 0.0 ms]
      [Redirty Cards: 0.0 ms]
      [Humongous Register: 0.0 ms]
      [Humongous Reclaim: 0.0 ms]
      [Free CSet: 0.0 ms]
   [Eden: 2048.0K(12.0M)->0.0B(12.0M) Survivors: 0.0B->0.0B Heap: 200.7M(256.0M)->200.7M(256.0M)]
 [Times: user=0.00 sys=0.00, real=0.00 secs] 
2021-05-16T20:03:21.226+0800: 0.891: [Full GC (Allocation Failure)  200M->198M(256M), 0.0206314 secs]
   [Eden: 0.0B(12.0M)->0.0B(12.0M) Survivors: 0.0B->0.0B Heap: 200.7M(256.0M)->198.6M(256.0M)], [Metaspace: 2810K->2810K(1056768K)]
 [Times: user=0.02 sys=0.00, real=0.02 secs] 
2021-05-16T20:03:21.247+0800: 0.913: [GC pause (G1 Evacuation Pause) (young) (to-space exhausted), 0.0012195 secs]
   [Parallel Time: 0.6 ms, GC Workers: 1]
      [GC Worker Start (ms):  912.9]
      [Ext Root Scanning (ms):  0.4]
      [Update RS (ms):  0.2]
         [Processed Buffers:  2]
      [Scan RS (ms):  0.0]
      [Code Root Scanning (ms):  0.0]
      [Object Copy (ms):  0.0]
      [Termination (ms):  0.0]
         [Termination Attempts:  1]
      [GC Worker Other (ms):  0.0]
      [GC Worker Total (ms):  0.6]
      [GC Worker End (ms):  913.4]
   [Code Root Fixup: 0.0 ms]
   [Code Root Purge: 0.0 ms]
   [Clear CT: 0.1 ms]
   [Other: 0.5 ms]
      [Evacuation Failure: 0.1 ms]
      [Choose CSet: 0.0 ms]
      [Ref Proc: 0.1 ms]
      [Ref Enq: 0.0 ms]
      [Redirty Cards: 0.1 ms]
      [Humongous Register: 0.2 ms]
      [Humongous Reclaim: 0.0 ms]
      [Free CSet: 0.0 ms]
   [Eden: 2048.0K(12.0M)->0.0B(12.0M) Survivors: 0.0B->0.0B Heap: 200.6M(256.0M)->200.6M(256.0M)]
 [Times: user=0.02 sys=0.00, real=0.00 secs] 
2021-05-16T20:03:21.249+0800: 0.914: [Full GC (Allocation Failure)  200M->198M(256M), 0.0051584 secs]
   [Eden: 0.0B(12.0M)->0.0B(12.0M) Survivors: 0.0B->0.0B Heap: 200.6M(256.0M)->198.5M(256.0M)], [Metaspace: 2810K->2810K(1056768K)]
 [Times: user=0.00 sys=0.00, real=0.00 secs] 
2021-05-16T20:03:21.254+0800: 0.920: [GC pause (G1 Humongous Allocation) (young) (initial-mark), 0.0007487 secs]
   [Parallel Time: 0.5 ms, GC Workers: 1]
      [GC Worker Start (ms):  919.6]
      [Ext Root Scanning (ms):  0.2]
      [Update RS (ms):  0.1]
         [Processed Buffers:  2]
      [Scan RS (ms):  0.0]
      [Code Root Scanning (ms):  0.0]
      [Object Copy (ms):  0.2]
      [Termination (ms):  0.0]
         [Termination Attempts:  1]
      [GC Worker Other (ms):  0.0]
      [GC Worker Total (ms):  0.5]
      [GC Worker End (ms):  920.1]
   [Code Root Fixup: 0.0 ms]
   [Code Root Purge: 0.0 ms]
   [Clear CT: 0.0 ms]
   [Other: 0.2 ms]
      [Choose CSet: 0.0 ms]
      [Ref Proc: 0.0 ms]
      [Ref Enq: 0.0 ms]
      [Redirty Cards: 0.0 ms]
      [Humongous Register: 0.0 ms]
      [Humongous Reclaim: 0.0 ms]
      [Free CSet: 0.0 ms]
   [Eden: 2048.0K(12.0M)->0.0B(11.0M) Survivors: 0.0B->1024.0K Heap: 199.8M(256.0M)->199.5M(256.0M)]
 [Times: user=0.00 sys=0.00, real=0.00 secs] 
2021-05-16T20:03:21.255+0800: 0.920: [GC concurrent-root-region-scan-start]
2021-05-16T20:03:21.255+0800: 0.921: [GC concurrent-root-region-scan-end, 0.0001113 secs]
2021-05-16T20:03:21.255+0800: 0.921: [GC concurrent-mark-start]
2021-05-16T20:03:21.256+0800: 0.921: [GC pause (G1 Evacuation Pause) (young) (to-space exhausted), 0.0007236 secs]
   [Parallel Time: 0.5 ms, GC Workers: 1]
      [GC Worker Start (ms):  921.1]
      [Ext Root Scanning (ms):  0.2]
      [Update RS (ms):  0.3]
         [Processed Buffers:  9]
      [Scan RS (ms):  0.0]
      [Code Root Scanning (ms):  0.0]
      [Object Copy (ms):  0.0]
      [Termination (ms):  0.0]
         [Termination Attempts:  1]
      [GC Worker Other (ms):  0.0]
      [GC Worker Total (ms):  0.5]
      [GC Worker End (ms):  921.5]
   [Code Root Fixup: 0.0 ms]
   [Code Root Purge: 0.0 ms]
   [Clear CT: 0.0 ms]
   [Other: 0.2 ms]
      [Evacuation Failure: 0.0 ms]
      [Choose CSet: 0.0 ms]
      [Ref Proc: 0.0 ms]
      [Ref Enq: 0.0 ms]
      [Redirty Cards: 0.0 ms]
      [Humongous Register: 0.0 ms]
      [Humongous Reclaim: 0.0 ms]
      [Free CSet: 0.0 ms]
   [Eden: 1024.0K(11.0M)->0.0B(12.0M) Survivors: 1024.0K->0.0B Heap: 201.1M(256.0M)->201.1M(256.0M)]
 [Times: user=0.00 sys=0.00, real=0.00 secs] 
2021-05-16T20:03:21.257+0800: 0.922: [Full GC (Allocation Failure)  201M->200M(256M), 0.0035258 secs]
   [Eden: 0.0B(12.0M)->0.0B(12.0M) Survivors: 0.0B->0.0B Heap: 201.1M(256.0M)->200.5M(256.0M)], [Metaspace: 2810K->2810K(1056768K)]
 [Times: user=0.00 sys=0.00, real=0.00 secs] 
2021-05-16T20:03:21.260+0800: 0.925: [Full GC (Allocation Failure)  200M->200M(256M), 0.0045489 secs]
   [Eden: 0.0B(12.0M)->0.0B(12.0M) Survivors: 0.0B->0.0B Heap: 200.5M(256.0M)->200.5M(256.0M)], [Metaspace: 2810K->2810K(1056768K)]
 [Times: user=0.02 sys=0.00, real=0.01 secs] 
2021-05-16T20:03:21.265+0800: 0.930: [GC concurrent-mark-abort]
2021-05-16T20:03:21.265+0800: 0.930: [GC pause (G1 Evacuation Pause) (young), 0.0006755 secs]
   [Parallel Time: 0.5 ms, GC Workers: 1]
      [GC Worker Start (ms):  930.5]
      [Ext Root Scanning (ms):  0.2]
      [Update RS (ms):  0.2]
         [Processed Buffers:  3]
      [Scan RS (ms):  0.0]
      [Code Root Scanning (ms):  0.0]
      [Object Copy (ms):  0.0]
      [Termination (ms):  0.0]
         [Termination Attempts:  1]
      [GC Worker Other (ms):  0.0]
      [GC Worker Total (ms):  0.4]
      [GC Worker End (ms):  930.9]
   [Code Root Fixup: 0.0 ms]
   [Code Root Purge: 0.0 ms]
   [Clear CT: 0.1 ms]
   [Other: 0.1 ms]
      [Choose CSet: 0.0 ms]
      [Ref Proc: 0.0 ms]
      [Ref Enq: 0.0 ms]
      [Redirty Cards: 0.0 ms]
      [Humongous Register: 0.0 ms]
      [Humongous Reclaim: 0.0 ms]
      [Free CSet: 0.0 ms]
   [Eden: 0.0B(12.0M)->0.0B(12.0M) Survivors: 0.0B->0.0B Heap: 200.5M(256.0M)->200.5M(256.0M)]
 [Times: user=0.00 sys=0.00, real=0.00 secs] 
2021-05-16T20:03:21.266+0800: 0.931: [GC pause (G1 Evacuation Pause) (young) (initial-mark), 0.0005893 secs]
   [Parallel Time: 0.4 ms, GC Workers: 1]
      [GC Worker Start (ms):  931.3]
      [Ext Root Scanning (ms):  0.2]
      [Update RS (ms):  0.1]
         [Processed Buffers:  2]
      [Scan RS (ms):  0.0]
      [Code Root Scanning (ms):  0.0]
      [Object Copy (ms):  0.0]
      [Termination (ms):  0.0]
         [Termination Attempts:  1]
      [GC Worker Other (ms):  0.0]
      [GC Worker Total (ms):  0.3]
      [GC Worker End (ms):  931.6]
   [Code Root Fixup: 0.0 ms]
   [Code Root Purge: 0.0 ms]
   [Clear CT: 0.0 ms]
   [Other: 0.2 ms]
      [Choose CSet: 0.0 ms]
      [Ref Proc: 0.0 ms]
      [Ref Enq: 0.0 ms]
      [Redirty Cards: 0.1 ms]
      [Humongous Register: 0.0 ms]
      [Humongous Reclaim: 0.0 ms]
      [Free CSet: 0.0 ms]
   [Eden: 0.0B(12.0M)->0.0B(12.0M) Survivors: 0.0B->0.0B Heap: 200.5M(256.0M)->200.5M(256.0M)]
 [Times: user=0.00 sys=0.00, real=0.00 secs] 
2021-05-16T20:03:21.267+0800: 0.932: [GC concurrent-root-region-scan-start]
2021-05-16T20:03:21.267+0800: 0.932: [GC concurrent-root-region-scan-end, 0.0000080 secs]
2021-05-16T20:03:21.267+0800: 0.932: [GC concurrent-mark-start]
2021-05-16T20:03:21.267+0800: 0.932: [Full GC (Allocation Failure)  200M->667K(256M), 0.0030714 secs]
   [Eden: 0.0B(12.0M)->0.0B(153.0M) Survivors: 0.0B->0.0B Heap: 200.5M(256.0M)->667.4K(256.0M)], [Metaspace: 2810K->2810K(1056768K)]
 [Times: user=0.00 sys=0.00, real=0.00 secs] 
2021-05-16T20:03:21.270+0800: 0.935: [GC concurrent-mark-abort]
Heap
 garbage-first heap   total 262144K, used 667K [0x00000000f0000000, 0x00000000f0100800, 0x0000000100000000)
  region size 1024K, 1 young (1024K), 0 survivors (0K)
 Metaspace       used 2840K, capacity 4486K, committed 4864K, reserved 1056768K
  class space    used 307K, capacity 386K, committed 512K, reserved 1048576K
