Java HotSpot(TM) 64-Bit Server VM (25.162-b12) for windows-amd64 JRE (1.8.0_162-b12), built on Dec 19 2017 20:00:03 by "java_re" with MS VC++ 10.0 (VS2010)
Memory: 4k page, physical 16452116k(7453444k free), swap 24316436k(9712960k free)
CommandLine flags: -XX:InitialHeapSize=8589934592 -XX:MaxHeapSize=8589934592 -XX:+PrintGC -XX:+PrintGCDateStamps -XX:+PrintGCDetails -XX:+PrintGCTimeStamps -XX:+UseCompressedClassPointers -XX:+UseCompressedOops -XX:+UseG1GC -XX:-UseLargePagesIndividualAllocation 
2021-05-16T19:55:46.977+0800: 0.551: [GC pause (G1 Evacuation Pause) (young), 0.0221327 secs]
   [Parallel Time: 21.1 ms, GC Workers: 8]
      [GC Worker Start (ms): Min: 551.6, Avg: 551.8, Max: 551.9, Diff: 0.2]
      [Ext Root Scanning (ms): Min: 0.1, Avg: 0.2, Max: 0.3, Diff: 0.2, Sum: 1.4]
      [Update RS (ms): Min: 0.0, Avg: 0.0, Max: 0.0, Diff: 0.0, Sum: 0.0]
         [Processed Buffers: Min: 0, Avg: 0.0, Max: 0, Diff: 0, Sum: 0]
      [Scan RS (ms): Min: 0.0, Avg: 0.0, Max: 0.0, Diff: 0.0, Sum: 0.1]
      [Code Root Scanning (ms): Min: 0.0, Avg: 0.0, Max: 0.0, Diff: 0.0, Sum: 0.0]
      [Object Copy (ms): Min: 20.2, Avg: 20.3, Max: 20.6, Diff: 0.4, Sum: 162.7]
      [Termination (ms): Min: 0.0, Avg: 0.3, Max: 0.4, Diff: 0.4, Sum: 2.3]
         [Termination Attempts: Min: 1, Avg: 1.0, Max: 1, Diff: 0, Sum: 8]
      [GC Worker Other (ms): Min: 0.0, Avg: 0.0, Max: 0.1, Diff: 0.0, Sum: 0.3]
      [GC Worker Total (ms): Min: 20.8, Avg: 20.9, Max: 21.0, Diff: 0.2, Sum: 166.9]
      [GC Worker End (ms): Min: 572.6, Avg: 572.6, Max: 572.6, Diff: 0.0]
   [Code Root Fixup: 0.0 ms]
   [Code Root Purge: 0.0 ms]
   [Clear CT: 0.2 ms]
   [Other: 0.8 ms]
      [Choose CSet: 0.0 ms]
      [Ref Proc: 0.2 ms]
      [Ref Enq: 0.0 ms]
      [Redirty Cards: 0.2 ms]
      [Humongous Register: 0.0 ms]
      [Humongous Reclaim: 0.0 ms]
      [Free CSet: 0.1 ms]
   [Eden: 408.0M(408.0M)->0.0B(356.0M) Survivors: 0.0B->52.0M Heap: 408.0M(8192.0M)->122.1M(8192.0M)]
 [Times: user=0.03 sys=0.09, real=0.02 secs] 
2021-05-16T19:55:47.065+0800: 0.639: [GC pause (G1 Evacuation Pause) (young), 0.0238537 secs]
   [Parallel Time: 21.5 ms, GC Workers: 8]
      [GC Worker Start (ms): Min: 639.3, Avg: 639.4, Max: 639.5, Diff: 0.3]
      [Ext Root Scanning (ms): Min: 0.0, Avg: 0.2, Max: 0.5, Diff: 0.4, Sum: 1.3]
      [Update RS (ms): Min: 0.0, Avg: 0.0, Max: 0.0, Diff: 0.0, Sum: 0.1]
         [Processed Buffers: Min: 0, Avg: 1.1, Max: 6, Diff: 6, Sum: 9]
      [Scan RS (ms): Min: 0.0, Avg: 0.0, Max: 0.1, Diff: 0.1, Sum: 0.2]
      [Code Root Scanning (ms): Min: 0.0, Avg: 0.0, Max: 0.0, Diff: 0.0, Sum: 0.0]
      [Object Copy (ms): Min: 20.3, Avg: 20.7, Max: 21.1, Diff: 0.7, Sum: 165.5]
      [Termination (ms): Min: 0.0, Avg: 0.3, Max: 0.7, Diff: 0.7, Sum: 2.5]
         [Termination Attempts: Min: 1, Avg: 1.0, Max: 1, Diff: 0, Sum: 8]
      [GC Worker Other (ms): Min: 0.0, Avg: 0.0, Max: 0.0, Diff: 0.0, Sum: 0.1]
      [GC Worker Total (ms): Min: 21.1, Avg: 21.2, Max: 21.4, Diff: 0.3, Sum: 169.8]
      [GC Worker End (ms): Min: 660.7, Avg: 660.7, Max: 660.7, Diff: 0.0]
   [Code Root Fixup: 0.0 ms]
   [Code Root Purge: 0.0 ms]
   [Clear CT: 0.7 ms]
   [Other: 1.7 ms]
      [Choose CSet: 0.0 ms]
      [Ref Proc: 0.1 ms]
      [Ref Enq: 0.0 ms]
      [Redirty Cards: 1.1 ms]
      [Humongous Register: 0.1 ms]
      [Humongous Reclaim: 0.0 ms]
      [Free CSet: 0.1 ms]
   [Eden: 356.0M(356.0M)->0.0B(356.0M) Survivors: 52.0M->52.0M Heap: 478.1M(8192.0M)->214.5M(8192.0M)]
 [Times: user=0.11 sys=0.13, real=0.02 secs] 
2021-05-16T19:55:47.146+0800: 0.720: [GC pause (G1 Evacuation Pause) (young), 0.0230869 secs]
   [Parallel Time: 21.9 ms, GC Workers: 8]
      [GC Worker Start (ms): Min: 720.4, Avg: 720.5, Max: 720.7, Diff: 0.3]
      [Ext Root Scanning (ms): Min: 0.0, Avg: 0.1, Max: 0.2, Diff: 0.2, Sum: 0.8]
      [Update RS (ms): Min: 0.0, Avg: 0.1, Max: 0.4, Diff: 0.4, Sum: 1.0]
         [Processed Buffers: Min: 1, Avg: 1.3, Max: 2, Diff: 1, Sum: 10]
      [Scan RS (ms): Min: 0.0, Avg: 0.0, Max: 0.0, Diff: 0.0, Sum: 0.1]
      [Code Root Scanning (ms): Min: 0.0, Avg: 0.0, Max: 0.0, Diff: 0.0, Sum: 0.0]
      [Object Copy (ms): Min: 20.6, Avg: 21.0, Max: 21.4, Diff: 0.8, Sum: 167.7]
      [Termination (ms): Min: 0.0, Avg: 0.4, Max: 0.6, Diff: 0.6, Sum: 3.5]
         [Termination Attempts: Min: 1, Avg: 1.3, Max: 3, Diff: 2, Sum: 10]
      [GC Worker Other (ms): Min: 0.0, Avg: 0.0, Max: 0.0, Diff: 0.0, Sum: 0.1]
      [GC Worker Total (ms): Min: 21.5, Avg: 21.6, Max: 21.7, Diff: 0.2, Sum: 173.2]
      [GC Worker End (ms): Min: 742.2, Avg: 742.2, Max: 742.2, Diff: 0.0]
   [Code Root Fixup: 0.0 ms]
   [Code Root Purge: 0.0 ms]
   [Clear CT: 0.2 ms]
   [Other: 1.0 ms]
      [Choose CSet: 0.0 ms]
      [Ref Proc: 0.2 ms]
      [Ref Enq: 0.0 ms]
      [Redirty Cards: 0.2 ms]
      [Humongous Register: 0.1 ms]
      [Humongous Reclaim: 0.0 ms]
      [Free CSet: 0.1 ms]
   [Eden: 356.0M(356.0M)->0.0B(356.0M) Survivors: 52.0M->52.0M Heap: 570.5M(8192.0M)->309.5M(8192.0M)]
 [Times: user=0.06 sys=0.06, real=0.02 secs] 
2021-05-16T19:55:47.223+0800: 0.797: [GC pause (G1 Evacuation Pause) (young), 0.0235486 secs]
   [Parallel Time: 22.6 ms, GC Workers: 8]
      [GC Worker Start (ms): Min: 797.5, Avg: 797.7, Max: 797.7, Diff: 0.2]
      [Ext Root Scanning (ms): Min: 0.0, Avg: 1.0, Max: 7.3, Diff: 7.3, Sum: 8.0]
      [Update RS (ms): Min: 0.0, Avg: 0.1, Max: 0.2, Diff: 0.2, Sum: 0.8]
         [Processed Buffers: Min: 0, Avg: 1.3, Max: 2, Diff: 2, Sum: 10]
      [Scan RS (ms): Min: 0.0, Avg: 0.0, Max: 0.0, Diff: 0.0, Sum: 0.1]
      [Code Root Scanning (ms): Min: 0.0, Avg: 0.0, Max: 0.0, Diff: 0.0, Sum: 0.0]
      [Object Copy (ms): Min: 15.1, Avg: 21.1, Max: 22.1, Diff: 7.0, Sum: 168.5]
      [Termination (ms): Min: 0.0, Avg: 0.2, Max: 0.4, Diff: 0.4, Sum: 1.7]
         [Termination Attempts: Min: 1, Avg: 1.0, Max: 1, Diff: 0, Sum: 8]
      [GC Worker Other (ms): Min: 0.0, Avg: 0.0, Max: 0.0, Diff: 0.0, Sum: 0.1]
      [GC Worker Total (ms): Min: 22.3, Avg: 22.4, Max: 22.5, Diff: 0.2, Sum: 179.2]
      [GC Worker End (ms): Min: 820.0, Avg: 820.1, Max: 820.1, Diff: 0.0]
   [Code Root Fixup: 0.0 ms]
   [Code Root Purge: 0.0 ms]
   [Clear CT: 0.2 ms]
   [Other: 0.7 ms]
      [Choose CSet: 0.0 ms]
      [Ref Proc: 0.1 ms]
      [Ref Enq: 0.0 ms]
      [Redirty Cards: 0.2 ms]
      [Humongous Register: 0.0 ms]
      [Humongous Reclaim: 0.0 ms]
      [Free CSet: 0.1 ms]
   [Eden: 356.0M(356.0M)->0.0B(356.0M) Survivors: 52.0M->52.0M Heap: 665.5M(8192.0M)->409.4M(8192.0M)]
 [Times: user=0.14 sys=0.09, real=0.02 secs] 
2021-05-16T19:55:47.301+0800: 0.875: [GC pause (G1 Evacuation Pause) (young), 0.0219628 secs]
   [Parallel Time: 21.0 ms, GC Workers: 8]
      [GC Worker Start (ms): Min: 875.6, Avg: 875.8, Max: 875.8, Diff: 0.2]
      [Ext Root Scanning (ms): Min: 0.0, Avg: 0.1, Max: 0.2, Diff: 0.2, Sum: 0.9]
      [Update RS (ms): Min: 0.0, Avg: 0.1, Max: 0.1, Diff: 0.1, Sum: 0.5]
         [Processed Buffers: Min: 1, Avg: 1.1, Max: 2, Diff: 1, Sum: 9]
      [Scan RS (ms): Min: 0.0, Avg: 0.0, Max: 0.0, Diff: 0.0, Sum: 0.1]
      [Code Root Scanning (ms): Min: 0.0, Avg: 0.0, Max: 0.0, Diff: 0.0, Sum: 0.0]
      [Object Copy (ms): Min: 20.3, Avg: 20.4, Max: 20.6, Diff: 0.3, Sum: 163.3]
      [Termination (ms): Min: 0.0, Avg: 0.2, Max: 0.3, Diff: 0.3, Sum: 1.3]
         [Termination Attempts: Min: 1, Avg: 1.0, Max: 1, Diff: 0, Sum: 8]
      [GC Worker Other (ms): Min: 0.0, Avg: 0.0, Max: 0.0, Diff: 0.0, Sum: 0.1]
      [GC Worker Total (ms): Min: 20.7, Avg: 20.8, Max: 20.9, Diff: 0.3, Sum: 166.2]
      [GC Worker End (ms): Min: 896.5, Avg: 896.5, Max: 896.6, Diff: 0.0]
   [Code Root Fixup: 0.0 ms]
   [Code Root Purge: 0.0 ms]
   [Clear CT: 0.2 ms]
   [Other: 0.8 ms]
      [Choose CSet: 0.0 ms]
      [Ref Proc: 0.2 ms]
      [Ref Enq: 0.0 ms]
      [Redirty Cards: 0.2 ms]
      [Humongous Register: 0.1 ms]
      [Humongous Reclaim: 0.0 ms]
      [Free CSet: 0.1 ms]
   [Eden: 356.0M(356.0M)->0.0B(356.0M) Survivors: 52.0M->52.0M Heap: 765.4M(8192.0M)->503.4M(8192.0M)]
 [Times: user=0.17 sys=0.08, real=0.02 secs] 
2021-05-16T19:55:47.378+0800: 0.952: [GC pause (G1 Evacuation Pause) (young), 0.0239825 secs]
   [Parallel Time: 22.8 ms, GC Workers: 8]
      [GC Worker Start (ms): Min: 952.2, Avg: 952.3, Max: 952.4, Diff: 0.2]
      [Ext Root Scanning (ms): Min: 0.0, Avg: 0.1, Max: 0.2, Diff: 0.2, Sum: 0.9]
      [Update RS (ms): Min: 0.1, Avg: 0.1, Max: 0.2, Diff: 0.1, Sum: 0.7]
         [Processed Buffers: Min: 1, Avg: 1.1, Max: 2, Diff: 1, Sum: 9]
      [Scan RS (ms): Min: 0.0, Avg: 0.0, Max: 0.0, Diff: 0.0, Sum: 0.1]
      [Code Root Scanning (ms): Min: 0.0, Avg: 0.0, Max: 0.0, Diff: 0.0, Sum: 0.0]
      [Object Copy (ms): Min: 22.0, Avg: 22.1, Max: 22.3, Diff: 0.3, Sum: 177.1]
      [Termination (ms): Min: 0.0, Avg: 0.2, Max: 0.3, Diff: 0.3, Sum: 1.8]
         [Termination Attempts: Min: 1, Avg: 1.0, Max: 1, Diff: 0, Sum: 8]
      [GC Worker Other (ms): Min: 0.0, Avg: 0.0, Max: 0.0, Diff: 0.0, Sum: 0.1]
      [GC Worker Total (ms): Min: 22.5, Avg: 22.6, Max: 22.7, Diff: 0.2, Sum: 180.7]
      [GC Worker End (ms): Min: 974.9, Avg: 974.9, Max: 974.9, Diff: 0.0]
   [Code Root Fixup: 0.0 ms]
   [Code Root Purge: 0.0 ms]
   [Clear CT: 0.2 ms]
   [Other: 1.0 ms]
      [Choose CSet: 0.0 ms]
      [Ref Proc: 0.2 ms]
      [Ref Enq: 0.0 ms]
      [Redirty Cards: 0.2 ms]
      [Humongous Register: 0.0 ms]
      [Humongous Reclaim: 0.0 ms]
      [Free CSet: 0.1 ms]
   [Eden: 356.0M(356.0M)->0.0B(356.0M) Survivors: 52.0M->52.0M Heap: 859.4M(8192.0M)->611.9M(8192.0M)]
 [Times: user=0.13 sys=0.13, real=0.02 secs] 
2021-05-16T19:55:47.456+0800: 1.030: [GC pause (G1 Evacuation Pause) (young), 0.0248073 secs]
   [Parallel Time: 22.9 ms, GC Workers: 8]
      [GC Worker Start (ms): Min: 1030.5, Avg: 1030.6, Max: 1030.7, Diff: 0.2]
      [Ext Root Scanning (ms): Min: 0.0, Avg: 0.1, Max: 0.2, Diff: 0.2, Sum: 1.0]
      [Update RS (ms): Min: 0.0, Avg: 0.1, Max: 0.2, Diff: 0.2, Sum: 0.7]
         [Processed Buffers: Min: 0, Avg: 1.1, Max: 2, Diff: 2, Sum: 9]
      [Scan RS (ms): Min: 0.0, Avg: 0.0, Max: 0.0, Diff: 0.0, Sum: 0.1]
      [Code Root Scanning (ms): Min: 0.0, Avg: 0.0, Max: 0.0, Diff: 0.0, Sum: 0.0]
      [Object Copy (ms): Min: 21.9, Avg: 22.1, Max: 22.4, Diff: 0.5, Sum: 176.4]
      [Termination (ms): Min: 0.0, Avg: 0.4, Max: 0.6, Diff: 0.6, Sum: 3.3]
         [Termination Attempts: Min: 1, Avg: 1.0, Max: 1, Diff: 0, Sum: 8]
      [GC Worker Other (ms): Min: 0.0, Avg: 0.0, Max: 0.0, Diff: 0.0, Sum: 0.1]
      [GC Worker Total (ms): Min: 22.6, Avg: 22.7, Max: 22.8, Diff: 0.2, Sum: 181.6]
      [GC Worker End (ms): Min: 1053.3, Avg: 1053.3, Max: 1053.3, Diff: 0.0]
   [Code Root Fixup: 0.0 ms]
   [Code Root Purge: 0.0 ms]
   [Clear CT: 0.2 ms]
   [Other: 1.7 ms]
      [Choose CSet: 0.0 ms]
      [Ref Proc: 0.1 ms]
      [Ref Enq: 0.0 ms]
      [Redirty Cards: 1.2 ms]
      [Humongous Register: 0.1 ms]
      [Humongous Reclaim: 0.0 ms]
      [Free CSet: 0.0 ms]
   [Eden: 356.0M(356.0M)->0.0B(356.0M) Survivors: 52.0M->52.0M Heap: 967.9M(8192.0M)->707.0M(8192.0M)]
 [Times: user=0.09 sys=0.11, real=0.02 secs] 
2021-05-16T19:55:47.556+0800: 1.130: [GC pause (G1 Evacuation Pause) (young), 0.0264980 secs]
   [Parallel Time: 25.4 ms, GC Workers: 8]
      [GC Worker Start (ms): Min: 1130.1, Avg: 1130.2, Max: 1130.3, Diff: 0.2]
      [Ext Root Scanning (ms): Min: 0.0, Avg: 0.1, Max: 0.2, Diff: 0.2, Sum: 0.9]
      [Update RS (ms): Min: 0.0, Avg: 0.1, Max: 0.3, Diff: 0.3, Sum: 0.7]
         [Processed Buffers: Min: 0, Avg: 1.1, Max: 2, Diff: 2, Sum: 9]
      [Scan RS (ms): Min: 0.0, Avg: 0.0, Max: 0.0, Diff: 0.0, Sum: 0.1]
      [Code Root Scanning (ms): Min: 0.0, Avg: 0.0, Max: 0.0, Diff: 0.0, Sum: 0.0]
      [Object Copy (ms): Min: 24.3, Avg: 24.7, Max: 24.9, Diff: 0.7, Sum: 197.4]
      [Termination (ms): Min: 0.0, Avg: 0.3, Max: 0.5, Diff: 0.5, Sum: 2.0]
         [Termination Attempts: Min: 1, Avg: 1.0, Max: 1, Diff: 0, Sum: 8]
      [GC Worker Other (ms): Min: 0.0, Avg: 0.0, Max: 0.0, Diff: 0.0, Sum: 0.1]
      [GC Worker Total (ms): Min: 25.0, Avg: 25.1, Max: 25.2, Diff: 0.2, Sum: 201.1]
      [GC Worker End (ms): Min: 1155.3, Avg: 1155.3, Max: 1155.3, Diff: 0.0]
   [Code Root Fixup: 0.0 ms]
   [Code Root Purge: 0.0 ms]
   [Clear CT: 0.2 ms]
   [Other: 0.9 ms]
      [Choose CSet: 0.0 ms]
      [Ref Proc: 0.2 ms]
      [Ref Enq: 0.0 ms]
      [Redirty Cards: 0.3 ms]
      [Humongous Register: 0.1 ms]
      [Humongous Reclaim: 0.0 ms]
      [Free CSet: 0.1 ms]
   [Eden: 356.0M(356.0M)->0.0B(356.0M) Survivors: 52.0M->52.0M Heap: 1063.0M(8192.0M)->801.4M(8192.0M)]
 [Times: user=0.05 sys=0.06, real=0.03 secs] 
2021-05-16T19:55:47.645+0800: 1.219: [GC pause (G1 Evacuation Pause) (young), 0.0291721 secs]
   [Parallel Time: 28.2 ms, GC Workers: 8]
      [GC Worker Start (ms): Min: 1219.3, Avg: 1219.4, Max: 1219.4, Diff: 0.1]
      [Ext Root Scanning (ms): Min: 0.1, Avg: 0.1, Max: 0.2, Diff: 0.1, Sum: 0.9]
      [Update RS (ms): Min: 0.0, Avg: 0.1, Max: 0.3, Diff: 0.3, Sum: 0.8]
         [Processed Buffers: Min: 1, Avg: 1.1, Max: 2, Diff: 1, Sum: 9]
      [Scan RS (ms): Min: 0.0, Avg: 0.0, Max: 0.0, Diff: 0.0, Sum: 0.1]
      [Code Root Scanning (ms): Min: 0.0, Avg: 0.0, Max: 0.0, Diff: 0.0, Sum: 0.0]
      [Object Copy (ms): Min: 27.2, Avg: 27.4, Max: 27.8, Diff: 0.7, Sum: 219.2]
      [Termination (ms): Min: 0.0, Avg: 0.4, Max: 0.6, Diff: 0.6, Sum: 3.2]
         [Termination Attempts: Min: 1, Avg: 1.0, Max: 1, Diff: 0, Sum: 8]
      [GC Worker Other (ms): Min: 0.0, Avg: 0.0, Max: 0.0, Diff: 0.0, Sum: 0.1]
      [GC Worker Total (ms): Min: 28.0, Avg: 28.0, Max: 28.1, Diff: 0.1, Sum: 224.2]
      [GC Worker End (ms): Min: 1247.4, Avg: 1247.4, Max: 1247.4, Diff: 0.0]
   [Code Root Fixup: 0.0 ms]
   [Code Root Purge: 0.0 ms]
   [Clear CT: 0.2 ms]
   [Other: 0.7 ms]
      [Choose CSet: 0.0 ms]
      [Ref Proc: 0.2 ms]
      [Ref Enq: 0.0 ms]
      [Redirty Cards: 0.2 ms]
      [Humongous Register: 0.0 ms]
      [Humongous Reclaim: 0.0 ms]
      [Free CSet: 0.1 ms]
   [Eden: 356.0M(356.0M)->0.0B(356.0M) Survivors: 52.0M->52.0M Heap: 1157.4M(8192.0M)->905.8M(8192.0M)]
 [Times: user=0.13 sys=0.13, real=0.03 secs] 
Heap
 garbage-first heap   total 8388608K, used 927589K [0x00000005c0000000, 0x00000005c0404000, 0x00000007c0000000)
  region size 4096K, 14 young (57344K), 13 survivors (53248K)
 Metaspace       used 2815K, capacity 4486K, committed 4864K, reserved 1056768K
  class space    used 304K, capacity 386K, committed 512K, reserved 1048576K
