Java HotSpot(TM) 64-Bit Server VM (25.162-b12) for windows-amd64 JRE (1.8.0_162-b12), built on Dec 19 2017 20:00:03 by "java_re" with MS VC++ 10.0 (VS2010)
Memory: 4k page, physical 16452116k(7083948k free), swap 24316436k(9325880k free)
CommandLine flags: -XX:InitialHeapSize=268435456 -XX:MaxHeapSize=268435456 -XX:+PrintGC -XX:+PrintGCDateStamps -XX:+PrintGCDetails -XX:+PrintGCTimeStamps -XX:+UseCompressedClassPointers -XX:+UseCompressedOops -XX:-UseLargePagesIndividualAllocation -XX:+UseParallelGC 
2021-05-16T18:10:34.055+0800: 0.224: [GC (Allocation Failure) [PSYoungGen: 65312K->10744K(76288K)] 65312K->24238K(251392K), 0.0065408 secs] [Times: user=0.00 sys=0.00, real=0.01 secs] 
2021-05-16T18:10:34.077+0800: 0.246: [GC (Allocation Failure) [PSYoungGen: 75986K->10748K(76288K)] 89481K->49024K(251392K), 0.0146496 secs] [Times: user=0.00 sys=0.00, real=0.02 secs] 
2021-05-16T18:10:34.107+0800: 0.276: [GC (Allocation Failure) [PSYoungGen: 76284K->10738K(76288K)] 114560K->67357K(251392K), 0.0057430 secs] [Times: user=0.05 sys=0.08, real=0.01 secs] 
2021-05-16T18:10:34.125+0800: 0.293: [GC (Allocation Failure) [PSYoungGen: 76274K->10750K(76288K)] 132893K->91848K(251392K), 0.0070538 secs] [Times: user=0.02 sys=0.11, real=0.01 secs] 
2021-05-16T18:10:34.145+0800: 0.313: [GC (Allocation Failure) [PSYoungGen: 76286K->10751K(76288K)] 157384K->114798K(251392K), 0.0071929 secs] [Times: user=0.00 sys=0.00, real=0.01 secs] 
2021-05-16T18:10:34.163+0800: 0.332: [GC (Allocation Failure) [PSYoungGen: 76276K->10746K(40448K)] 180323K->134314K(215552K), 0.0063554 secs] [Times: user=0.00 sys=0.00, real=0.01 secs] 
2021-05-16T18:10:34.176+0800: 0.344: [GC (Allocation Failure) [PSYoungGen: 40293K->16926K(58368K)] 163861K->144859K(233472K), 0.0049053 secs] [Times: user=0.00 sys=0.00, real=0.00 secs] 
2021-05-16T18:10:34.187+0800: 0.356: [GC (Allocation Failure) [PSYoungGen: 46622K->24048K(58368K)] 174554K->154364K(233472K), 0.0046318 secs] [Times: user=0.13 sys=0.00, real=0.00 secs] 
2021-05-16T18:10:34.196+0800: 0.364: [GC (Allocation Failure) [PSYoungGen: 53351K->28651K(58368K)] 183668K->163532K(233472K), 0.0053957 secs] [Times: user=0.00 sys=0.00, real=0.00 secs] 
2021-05-16T18:10:34.207+0800: 0.375: [GC (Allocation Failure) [PSYoungGen: 58347K->18972K(58368K)] 193228K->173046K(233472K), 0.0063300 secs] [Times: user=0.00 sys=0.00, real=0.01 secs] 
2021-05-16T18:10:34.213+0800: 0.382: [Full GC (Ergonomics) [PSYoungGen: 18972K->0K(58368K)] [ParOldGen: 154073K->146648K(175104K)] 173046K->146648K(233472K), [Metaspace: 2810K->2810K(1056768K)], 0.0234988 secs] [Times: user=0.13 sys=0.02, real=0.02 secs] 
2021-05-16T18:10:34.243+0800: 0.411: [Full GC (Ergonomics) [PSYoungGen: 29696K->0K(58368K)] [ParOldGen: 146648K->152305K(175104K)] 176344K->152305K(233472K), [Metaspace: 2810K->2810K(1056768K)], 0.0202841 secs] [Times: user=0.09 sys=0.02, real=0.02 secs] 
2021-05-16T18:10:34.269+0800: 0.438: [Full GC (Ergonomics) [PSYoungGen: 29550K->0K(58368K)] [ParOldGen: 152305K->159091K(175104K)] 181856K->159091K(233472K), [Metaspace: 2810K->2810K(1056768K)], 0.0228941 secs] [Times: user=0.13 sys=0.00, real=0.02 secs] 
2021-05-16T18:10:34.297+0800: 0.466: [Full GC (Ergonomics) [PSYoungGen: 29646K->0K(58368K)] [ParOldGen: 159091K->166592K(175104K)] 188738K->166592K(233472K), [Metaspace: 2810K->2810K(1056768K)], 0.0220594 secs] [Times: user=0.20 sys=0.05, real=0.02 secs] 
2021-05-16T18:10:34.323+0800: 0.492: [Full GC (Ergonomics) [PSYoungGen: 29655K->0K(58368K)] [ParOldGen: 166592K->174361K(175104K)] 196248K->174361K(233472K), [Metaspace: 2810K->2810K(1056768K)], 0.0229864 secs] [Times: user=0.13 sys=0.00, real=0.02 secs] 
2021-05-16T18:10:34.351+0800: 0.520: [Full GC (Ergonomics) [PSYoungGen: 29696K->6195K(58368K)] [ParOldGen: 174361K->174502K(175104K)] 204057K->180698K(233472K), [Metaspace: 2810K->2810K(1056768K)], 0.0238826 secs] [Times: user=0.11 sys=0.00, real=0.02 secs] 
2021-05-16T18:10:34.379+0800: 0.547: [Full GC (Ergonomics) [PSYoungGen: 29605K->12303K(58368K)] [ParOldGen: 174502K->174909K(175104K)] 204108K->187212K(233472K), [Metaspace: 2810K->2810K(1056768K)], 0.0242077 secs] [Times: user=0.11 sys=0.00, real=0.02 secs] 
2021-05-16T18:10:34.406+0800: 0.575: [Full GC (Ergonomics) [PSYoungGen: 29625K->16188K(58368K)] [ParOldGen: 174909K->174894K(175104K)] 204535K->191082K(233472K), [Metaspace: 2810K->2810K(1056768K)], 0.0217862 secs] [Times: user=0.23 sys=0.00, real=0.02 secs] 
2021-05-16T18:10:34.431+0800: 0.599: [Full GC (Ergonomics) [PSYoungGen: 29696K->18256K(58368K)] [ParOldGen: 174894K->174341K(175104K)] 204590K->192597K(233472K), [Metaspace: 2810K->2810K(1056768K)], 0.0243492 secs] [Times: user=0.09 sys=0.00, real=0.02 secs] 
2021-05-16T18:10:34.458+0800: 0.626: [Full GC (Ergonomics) [PSYoungGen: 29677K->20566K(58368K)] [ParOldGen: 174341K->174937K(175104K)] 204018K->195504K(233472K), [Metaspace: 2810K->2810K(1056768K)], 0.0218927 secs] [Times: user=0.08 sys=0.02, real=0.02 secs] 
2021-05-16T18:10:34.481+0800: 0.650: [Full GC (Ergonomics) [PSYoungGen: 29672K->21306K(58368K)] [ParOldGen: 174937K->175011K(175104K)] 204610K->196318K(233472K), [Metaspace: 2810K->2810K(1056768K)], 0.0194515 secs] [Times: user=0.11 sys=0.00, real=0.02 secs] 
2021-05-16T18:10:34.502+0800: 0.671: [Full GC (Ergonomics) [PSYoungGen: 29657K->23750K(58368K)] [ParOldGen: 175011K->174774K(175104K)] 204668K->198524K(233472K), [Metaspace: 2810K->2810K(1056768K)], 0.0304913 secs] [Times: user=0.13 sys=0.00, real=0.03 secs] 
2021-05-16T18:10:34.534+0800: 0.703: [Full GC (Ergonomics) [PSYoungGen: 29611K->25511K(58368K)] [ParOldGen: 174774K->174686K(175104K)] 204386K->200198K(233472K), [Metaspace: 2810K->2810K(1056768K)], 0.0304015 secs] [Times: user=0.08 sys=0.00, real=0.03 secs] 
2021-05-16T18:10:34.566+0800: 0.735: [Full GC (Ergonomics) [PSYoungGen: 29499K->25565K(58368K)] [ParOldGen: 174686K->174845K(175104K)] 204185K->200411K(233472K), [Metaspace: 2810K->2810K(1056768K)], 0.0292350 secs] [Times: user=0.09 sys=0.00, real=0.03 secs] 
2021-05-16T18:10:34.597+0800: 0.766: [Full GC (Ergonomics) [PSYoungGen: 29688K->25475K(58368K)] [ParOldGen: 174845K->174718K(175104K)] 204534K->200194K(233472K), [Metaspace: 2810K->2810K(1056768K)], 0.0103261 secs] [Times: user=0.00 sys=0.00, real=0.01 secs] 
2021-05-16T18:10:34.608+0800: 0.777: [Full GC (Ergonomics) [PSYoungGen: 29691K->26258K(58368K)] [ParOldGen: 174718K->174929K(175104K)] 204410K->201187K(233472K), [Metaspace: 2810K->2810K(1056768K)], 0.0283281 secs] [Times: user=0.19 sys=0.00, real=0.03 secs] 
2021-05-16T18:10:34.637+0800: 0.806: [Full GC (Ergonomics) [PSYoungGen: 29643K->26993K(58368K)] [ParOldGen: 174929K->174755K(175104K)] 204572K->201749K(233472K), [Metaspace: 2810K->2810K(1056768K)], 0.0183025 secs] [Times: user=0.09 sys=0.02, real=0.02 secs] 
2021-05-16T18:10:34.656+0800: 0.825: [Full GC (Ergonomics) [PSYoungGen: 29637K->25887K(58368K)] [ParOldGen: 174755K->174975K(175104K)] 204393K->200863K(233472K), [Metaspace: 2810K->2810K(1056768K)], 0.0271533 secs] [Times: user=0.16 sys=0.00, real=0.03 secs] 
2021-05-16T18:10:34.684+0800: 0.853: [Full GC (Ergonomics) [PSYoungGen: 29623K->26584K(58368K)] [ParOldGen: 174975K->174437K(175104K)] 204599K->201022K(233472K), [Metaspace: 2810K->2810K(1056768K)], 0.0224716 secs] [Times: user=0.13 sys=0.00, real=0.02 secs] 
2021-05-16T18:10:34.708+0800: 0.876: [Full GC (Ergonomics) [PSYoungGen: 29657K->26510K(58368K)] [ParOldGen: 174437K->174959K(175104K)] 204095K->201469K(233472K), [Metaspace: 2810K->2810K(1056768K)], 0.0307149 secs] [Times: user=0.06 sys=0.00, real=0.03 secs] 
2021-05-16T18:10:34.739+0800: 0.908: [Full GC (Ergonomics) [PSYoungGen: 29431K->26214K(58368K)] [ParOldGen: 174959K->174569K(175104K)] 204390K->200783K(233472K), [Metaspace: 2810K->2810K(1056768K)], 0.0256715 secs] [Times: user=0.13 sys=0.00, real=0.03 secs] 
2021-05-16T18:10:34.766+0800: 0.934: [Full GC (Ergonomics) [PSYoungGen: 29512K->26866K(58368K)] [ParOldGen: 174569K->174964K(175104K)] 204081K->201831K(233472K), [Metaspace: 2810K->2810K(1056768K)], 0.0333975 secs] [Times: user=0.16 sys=0.00, real=0.03 secs] 
2021-05-16T18:10:34.800+0800: 0.968: [Full GC (Ergonomics) [PSYoungGen: 29558K->27816K(58368K)] [ParOldGen: 174964K->174653K(175104K)] 204523K->202470K(233472K), [Metaspace: 2810K->2810K(1056768K)], 0.0306144 secs] [Times: user=0.06 sys=0.00, real=0.03 secs] 
2021-05-16T18:10:34.831+0800: 1.000: [Full GC (Ergonomics) [PSYoungGen: 29516K->28577K(58368K)] [ParOldGen: 174653K->174734K(175104K)] 204170K->203312K(233472K), [Metaspace: 2810K->2810K(1056768K)], 0.0310897 secs] [Times: user=0.06 sys=0.02, real=0.03 secs] 
2021-05-16T18:10:34.863+0800: 1.032: [Full GC (Ergonomics) [PSYoungGen: 29647K->28686K(58368K)] [ParOldGen: 174734K->174995K(175104K)] 204381K->203682K(233472K), [Metaspace: 2810K->2810K(1056768K)], 0.0315100 secs] [Times: user=0.06 sys=0.00, real=0.03 secs] 
2021-05-16T18:10:34.895+0800: 1.064: [Full GC (Ergonomics) [PSYoungGen: 29635K->28766K(58368K)] [ParOldGen: 174995K->174995K(175104K)] 204630K->203761K(233472K), [Metaspace: 2810K->2810K(1056768K)], 0.0056129 secs] [Times: user=0.00 sys=0.00, real=0.01 secs] 
2021-05-16T18:10:34.901+0800: 1.070: [Full GC (Ergonomics) [PSYoungGen: 29574K->28964K(58368K)] [ParOldGen: 174995K->174995K(175104K)] 204569K->203959K(233472K), [Metaspace: 2810K->2810K(1056768K)], 0.0039040 secs] [Times: user=0.00 sys=0.00, real=0.00 secs] 
2021-05-16T18:10:34.906+0800: 1.075: [Full GC (Ergonomics) [PSYoungGen: 29630K->28928K(58368K)] [ParOldGen: 174995K->174995K(175104K)] 204625K->203923K(233472K), [Metaspace: 2810K->2810K(1056768K)], 0.0061079 secs] [Times: user=0.02 sys=0.02, real=0.01 secs] 
2021-05-16T18:10:34.913+0800: 1.081: [Full GC (Ergonomics) [PSYoungGen: 29678K->29098K(58368K)] [ParOldGen: 174995K->174995K(175104K)] 204673K->204094K(233472K), [Metaspace: 2810K->2810K(1056768K)], 0.0062228 secs] [Times: user=0.00 sys=0.00, real=0.01 secs] 
2021-05-16T18:10:34.919+0800: 1.088: [Full GC (Ergonomics) [PSYoungGen: 29552K->29134K(58368K)] [ParOldGen: 174995K->174995K(175104K)] 204547K->204130K(233472K), [Metaspace: 2810K->2810K(1056768K)], 0.0032506 secs] [Times: user=0.00 sys=0.00, real=0.00 secs] 
2021-05-16T18:10:34.923+0800: 1.092: [Full GC (Ergonomics) [PSYoungGen: 29583K->29350K(58368K)] [ParOldGen: 174995K->174995K(175104K)] 204578K->204346K(233472K), [Metaspace: 2810K->2810K(1056768K)], 0.0036087 secs] [Times: user=0.02 sys=0.00, real=0.00 secs] 
2021-05-16T18:10:34.927+0800: 1.096: [Full GC (Ergonomics) [PSYoungGen: 29662K->29134K(58368K)] [ParOldGen: 174995K->174995K(175104K)] 204658K->204130K(233472K), [Metaspace: 2810K->2810K(1056768K)], 0.0038263 secs] [Times: user=0.00 sys=0.00, real=0.00 secs] 
2021-05-16T18:10:34.931+0800: 1.100: [Full GC (Ergonomics) [PSYoungGen: 29640K->28586K(58368K)] [ParOldGen: 174995K->174639K(175104K)] 204635K->203225K(233472K), [Metaspace: 2810K->2810K(1056768K)], 0.0244284 secs] [Times: user=0.08 sys=0.00, real=0.03 secs] 
2021-05-16T18:10:34.956+0800: 1.125: [Full GC (Ergonomics) [PSYoungGen: 29679K->28743K(58368K)] [ParOldGen: 174639K->174639K(175104K)] 204318K->203382K(233472K), [Metaspace: 2810K->2810K(1056768K)], 0.0030023 secs] [Times: user=0.00 sys=0.00, real=0.00 secs] 
2021-05-16T18:10:34.959+0800: 1.128: [Full GC (Ergonomics) [PSYoungGen: 29653K->28707K(58368K)] [ParOldGen: 174639K->175020K(175104K)] 204292K->203728K(233472K), [Metaspace: 2810K->2810K(1056768K)], 0.0335455 secs] [Times: user=0.13 sys=0.00, real=0.03 secs] 
Heap
 PSYoungGen      total 58368K, used 29696K [0x00000000fab00000, 0x0000000100000000, 0x0000000100000000)
  eden space 29696K, 100% used [0x00000000fab00000,0x00000000fc800000,0x00000000fc800000)
  from space 28672K, 0% used [0x00000000fe400000,0x00000000fe400000,0x0000000100000000)
  to   space 28672K, 0% used [0x00000000fc800000,0x00000000fc800000,0x00000000fe400000)
 ParOldGen       total 175104K, used 175020K [0x00000000f0000000, 0x00000000fab00000, 0x00000000fab00000)
  object space 175104K, 99% used [0x00000000f0000000,0x00000000faaeb3f0,0x00000000fab00000)
 Metaspace       used 2816K, capacity 4486K, committed 4864K, reserved 1056768K
  class space    used 304K, capacity 386K, committed 512K, reserved 1048576K
