Java HotSpot(TM) 64-Bit Server VM (25.162-b12) for windows-amd64 JRE (1.8.0_162-b12), built on Dec 19 2017 20:00:03 by "java_re" with MS VC++ 10.0 (VS2010)
Memory: 4k page, physical 16452116k(6950476k free), swap 24316436k(9253116k free)
CommandLine flags: -XX:InitialHeapSize=1073741824 -XX:MaxHeapSize=1073741824 -XX:+PrintGC -XX:+PrintGCDateStamps -XX:+PrintGCDetails -XX:+PrintGCTimeStamps -XX:+UseCompressedClassPointers -XX:+UseCompressedOops -XX:-UseLargePagesIndividualAllocation -XX:+UseSerialGC 
2021-05-16T17:54:43.823+0800: 0.413: [GC (Allocation Failure) 2021-05-16T17:54:43.823+0800: 0.413: [DefNew: 279001K->34943K(314560K), 0.0650400 secs] 279001K->85010K(1013632K), 0.0652544 secs] [Times: user=0.00 sys=0.06, real=0.07 secs] 
2021-05-16T17:54:43.945+0800: 0.535: [GC (Allocation Failure) 2021-05-16T17:54:43.945+0800: 0.535: [DefNew: 314559K->34943K(314560K), 0.0982275 secs] 364626K->173677K(1013632K), 0.0982942 secs] [Times: user=0.08 sys=0.03, real=0.10 secs] 
2021-05-16T17:54:44.092+0800: 0.682: [GC (Allocation Failure) 2021-05-16T17:54:44.092+0800: 0.682: [DefNew: 314559K->34943K(314560K), 0.0634333 secs] 453293K->248008K(1013632K), 0.0635406 secs] [Times: user=0.06 sys=0.00, real=0.06 secs] 
2021-05-16T17:54:44.199+0800: 0.789: [GC (Allocation Failure) 2021-05-16T17:54:44.199+0800: 0.789: [DefNew: 314559K->34943K(314560K), 0.0711535 secs] 527624K->331891K(1013632K), 0.0712282 secs] [Times: user=0.00 sys=0.06, real=0.07 secs] 
2021-05-16T17:54:44.318+0800: 0.908: [GC (Allocation Failure) 2021-05-16T17:54:44.318+0800: 0.908: [DefNew: 314559K->34943K(314560K), 0.0634947 secs] 611507K->409042K(1013632K), 0.0636049 secs] [Times: user=0.03 sys=0.03, real=0.06 secs] 
2021-05-16T17:54:44.436+0800: 1.026: [GC (Allocation Failure) 2021-05-16T17:54:44.436+0800: 1.026: [DefNew: 314559K->34942K(314560K), 0.0690413 secs] 688658K->486287K(1013632K), 0.0691261 secs] [Times: user=0.03 sys=0.03, real=0.07 secs] 
2021-05-16T17:54:44.558+0800: 1.148: [GC (Allocation Failure) 2021-05-16T17:54:44.558+0800: 1.148: [DefNew: 314558K->34943K(314560K), 0.0669081 secs] 765903K->560896K(1013632K), 0.0669858 secs] [Times: user=0.05 sys=0.02, real=0.07 secs] 
Heap
 def new generation   total 314560K, used 46469K [0x00000000c0000000, 0x00000000d5550000, 0x00000000d5550000)
  eden space 279616K,   4% used [0x00000000c0000000, 0x00000000c0b41528, 0x00000000d1110000)
  from space 34944K,  99% used [0x00000000d3330000, 0x00000000d554fff8, 0x00000000d5550000)
  to   space 34944K,   0% used [0x00000000d1110000, 0x00000000d1110000, 0x00000000d3330000)
 tenured generation   total 699072K, used 525952K [0x00000000d5550000, 0x0000000100000000, 0x0000000100000000)
   the space 699072K,  75% used [0x00000000d5550000, 0x00000000f56f0130, 0x00000000f56f0200, 0x0000000100000000)
 Metaspace       used 2817K, capacity 4486K, committed 4864K, reserved 1056768K
  class space    used 304K, capacity 386K, committed 512K, reserved 1048576K
