Java HotSpot(TM) 64-Bit Server VM (25.162-b12) for windows-amd64 JRE (1.8.0_162-b12), built on Dec 19 2017 20:00:03 by "java_re" with MS VC++ 10.0 (VS2010)
Memory: 4k page, physical 16452116k(6759964k free), swap 24316436k(9261128k free)
CommandLine flags: -XX:InitialHeapSize=268435456 -XX:MaxHeapSize=268435456 -XX:+PrintGC -XX:+PrintGCDateStamps -XX:+PrintGCDetails -XX:+PrintGCTimeStamps -XX:+UseCompressedClassPointers -XX:+UseCompressedOops -XX:-UseLargePagesIndividualAllocation -XX:+UseSerialGC 
2021-05-16T17:53:19.032+0800: 0.231: [GC (Allocation Failure) 2021-05-16T17:53:19.038+0800: 0.237: [DefNew: 69218K->8704K(78656K), 0.0220408 secs] 69218K->25778K(253440K), 0.0280961 secs] [Times: user=0.03 sys=0.00, real=0.03 secs] 
2021-05-16T17:53:19.077+0800: 0.276: [GC (Allocation Failure) 2021-05-16T17:53:19.077+0800: 0.276: [DefNew: 78656K->8702K(78656K), 0.0262406 secs] 95730K->48944K(253440K), 0.0263643 secs] [Times: user=0.00 sys=0.03, real=0.03 secs] 
2021-05-16T17:53:19.115+0800: 0.314: [GC (Allocation Failure) 2021-05-16T17:53:19.115+0800: 0.314: [DefNew: 78625K->8702K(78656K), 0.0195007 secs] 118867K->68425K(253440K), 0.0195843 secs] [Times: user=0.03 sys=0.00, real=0.02 secs] 
2021-05-16T17:53:19.145+0800: 0.344: [GC (Allocation Failure) 2021-05-16T17:53:19.145+0800: 0.344: [DefNew: 78561K->8703K(78656K), 0.0174019 secs] 138284K->90691K(253440K), 0.0174721 secs] [Times: user=0.01 sys=0.00, real=0.02 secs] 
2021-05-16T17:53:19.175+0800: 0.374: [GC (Allocation Failure) 2021-05-16T17:53:19.175+0800: 0.374: [DefNew: 77945K->8703K(78656K), 0.0197866 secs] 159934K->114521K(253440K), 0.0199132 secs] [Times: user=0.01 sys=0.00, real=0.02 secs] 
2021-05-16T17:53:19.208+0800: 0.407: [GC (Allocation Failure) 2021-05-16T17:53:19.208+0800: 0.407: [DefNew: 78655K->8703K(78656K), 0.0211377 secs] 184473K->140141K(253440K), 0.0212066 secs] [Times: user=0.02 sys=0.02, real=0.02 secs] 
2021-05-16T17:53:19.239+0800: 0.438: [GC (Allocation Failure) 2021-05-16T17:53:19.239+0800: 0.438: [DefNew: 78655K->8703K(78656K), 0.0180520 secs] 210093K->162006K(253440K), 0.0181371 secs] [Times: user=0.02 sys=0.00, real=0.02 secs] 
2021-05-16T17:53:19.269+0800: 0.468: [GC (Allocation Failure) 2021-05-16T17:53:19.269+0800: 0.468: [DefNew: 78357K->78357K(78656K), 0.0000157 secs]2021-05-16T17:53:19.269+0800: 0.468: [Tenured: 153303K->158583K(174784K), 0.0284372 secs] 231661K->158583K(253440K), [Metaspace: 2810K->2810K(1056768K)], 0.0285426 secs] [Times: user=0.03 sys=0.00, real=0.03 secs] 
2021-05-16T17:53:19.310+0800: 0.509: [GC (Allocation Failure) 2021-05-16T17:53:19.310+0800: 0.509: [DefNew: 69910K->69910K(78656K), 0.0000163 secs]2021-05-16T17:53:19.310+0800: 0.509: [Tenured: 158583K->173298K(174784K), 0.0315930 secs] 228493K->173298K(253440K), [Metaspace: 2810K->2810K(1056768K)], 0.0317133 secs] [Times: user=0.03 sys=0.00, real=0.03 secs] 
2021-05-16T17:53:19.352+0800: 0.551: [GC (Allocation Failure) 2021-05-16T17:53:19.352+0800: 0.551: [DefNew: 69952K->69952K(78656K), 0.0000170 secs]2021-05-16T17:53:19.352+0800: 0.551: [Tenured: 173298K->174759K(174784K), 0.0281958 secs] 243250K->182388K(253440K), [Metaspace: 2810K->2810K(1056768K)], 0.0282918 secs] [Times: user=0.03 sys=0.00, real=0.03 secs] 
2021-05-16T17:53:19.393+0800: 0.592: [Full GC (Allocation Failure) 2021-05-16T17:53:19.393+0800: 0.593: [Tenured: 174759K->174697K(174784K), 0.0314737 secs] 253272K->186942K(253440K), [Metaspace: 2810K->2810K(1056768K)], 0.0315558 secs] [Times: user=0.03 sys=0.00, real=0.03 secs] 
2021-05-16T17:53:19.436+0800: 0.635: [Full GC (Allocation Failure) 2021-05-16T17:53:19.436+0800: 0.635: [Tenured: 174697K->174697K(174784K), 0.0070228 secs] 252621K->209459K(253440K), [Metaspace: 2810K->2810K(1056768K)], 0.0070942 secs] [Times: user=0.00 sys=0.00, real=0.01 secs] 
2021-05-16T17:53:19.449+0800: 0.648: [Full GC (Allocation Failure) 2021-05-16T17:53:19.449+0800: 0.648: [Tenured: 174697K->174765K(174784K), 0.0234877 secs] 253220K->218336K(253440K), [Metaspace: 2810K->2810K(1056768K)], 0.0235709 secs] [Times: user=0.02 sys=0.00, real=0.02 secs] 
2021-05-16T17:53:19.477+0800: 0.677: [Full GC (Allocation Failure) 2021-05-16T17:53:19.477+0800: 0.677: [Tenured: 174765K->174393K(174784K), 0.0295456 secs] 253226K->225712K(253440K), [Metaspace: 2810K->2810K(1056768K)], 0.0296596 secs] [Times: user=0.03 sys=0.00, real=0.03 secs] 
2021-05-16T17:53:19.511+0800: 0.711: [Full GC (Allocation Failure) 2021-05-16T17:53:19.511+0800: 0.711: [Tenured: 174393K->174621K(174784K), 0.0392381 secs] 252994K->222158K(253440K), [Metaspace: 2810K->2810K(1056768K)], 0.0393173 secs] [Times: user=0.02 sys=0.00, real=0.04 secs] 
2021-05-16T17:53:19.555+0800: 0.754: [Full GC (Allocation Failure) 2021-05-16T17:53:19.555+0800: 0.754: [Tenured: 174621K->174700K(174784K), 0.0111079 secs] 253010K->231330K(253440K), [Metaspace: 2810K->2810K(1056768K)], 0.0111893 secs] [Times: user=0.01 sys=0.00, real=0.01 secs] 
2021-05-16T17:53:19.570+0800: 0.769: [Full GC (Allocation Failure) 2021-05-16T17:53:19.570+0800: 0.769: [Tenured: 174700K->174700K(174784K), 0.0094904 secs] 253245K->237140K(253440K), [Metaspace: 2810K->2810K(1056768K)], 0.0095829 secs] [Times: user=0.02 sys=0.00, real=0.01 secs] 
2021-05-16T17:53:19.583+0800: 0.782: [Full GC (Allocation Failure) 2021-05-16T17:53:19.583+0800: 0.782: [Tenured: 174700K->174772K(174784K), 0.0162382 secs] 252758K->239538K(253440K), [Metaspace: 2810K->2810K(1056768K)], 0.0163364 secs] [Times: user=0.01 sys=0.00, real=0.02 secs] 
2021-05-16T17:53:19.601+0800: 0.800: [Full GC (Allocation Failure) 2021-05-16T17:53:19.601+0800: 0.800: [Tenured: 174772K->174632K(174784K), 0.0360425 secs] 252995K->235943K(253440K), [Metaspace: 2810K->2810K(1056768K)], 0.0361056 secs] [Times: user=0.05 sys=0.00, real=0.04 secs] 
2021-05-16T17:53:19.641+0800: 0.840: [Full GC (Allocation Failure) 2021-05-16T17:53:19.641+0800: 0.840: [Tenured: 174632K->174632K(174784K), 0.0131206 secs] 253236K->239931K(253440K), [Metaspace: 2810K->2810K(1056768K)], 0.0131933 secs] [Times: user=0.02 sys=0.00, real=0.01 secs] 
2021-05-16T17:53:19.658+0800: 0.857: [Full GC (Allocation Failure) 2021-05-16T17:53:19.658+0800: 0.857: [Tenured: 174632K->174632K(174784K), 0.0102270 secs] 253002K->243338K(253440K), [Metaspace: 2810K->2810K(1056768K)], 0.0103191 secs] [Times: user=0.02 sys=0.00, real=0.01 secs] 
2021-05-16T17:53:19.670+0800: 0.869: [Full GC (Allocation Failure) 2021-05-16T17:53:19.670+0800: 0.869: [Tenured: 174632K->174632K(174784K), 0.0101085 secs] 253109K->245217K(253440K), [Metaspace: 2810K->2810K(1056768K)], 0.0101709 secs] [Times: user=0.00 sys=0.00, real=0.01 secs] 
2021-05-16T17:53:19.682+0800: 0.881: [Full GC (Allocation Failure) 2021-05-16T17:53:19.682+0800: 0.881: [Tenured: 174632K->174434K(174784K), 0.0401600 secs] 253275K->239508K(253440K), [Metaspace: 2810K->2810K(1056768K)], 0.0402203 secs] [Times: user=0.03 sys=0.00, real=0.04 secs] 
2021-05-16T17:53:19.725+0800: 0.924: [Full GC (Allocation Failure) 2021-05-16T17:53:19.725+0800: 0.924: [Tenured: 174434K->174434K(174784K), 0.0060601 secs] 253054K->242947K(253440K), [Metaspace: 2810K->2810K(1056768K)], 0.0061283 secs] [Times: user=0.01 sys=0.00, real=0.01 secs] 
2021-05-16T17:53:19.733+0800: 0.932: [Full GC (Allocation Failure) 2021-05-16T17:53:19.733+0800: 0.932: [Tenured: 174434K->174434K(174784K), 0.0135909 secs] 252556K->247998K(253440K), [Metaspace: 2810K->2810K(1056768K)], 0.0137051 secs] [Times: user=0.02 sys=0.00, real=0.01 secs] 
2021-05-16T17:53:19.747+0800: 0.946: [Full GC (Allocation Failure) 2021-05-16T17:53:19.747+0800: 0.946: [Tenured: 174717K->174717K(174784K), 0.0124117 secs] 253369K->249979K(253440K), [Metaspace: 2810K->2810K(1056768K)], 0.0124860 secs] [Times: user=0.02 sys=0.00, real=0.01 secs] 
2021-05-16T17:53:19.760+0800: 0.960: [Full GC (Allocation Failure) 2021-05-16T17:53:19.760+0800: 0.960: [Tenured: 174717K->174405K(174784K), 0.0406865 secs] 253283K->246696K(253440K), [Metaspace: 2810K->2810K(1056768K)], 0.0407469 secs] [Times: user=0.03 sys=0.00, real=0.04 secs] 
2021-05-16T17:53:19.802+0800: 1.001: [Full GC (Allocation Failure) 2021-05-16T17:53:19.802+0800: 1.001: [Tenured: 174405K->174405K(174784K), 0.0060185 secs] 253018K->248680K(253440K), [Metaspace: 2810K->2810K(1056768K)], 0.0061440 secs] [Times: user=0.02 sys=0.00, real=0.01 secs] 
2021-05-16T17:53:19.809+0800: 1.008: [Full GC (Allocation Failure) 2021-05-16T17:53:19.809+0800: 1.008: [Tenured: 174693K->174693K(174784K), 0.0021341 secs] 253273K->250290K(253440K), [Metaspace: 2810K->2810K(1056768K)], 0.0021797 secs] [Times: user=0.00 sys=0.00, real=0.00 secs] 
2021-05-16T17:53:19.812+0800: 1.011: [Full GC (Allocation Failure) 2021-05-16T17:53:19.812+0800: 1.011: [Tenured: 174693K->174693K(174784K), 0.0097960 secs] 253266K->250982K(253440K), [Metaspace: 2810K->2810K(1056768K)], 0.0098627 secs] [Times: user=0.01 sys=0.00, real=0.01 secs] 
2021-05-16T17:53:19.823+0800: 1.022: [Full GC (Allocation Failure) 2021-05-16T17:53:19.823+0800: 1.022: [Tenured: 174693K->174701K(174784K), 0.0432552 secs] 253170K->248922K(253440K), [Metaspace: 2810K->2810K(1056768K)], 0.0433312 secs] [Times: user=0.03 sys=0.00, real=0.04 secs] 
2021-05-16T17:53:19.868+0800: 1.067: [Full GC (Allocation Failure) 2021-05-16T17:53:19.868+0800: 1.067: [Tenured: 174737K->174737K(174784K), 0.0060194 secs] 253381K->250489K(253440K), [Metaspace: 2810K->2810K(1056768K)], 0.0060949 secs] [Times: user=0.00 sys=0.00, real=0.01 secs] 
2021-05-16T17:53:19.875+0800: 1.074: [Full GC (Allocation Failure) 2021-05-16T17:53:19.875+0800: 1.074: [Tenured: 174737K->174737K(174784K), 0.0042613 secs] 253024K->250593K(253440K), [Metaspace: 2810K->2810K(1056768K)], 0.0043480 secs] [Times: user=0.00 sys=0.00, real=0.00 secs] 
2021-05-16T17:53:19.880+0800: 1.080: [Full GC (Allocation Failure) 2021-05-16T17:53:19.880+0800: 1.080: [Tenured: 174737K->174737K(174784K), 0.0151358 secs] 253347K->251719K(253440K), [Metaspace: 2810K->2810K(1056768K)], 0.0152252 secs] [Times: user=0.02 sys=0.00, real=0.02 secs] 
2021-05-16T17:53:19.896+0800: 1.095: [Full GC (Allocation Failure) 2021-05-16T17:53:19.896+0800: 1.095: [Tenured: 174737K->174550K(174784K), 0.0442636 secs] 253370K->250781K(253440K), [Metaspace: 2810K->2810K(1056768K)], 0.0444080 secs] [Times: user=0.05 sys=0.00, real=0.05 secs] 
2021-05-16T17:53:19.942+0800: 1.141: [Full GC (Allocation Failure) 2021-05-16T17:53:19.942+0800: 1.141: [Tenured: 174550K->174550K(174784K), 0.0114836 secs] 252799K->250703K(253440K), [Metaspace: 2810K->2810K(1056768K)], 0.0116030 secs] [Times: user=0.01 sys=0.00, real=0.01 secs] 
2021-05-16T17:53:19.954+0800: 1.153: [Full GC (Allocation Failure) 2021-05-16T17:53:19.954+0800: 1.153: [Tenured: 174694K->174694K(174784K), 0.0071037 secs] 253238K->251683K(253440K), [Metaspace: 2810K->2810K(1056768K)], 0.0071856 secs] [Times: user=0.00 sys=0.00, real=0.01 secs] 
2021-05-16T17:53:19.962+0800: 1.161: [Full GC (Allocation Failure) 2021-05-16T17:53:19.962+0800: 1.161: [Tenured: 174694K->174694K(174784K), 0.0143616 secs] 252895K->251639K(253440K), [Metaspace: 2810K->2810K(1056768K)], 0.0144276 secs] [Times: user=0.00 sys=0.00, real=0.01 secs] 
Heap
 def new generation   total 78656K, used 77718K [0x00000000f0000000, 0x00000000f5550000, 0x00000000f5550000)
  eden space 69952K, 100% used [0x00000000f0000000, 0x00000000f4450000, 0x00000000f4450000)
  from space 8704K,  89% used [0x00000000f4cd0000, 0x00000000f5465bf8, 0x00000000f5550000)
  to   space 8704K,   0% used [0x00000000f4450000, 0x00000000f4450000, 0x00000000f4cd0000)
 tenured generation   total 174784K, used 174694K [0x00000000f5550000, 0x0000000100000000, 0x0000000100000000)
   the space 174784K,  99% used [0x00000000f5550000, 0x00000000fffe9af0, 0x00000000fffe9c00, 0x0000000100000000)
 Metaspace       used 2817K, capacity 4486K, committed 4864K, reserved 1056768K
  class space    used 304K, capacity 386K, committed 512K, reserved 1048576K
